This is pdfTeX, Version 3.141592653-2.6-1.40.25 (TeX Live 2023/Debian) (preloaded format=pdflatex 2026.4.21)  27 MAY 2026 12:20
entering extended mode
 restricted \write18 enabled.
 file:line:error style messages enabled.
 %&-line parsing enabled.
**/home/des/ExProgrammeren/Report/Exam_Programming.tex
(/home/des/ExProgrammeren/Report/Exam_Programming.tex
LaTeX2e <2023-11-01> patch level 1
L3 programming layer <2024-01-22>
(./uantwerpenbamathesis.cls
Document Class: uantwerpenbamathesis 2022/08/22 v4.4 .dtx skeleton file
(./uantwerpencommonoptions.clo
File: uantwerpencommonoptions.clo 
\logounitheight=\skip48
) (/usr/share/texlive/texmf-dist/tex/latex/koma-script/scrbook.cls
Document Class: scrbook 2023/07/07 v3.41 KOMA-Script document class (book)
(/usr/share/texlive/texmf-dist/tex/latex/koma-script/scrkbase.sty
Package: scrkbase 2023/07/07 v3.41 KOMA-Script package (KOMA-Script-dependent basics and keyval usage)
 (/usr/share/texlive/texmf-dist/tex/latex/koma-script/scrbase.sty
Package: scrbase 2023/07/07 v3.41 KOMA-Script package (KOMA-Script-independent basics and keyval usage)
 (/usr/share/texlive/texmf-dist/tex/latex/koma-script/scrlfile.sty
Package: scrlfile 2023/07/07 v3.41 KOMA-Script package (file load hooks)
 (/usr/share/texlive/texmf-dist/tex/latex/koma-script/scrlfile-hook.sty
Package: scrlfile-hook 2023/07/07 v3.41 KOMA-Script package (using LaTeX hooks)
 (/usr/share/texlive/texmf-dist/tex/latex/koma-script/scrlogo.sty
Package: scrlogo 2023/07/07 v3.41 KOMA-Script package (logo)
))) (/usr/share/texlive/texmf-dist/tex/latex/graphics/keyval.sty
Package: keyval 2022/05/29 v1.15 key=value parser (DPC)
\KV@toks@=\toks17
)
Applying: [2021/05/01] Usage of raw or classic option list on input line 252.
Already applied: [0000/00/00] Usage of raw or classic option list on input line 368.
)) (/usr/share/texlive/texmf-dist/tex/latex/koma-script/tocbasic.sty
Package: tocbasic 2023/07/07 v3.41 KOMA-Script package (handling toc-files)
\scr@dte@tocline@numberwidth=\skip49
\scr@dte@tocline@numbox=\box51
)
Package tocbasic Info: omitting babel extension for `toc'
(tocbasic)             because of feature `nobabel' available
(tocbasic)             for `toc' on input line 135.
Class scrbook Info: You've used standard option `openright'.
(scrbook)           This is correct!
(scrbook)           Internally I'm using `open=right'.
(scrbook)           If you'd like to set the option with \KOMAoptions,
(scrbook)           you'd have to use `open=right' there
(scrbook)           instead of `openright', too.
Package scrbook Info: You've used standard option `11pt'.
(scrbook)             This is correct!
(scrbook)             Internally I'm using `fontsize=11pt'.
(scrbook)             If you'd like to set the option with \KOMAoptions,
(scrbook)             you'd have to use `fontsize=11pt' there
(scrbook)             instead of `11pt', too.
Class scrbook Info: File `scrsize11pt.clo' used to setup font sizes on input line 2691.
 (/usr/share/texlive/texmf-dist/tex/latex/koma-script/scrsize11pt.clo
File: scrsize11pt.clo 2023/07/07 v3.41 KOMA-Script font size class option (11pt)
) (/usr/share/texlive/texmf-dist/tex/latex/koma-script/typearea.sty
Package: typearea 2023/07/07 v3.41 KOMA-Script package (type area)
\ta@bcor=\skip50
\ta@div=\count187
Package typearea Info: You've used standard option `a4paper'.
(typearea)             This is correct!
(typearea)             Internally I'm using `paper=a4'.
(typearea)             If you'd like to set the option with \KOMAoptions,
(typearea)             you'd have to use `paper=a4' there
(typearea)             instead of `a4paper', too.
\ta@hblk=\skip51
\ta@vblk=\skip52
\ta@temp=\skip53
\footheight=\skip54
Package typearea Info: These are the values describing the layout:
(typearea)             DIV  = 10
(typearea)             BCOR = 0.0pt
(typearea)             \paperwidth      = 597.50793pt
(typearea)              \textwidth      = 418.25555pt
(typearea)              DIV departure   = -6%
(typearea)              \evensidemargin = 47.2316pt
(typearea)              \oddsidemargin  = -12.5192pt
(typearea)             \paperheight     = 845.04694pt
(typearea)              \textheight     = 595.80026pt
(typearea)              \topmargin      = -25.16531pt
(typearea)              \headheight     = 17.0pt
(typearea)              \headsep        = 20.40001pt
(typearea)              \topskip        = 11.0pt
(typearea)              \footskip       = 47.6pt
(typearea)              \baselineskip   = 13.6pt
(typearea)              on input line 1799.
)
\c@part=\count188
\c@chapter=\count189
\c@section=\count190
\c@subsection=\count191
\c@subsubsection=\count192
\c@paragraph=\count193
\c@subparagraph=\count194
\scr@dte@chapter@maxnumwidth=\skip55
Class scrbook Info: using compatibility default `afterindent=bysign'
(scrbook)           for `\chapter on input line 5990.
\scr@dte@section@maxnumwidth=\skip56
Class scrbook Info: using compatibility default `runin=bysign'
(scrbook)           for `\section on input line 6001.
Class scrbook Info: using compatibility default `afterindent=bysign'
(scrbook)           for `\section on input line 6001.
\scr@dte@part@maxnumwidth=\skip57
Class scrbook Info: using compatibility default `afterindent=true'
(scrbook)           for `\part on input line 6010.
\scr@dte@subsection@maxnumwidth=\skip58
Class scrbook Info: using compatibility default `runin=bysign'
(scrbook)           for `\subsection on input line 6020.
Class scrbook Info: using compatibility default `afterindent=bysign'
(scrbook)           for `\subsection on input line 6020.
\scr@dte@subsubsection@maxnumwidth=\skip59
Class scrbook Info: using compatibility default `runin=bysign'
(scrbook)           for `\subsubsection on input line 6030.
Class scrbook Info: using compatibility default `afterindent=bysign'
(scrbook)           for `\subsubsection on input line 6030.
\scr@dte@paragraph@maxnumwidth=\skip60
Class scrbook Info: using compatibility default `runin=bysign'
(scrbook)           for `\paragraph on input line 6041.
Class scrbook Info: using compatibility default `afterindent=bysign'
(scrbook)           for `\paragraph on input line 6041.
\scr@dte@subparagraph@maxnumwidth=\skip61
Class scrbook Info: using compatibility default `runin=bysign'
(scrbook)           for `\subparagraph on input line 6051.
Class scrbook Info: using compatibility default `afterindent=bysign'
(scrbook)           for `\subparagraph on input line 6051.
\abovecaptionskip=\skip62
\belowcaptionskip=\skip63
\c@pti@nb@sid@b@x=\box52
Package tocbasic Info: omitting babel extension for `lof'
(tocbasic)             because of feature `nobabel' available
(tocbasic)             for `lof' on input line 7242.
\scr@dte@figure@maxnumwidth=\skip64
\c@figure=\count195
Package tocbasic Info: omitting babel extension for `lot'
(tocbasic)             because of feature `nobabel' available
(tocbasic)             for `lot' on input line 7259.
\scr@dte@table@maxnumwidth=\skip65
\c@table=\count196
Class scrbook Info: Redefining `\numberline' on input line 7430.
\bibindent=\dimen140
) (/usr/share/texlive/texmf-dist/tex/latex/geometry/geometry.sty
Package: geometry 2020/01/02 v5.9 Page Geometry
 (/usr/share/texlive/texmf-dist/tex/generic/iftex/ifvtex.sty
Package: ifvtex 2019/10/25 v1.7 ifvtex legacy package. Use iftex instead.
 (/usr/share/texlive/texmf-dist/tex/generic/iftex/iftex.sty
Package: iftex 2022/02/03 v1.0f TeX engine tests
))
\Gm@cnth=\count197
\Gm@cntv=\count198
\c@Gm@tempcnt=\count199
\Gm@bindingoffset=\dimen141
\Gm@wd@mp=\dimen142
\Gm@odd@mp=\dimen143
\Gm@even@mp=\dimen144
\Gm@layoutwidth=\dimen145
\Gm@layoutheight=\dimen146
\Gm@layouthoffset=\dimen147
\Gm@layoutvoffset=\dimen148
\Gm@dimlist=\toks18
) (/usr/share/texlive/texmf-dist/tex/latex/l3kernel/expl3.sty
Package: expl3 2024-01-22 L3 programming layer (loader) 
 (/usr/share/texlive/texmf-dist/tex/latex/l3backend/l3backend-pdftex.def
File: l3backend-pdftex.def 2024-01-04 L3 backend support: PDF output (pdfTeX)
\l__color_backend_stack_int=\count266
\l__pdf_internal_box=\box53
)) (/usr/share/texlive/texmf-dist/tex/latex/l3packages/xparse/xparse.sty
Package: xparse 2023-10-10 L3 Experimental document command parser
) (/usr/share/texlive/texmf-dist/tex/generic/xstring/xstring.sty (/usr/share/texlive/texmf-dist/tex/generic/xstring/xstring.tex
\xs_counta=\count267
\xs_countb=\count268
)
Package: xstring 2023/08/22 v1.86 String manipulations (CT)
) (/usr/share/texlive/texmf-dist/tex/latex/etoolbox/etoolbox.sty
Package: etoolbox 2020/10/05 v2.5k e-TeX tools for LaTeX (JAW)
\etb@tempcnta=\count269
) (/usr/share/texlive/texmf-dist/tex/latex/base/ifthen.sty
Package: ifthen 2022/04/13 v1.1d Standard LaTeX ifthen package (DPC)
) (/usr/share/texlive/texmf-dist/tex/latex/tools/shellesc.sty
Package: shellesc 2023/07/08 v1.0d unified shell escape interface for LaTeX
Package shellesc Info: Restricted shell escape enabled on input line 77.
) (/usr/share/texlive/texmf-dist/tex/latex/graphics/graphicx.sty
Package: graphicx 2021/09/16 v1.2d Enhanced LaTeX Graphics (DPC,SPQR)
 (/usr/share/texlive/texmf-dist/tex/latex/graphics/graphics.sty
Package: graphics 2022/03/10 v1.4e Standard LaTeX Graphics (DPC,SPQR)
 (/usr/share/texlive/texmf-dist/tex/latex/graphics/trig.sty
Package: trig 2021/08/11 v1.11 sin cos tan (DPC)
) (/usr/share/texlive/texmf-dist/tex/latex/graphics-cfg/graphics.cfg
File: graphics.cfg 2016/06/04 v1.11 sample graphics configuration
)
Package graphics Info: Driver file: pdftex.def on input line 107.
 (/usr/share/texlive/texmf-dist/tex/latex/graphics-def/pdftex.def
File: pdftex.def 2022/09/22 v1.2b Graphics/color driver for pdftex
))
\Gin@req@height=\dimen149
\Gin@req@width=\dimen150
) (/usr/share/texlive/texmf-dist/tex/generic/soul/soul.sty
Package: soul 2023-06-14 v3.1 Permit use of UTF-8 characters in soul (HO)
 (/usr/share/texlive/texmf-dist/tex/generic/soul/soul-ori.sty
Package: soul-ori 2023-06-14 v3.1 letterspacing/underlining (mf)
\SOUL@word=\toks19
\SOUL@lasttoken=\toks20
\SOUL@syllable=\toks21
\SOUL@cmds=\toks22
\SOUL@buffer=\toks23
\SOUL@token=\toks24
\SOUL@syllgoal=\dimen151
\SOUL@syllwidth=\dimen152
\SOUL@charkern=\dimen153
\SOUL@hyphkern=\dimen154
\SOUL@dimen=\dimen155
\SOUL@dimeni=\dimen156
\SOUL@minus=\count270
\SOUL@comma=\count271
\SOUL@apo=\count272
\SOUL@grave=\count273
\SOUL@spaceskip=\skip66
\SOUL@ttwidth=\dimen157
\SOUL@uldp=\dimen158
\SOUL@ulht=\dimen159
) (/usr/share/texlive/texmf-dist/tex/generic/infwarerr/infwarerr.sty
Package: infwarerr 2019/12/03 v1.5 Providing info/warning/error messages (HO)
) (/usr/share/texlive/texmf-dist/tex/generic/etexcmds/etexcmds.sty
Package: etexcmds 2019/12/15 v1.7 Avoid name clashes with e-TeX commands (HO)
)) (/usr/share/texlive/texmf-dist/tex/latex/adjustbox/adjustbox.sty
Package: adjustbox 2022/10/17 v1.3a Adjusting TeX boxes (trim, clip, ...)
 (/usr/share/texlive/texmf-dist/tex/latex/xkeyval/xkeyval.sty
Package: xkeyval 2022/06/16 v2.9 package option processing (HA)
 (/usr/share/texlive/texmf-dist/tex/generic/xkeyval/xkeyval.tex (/usr/share/texlive/texmf-dist/tex/generic/xkeyval/xkvutils.tex
\XKV@toks=\toks25
\XKV@tempa@toks=\toks26
)
\XKV@depth=\count274
File: xkeyval.tex 2014/12/03 v2.7a key=value parser (HA)
)) (/usr/share/texlive/texmf-dist/tex/latex/adjustbox/adjcalc.sty
Package: adjcalc 2012/05/16 v1.1 Provides advanced setlength with multiple back-ends (calc, etex, pgfmath)
) (/usr/share/texlive/texmf-dist/tex/latex/adjustbox/trimclip.sty
Package: trimclip 2020/08/19 v1.2 Trim and clip general TeX material
 (/usr/share/texlive/texmf-dist/tex/latex/collectbox/collectbox.sty
Package: collectbox 2022/10/17 v0.4c Collect macro arguments as boxes
\collectedbox=\box54
)
\tc@llx=\dimen160
\tc@lly=\dimen161
\tc@urx=\dimen162
\tc@ury=\dimen163
Package trimclip Info: Using driver 'tc-pdftex.def'.
 (/usr/share/texlive/texmf-dist/tex/latex/adjustbox/tc-pdftex.def
File: tc-pdftex.def 2019/01/04 v2.2 Clipping driver for pdftex
))
\adjbox@Width=\dimen164
\adjbox@Height=\dimen165
\adjbox@Depth=\dimen166
\adjbox@Totalheight=\dimen167
\adjbox@pwidth=\dimen168
\adjbox@pheight=\dimen169
\adjbox@pdepth=\dimen170
\adjbox@ptotalheight=\dimen171
 (/usr/share/texlive/texmf-dist/tex/latex/ifoddpage/ifoddpage.sty
Package: ifoddpage 2022/10/18 v1.2 Conditionals for odd/even page detection
\c@checkoddpage=\count275
) (/usr/share/texlive/texmf-dist/tex/latex/varwidth/varwidth.sty
Package: varwidth 2009/03/30 ver 0.92;  Variable-width minipages
\@vwid@box=\box55
\sift@deathcycles=\count276
\@vwid@loff=\dimen172
\@vwid@roff=\dimen173
)) (/usr/share/texlive/texmf-dist/tex/latex/graphics/color.sty
Package: color 2022/01/06 v1.3d Standard LaTeX Color (DPC)
 (/usr/share/texlive/texmf-dist/tex/latex/graphics-cfg/color.cfg
File: color.cfg 2016/01/02 v1.6 sample color configuration
)
Package color Info: Driver file: pdftex.def on input line 149.
 (/usr/share/texlive/texmf-dist/tex/latex/graphics/mathcolor.ltx)) (/usr/share/texlive/texmf-dist/tex/latex/pgf/frontendlayer/tikz.sty (/usr/share/texlive/texmf-dist/tex/latex/pgf/basiclayer/pgf.sty (/usr/share/texlive/texmf-dist/tex/latex/pgf/utilities/pgfrcs.sty (/usr/share/texlive/texmf-dist/tex/generic/pgf/utilities/pgfutil-common.tex
\pgfutil@everybye=\toks27
\pgfutil@tempdima=\dimen174
\pgfutil@tempdimb=\dimen175
) (/usr/share/texlive/texmf-dist/tex/generic/pgf/utilities/pgfutil-latex.def
\pgfutil@abb=\box56
) (/usr/share/texlive/texmf-dist/tex/generic/pgf/utilities/pgfrcs.code.tex (/usr/share/texlive/texmf-dist/tex/generic/pgf/pgf.revision.tex)
Package: pgfrcs 2023-01-15 v3.1.10 (3.1.10)
))
Package: pgf 2023-01-15 v3.1.10 (3.1.10)
 (/usr/share/texlive/texmf-dist/tex/latex/pgf/basiclayer/pgfcore.sty (/usr/share/texlive/texmf-dist/tex/latex/pgf/systemlayer/pgfsys.sty (/usr/share/texlive/texmf-dist/tex/generic/pgf/systemlayer/pgfsys.code.tex
Package: pgfsys 2023-01-15 v3.1.10 (3.1.10)
 (/usr/share/texlive/texmf-dist/tex/generic/pgf/utilities/pgfkeys.code.tex
\pgfkeys@pathtoks=\toks28
\pgfkeys@temptoks=\toks29
 (/usr/share/texlive/texmf-dist/tex/generic/pgf/utilities/pgfkeyslibraryfiltered.code.tex
\pgfkeys@tmptoks=\toks30
))
\pgf@x=\dimen176
\pgf@y=\dimen177
\pgf@xa=\dimen178
\pgf@ya=\dimen179
\pgf@xb=\dimen180
\pgf@yb=\dimen181
\pgf@xc=\dimen182
\pgf@yc=\dimen183
\pgf@xd=\dimen184
\pgf@yd=\dimen185
\w@pgf@writea=\write3
\r@pgf@reada=\read2
\c@pgf@counta=\count277
\c@pgf@countb=\count278
\c@pgf@countc=\count279
\c@pgf@countd=\count280
\t@pgf@toka=\toks31
\t@pgf@tokb=\toks32
\t@pgf@tokc=\toks33
\pgf@sys@id@count=\count281
 (/usr/share/texlive/texmf-dist/tex/generic/pgf/systemlayer/pgf.cfg
File: pgf.cfg 2023-01-15 v3.1.10 (3.1.10)
)
Driver file for pgf: pgfsys-pdftex.def
 (/usr/share/texlive/texmf-dist/tex/generic/pgf/systemlayer/pgfsys-pdftex.def
File: pgfsys-pdftex.def 2023-01-15 v3.1.10 (3.1.10)
 (/usr/share/texlive/texmf-dist/tex/generic/pgf/systemlayer/pgfsys-common-pdf.def
File: pgfsys-common-pdf.def 2023-01-15 v3.1.10 (3.1.10)
))) (/usr/share/texlive/texmf-dist/tex/generic/pgf/systemlayer/pgfsyssoftpath.code.tex
File: pgfsyssoftpath.code.tex 2023-01-15 v3.1.10 (3.1.10)
\pgfsyssoftpath@smallbuffer@items=\count282
\pgfsyssoftpath@bigbuffer@items=\count283
) (/usr/share/texlive/texmf-dist/tex/generic/pgf/systemlayer/pgfsysprotocol.code.tex
File: pgfsysprotocol.code.tex 2023-01-15 v3.1.10 (3.1.10)
)) (/usr/share/texlive/texmf-dist/tex/latex/xcolor/xcolor.sty
Package: xcolor 2023/11/15 v3.01 LaTeX color extensions (UK)
 (/usr/share/texlive/texmf-dist/tex/latex/graphics-cfg/color.cfg
File: color.cfg 2016/01/02 v1.6 sample color configuration
)
Package xcolor Info: Driver file: pdftex.def on input line 274.
LaTeX Info: Redefining \color on input line 758.
 (/usr/share/texlive/texmf-dist/tex/latex/graphics/mathcolor.ltx)
Package xcolor Info: Model `cmy' substituted by `cmy0' on input line 1350.
Package xcolor Info: Model `hsb' substituted by `rgb' on input line 1354.
Package xcolor Info: Model `RGB' extended on input line 1366.
Package xcolor Info: Model `HTML' substituted by `rgb' on input line 1368.
Package xcolor Info: Model `Hsb' substituted by `hsb' on input line 1369.
Package xcolor Info: Model `tHsb' substituted by `hsb' on input line 1370.
Package xcolor Info: Model `HSB' substituted by `hsb' on input line 1371.
Package xcolor Info: Model `Gray' substituted by `gray' on input line 1372.
Package xcolor Info: Model `wave' substituted by `hsb' on input line 1373.
) (/usr/share/texlive/texmf-dist/tex/generic/pgf/basiclayer/pgfcore.code.tex
Package: pgfcore 2023-01-15 v3.1.10 (3.1.10)
 (/usr/share/texlive/texmf-dist/tex/generic/pgf/math/pgfmath.code.tex (/usr/share/texlive/texmf-dist/tex/generic/pgf/math/pgfmathutil.code.tex) (/usr/share/texlive/texmf-dist/tex/generic/pgf/math/pgfmathparser.code.tex
\pgfmath@dimen=\dimen186
\pgfmath@count=\count284
\pgfmath@box=\box57
\pgfmath@toks=\toks34
\pgfmath@stack@operand=\toks35
\pgfmath@stack@operation=\toks36
) (/usr/share/texlive/texmf-dist/tex/generic/pgf/math/pgfmathfunctions.code.tex) (/usr/share/texlive/texmf-dist/tex/generic/pgf/math/pgfmathfunctions.basic.code.tex) (/usr/share/texlive/texmf-dist/tex/generic/pgf/math/pgfmathfunctions.trigonometric.code.tex) (/usr/share/texlive/texmf-dist/tex/generic/pgf/math/pgfmathfunctions.random.code.tex) (/usr/share/texlive/texmf-dist/tex/generic/pgf/math/pgfmathfunctions.comparison.code.tex) (/usr/share/texlive/texmf-dist/tex/generic/pgf/math/pgfmathfunctions.base.code.tex) (/usr/share/texlive/texmf-dist/tex/generic/pgf/math/pgfmathfunctions.round.code.tex) (/usr/share/texlive/texmf-dist/tex/generic/pgf/math/pgfmathfunctions.misc.code.tex) (/usr/share/texlive/texmf-dist/tex/generic/pgf/math/pgfmathfunctions.integerarithmetics.code.tex) (/usr/share/texlive/texmf-dist/tex/generic/pgf/math/pgfmathcalc.code.tex) (/usr/share/texlive/texmf-dist/tex/generic/pgf/math/pgfmathfloat.code.tex
\c@pgfmathroundto@lastzeros=\count285
)) (/usr/share/texlive/texmf-dist/tex/generic/pgf/math/pgfint.code.tex) (/usr/share/texlive/texmf-dist/tex/generic/pgf/basiclayer/pgfcorepoints.code.tex
File: pgfcorepoints.code.tex 2023-01-15 v3.1.10 (3.1.10)
\pgf@picminx=\dimen187
\pgf@picmaxx=\dimen188
\pgf@picminy=\dimen189
\pgf@picmaxy=\dimen190
\pgf@pathminx=\dimen191
\pgf@pathmaxx=\dimen192
\pgf@pathminy=\dimen193
\pgf@pathmaxy=\dimen194
\pgf@xx=\dimen195
\pgf@xy=\dimen196
\pgf@yx=\dimen197
\pgf@yy=\dimen198
\pgf@zx=\dimen199
\pgf@zy=\dimen256
) (/usr/share/texlive/texmf-dist/tex/generic/pgf/basiclayer/pgfcorepathconstruct.code.tex
File: pgfcorepathconstruct.code.tex 2023-01-15 v3.1.10 (3.1.10)
\pgf@path@lastx=\dimen257
\pgf@path@lasty=\dimen258
) (/usr/share/texlive/texmf-dist/tex/generic/pgf/basiclayer/pgfcorepathusage.code.tex
File: pgfcorepathusage.code.tex 2023-01-15 v3.1.10 (3.1.10)
\pgf@shorten@end@additional=\dimen259
\pgf@shorten@start@additional=\dimen260
) (/usr/share/texlive/texmf-dist/tex/generic/pgf/basiclayer/pgfcorescopes.code.tex
File: pgfcorescopes.code.tex 2023-01-15 v3.1.10 (3.1.10)
\pgfpic=\box58
\pgf@hbox=\box59
\pgf@layerbox@main=\box60
\pgf@picture@serial@count=\count286
) (/usr/share/texlive/texmf-dist/tex/generic/pgf/basiclayer/pgfcoregraphicstate.code.tex
File: pgfcoregraphicstate.code.tex 2023-01-15 v3.1.10 (3.1.10)
\pgflinewidth=\dimen261
) (/usr/share/texlive/texmf-dist/tex/generic/pgf/basiclayer/pgfcoretransformations.code.tex
File: pgfcoretransformations.code.tex 2023-01-15 v3.1.10 (3.1.10)
\pgf@pt@x=\dimen262
\pgf@pt@y=\dimen263
\pgf@pt@temp=\dimen264
) (/usr/share/texlive/texmf-dist/tex/generic/pgf/basiclayer/pgfcorequick.code.tex
File: pgfcorequick.code.tex 2023-01-15 v3.1.10 (3.1.10)
) (/usr/share/texlive/texmf-dist/tex/generic/pgf/basiclayer/pgfcoreobjects.code.tex
File: pgfcoreobjects.code.tex 2023-01-15 v3.1.10 (3.1.10)
) (/usr/share/texlive/texmf-dist/tex/generic/pgf/basiclayer/pgfcorepathprocessing.code.tex
File: pgfcorepathprocessing.code.tex 2023-01-15 v3.1.10 (3.1.10)
) (/usr/share/texlive/texmf-dist/tex/generic/pgf/basiclayer/pgfcorearrows.code.tex
File: pgfcorearrows.code.tex 2023-01-15 v3.1.10 (3.1.10)
\pgfarrowsep=\dimen265
) (/usr/share/texlive/texmf-dist/tex/generic/pgf/basiclayer/pgfcoreshade.code.tex
File: pgfcoreshade.code.tex 2023-01-15 v3.1.10 (3.1.10)
\pgf@max=\dimen266
\pgf@sys@shading@range@num=\count287
\pgf@shadingcount=\count288
) (/usr/share/texlive/texmf-dist/tex/generic/pgf/basiclayer/pgfcoreimage.code.tex
File: pgfcoreimage.code.tex 2023-01-15 v3.1.10 (3.1.10)
) (/usr/share/texlive/texmf-dist/tex/generic/pgf/basiclayer/pgfcoreexternal.code.tex
File: pgfcoreexternal.code.tex 2023-01-15 v3.1.10 (3.1.10)
\pgfexternal@startupbox=\box61
) (/usr/share/texlive/texmf-dist/tex/generic/pgf/basiclayer/pgfcorelayers.code.tex
File: pgfcorelayers.code.tex 2023-01-15 v3.1.10 (3.1.10)
) (/usr/share/texlive/texmf-dist/tex/generic/pgf/basiclayer/pgfcoretransparency.code.tex
File: pgfcoretransparency.code.tex 2023-01-15 v3.1.10 (3.1.10)
) (/usr/share/texlive/texmf-dist/tex/generic/pgf/basiclayer/pgfcorepatterns.code.tex
File: pgfcorepatterns.code.tex 2023-01-15 v3.1.10 (3.1.10)
) (/usr/share/texlive/texmf-dist/tex/generic/pgf/basiclayer/pgfcorerdf.code.tex
File: pgfcorerdf.code.tex 2023-01-15 v3.1.10 (3.1.10)
))) (/usr/share/texlive/texmf-dist/tex/generic/pgf/modules/pgfmoduleshapes.code.tex
File: pgfmoduleshapes.code.tex 2023-01-15 v3.1.10 (3.1.10)
\pgfnodeparttextbox=\box62
) (/usr/share/texlive/texmf-dist/tex/generic/pgf/modules/pgfmoduleplot.code.tex
File: pgfmoduleplot.code.tex 2023-01-15 v3.1.10 (3.1.10)
) (/usr/share/texlive/texmf-dist/tex/latex/pgf/compatibility/pgfcomp-version-0-65.sty
Package: pgfcomp-version-0-65 2023-01-15 v3.1.10 (3.1.10)
\pgf@nodesepstart=\dimen267
\pgf@nodesepend=\dimen268
) (/usr/share/texlive/texmf-dist/tex/latex/pgf/compatibility/pgfcomp-version-1-18.sty
Package: pgfcomp-version-1-18 2023-01-15 v3.1.10 (3.1.10)
)) (/usr/share/texlive/texmf-dist/tex/latex/pgf/utilities/pgffor.sty (/usr/share/texlive/texmf-dist/tex/latex/pgf/utilities/pgfkeys.sty (/usr/share/texlive/texmf-dist/tex/generic/pgf/utilities/pgfkeys.code.tex)) (/usr/share/texlive/texmf-dist/tex/latex/pgf/math/pgfmath.sty (/usr/share/texlive/texmf-dist/tex/generic/pgf/math/pgfmath.code.tex)) (/usr/share/texlive/texmf-dist/tex/generic/pgf/utilities/pgffor.code.tex
Package: pgffor 2023-01-15 v3.1.10 (3.1.10)
\pgffor@iter=\dimen269
\pgffor@skip=\dimen270
\pgffor@stack=\toks37
\pgffor@toks=\toks38
)) (/usr/share/texlive/texmf-dist/tex/generic/pgf/frontendlayer/tikz/tikz.code.tex
Package: tikz 2023-01-15 v3.1.10 (3.1.10)
 (/usr/share/texlive/texmf-dist/tex/generic/pgf/libraries/pgflibraryplothandlers.code.tex
File: pgflibraryplothandlers.code.tex 2023-01-15 v3.1.10 (3.1.10)
\pgf@plot@mark@count=\count289
\pgfplotmarksize=\dimen271
)
\tikz@lastx=\dimen272
\tikz@lasty=\dimen273
\tikz@lastxsaved=\dimen274
\tikz@lastysaved=\dimen275
\tikz@lastmovetox=\dimen276
\tikz@lastmovetoy=\dimen277
\tikzleveldistance=\dimen278
\tikzsiblingdistance=\dimen279
\tikz@figbox=\box63
\tikz@figbox@bg=\box64
\tikz@tempbox=\box65
\tikz@tempbox@bg=\box66
\tikztreelevel=\count290
\tikznumberofchildren=\count291
\tikznumberofcurrentchild=\count292
\tikz@fig@count=\count293
 (/usr/share/texlive/texmf-dist/tex/generic/pgf/modules/pgfmodulematrix.code.tex
File: pgfmodulematrix.code.tex 2023-01-15 v3.1.10 (3.1.10)
\pgfmatrixcurrentrow=\count294
\pgfmatrixcurrentcolumn=\count295
\pgf@matrix@numberofcolumns=\count296
)
\tikz@expandcount=\count297
 (/usr/share/texlive/texmf-dist/tex/generic/pgf/frontendlayer/tikz/libraries/tikzlibrarytopaths.code.tex
File: tikzlibrarytopaths.code.tex 2023-01-15 v3.1.10 (3.1.10)
))) (/usr/share/texlive/texmf-dist/tex/generic/pgf/frontendlayer/tikz/libraries/tikzlibrarypositioning.code.tex
File: tikzlibrarypositioning.code.tex 2023-01-15 v3.1.10 (3.1.10)
) (/usr/share/texlive/texmf-dist/tex/generic/pgf/frontendlayer/tikz/libraries/tikzlibrarycalc.code.tex
File: tikzlibrarycalc.code.tex 2023-01-15 v3.1.10 (3.1.10)
) (/usr/share/texlive/texmf-dist/tex/latex/eso-pic/eso-pic.sty
Package: eso-pic 2023/05/03 v3.0c eso-pic (RN)
\ESO@tempdima=\dimen280
\ESO@tempdimb=\dimen281
) (./uantwerpencolorlogoscheme.sty
Package: uantwerpencolorlogoscheme 2022/08/22 v4.4 .dtx skeleton file
)

Class scrbook Warning: Usage of package `fancyhdr' together
(scrbook)              with a KOMA-Script class is not recommended.
(scrbook)              I'd suggest to use 
(scrbook)              package `scrlayer' or `scrlayer-scrpage', because
(scrbook)              they support KOMA-Script classes.
(scrbook)              With `fancyhdr' several features of class `scrbook'
(scrbook)              like options `headsepline', `footsepline' or command
(scrbook)              `\MakeMarkcase' and the commands `\setkomafont' and
(scrbook)              `\addtokomafont' for the page style elements need
(scrbook)              explicite user intervention to work.
(scrbook)              Nevertheless, using requested
(scrbook)              package `fancyhdr' on input line 57.

(/usr/share/texlive/texmf-dist/tex/latex/fancyhdr/fancyhdr.sty
Package: fancyhdr 2022/11/09 v4.1 Extensive control of page headers and footers
\f@nch@headwidth=\skip67
\f@nch@O@elh=\skip68
\f@nch@O@erh=\skip69
\f@nch@O@olh=\skip70
\f@nch@O@orh=\skip71
\f@nch@O@elf=\skip72
\f@nch@O@erf=\skip73
\f@nch@O@olf=\skip74
\f@nch@O@orf=\skip75
)) (/usr/share/texlive/texmf-dist/tex/latex/caption/subcaption.sty
Package: subcaption 2023/07/28 v1.6b Sub-captions (AR)
 (/usr/share/texlive/texmf-dist/tex/latex/caption/caption.sty
Package: caption 2023/08/05 v3.6o Customizing captions (AR)
 (/usr/share/texlive/texmf-dist/tex/latex/caption/caption3.sty
Package: caption3 2023/07/31 v2.4d caption3 kernel (AR)
\caption@tempdima=\dimen282
\captionmargin=\dimen283
\caption@leftmargin=\dimen284
\caption@rightmargin=\dimen285
\caption@width=\dimen286
\caption@indent=\dimen287
\caption@parindent=\dimen288
\caption@hangindent=\dimen289
Package caption Info: KOMA-Script document class detected.
 (/usr/share/texlive/texmf-dist/tex/latex/caption/caption-koma.sto
File: caption-koma.sto 2023/09/08 v2.0e Adaption of the caption package to the KOMA-Script document classes (AR)
))
\c@caption@flags=\count298
\c@continuedfloat=\count299
Package caption Info: KOMA-Script scrextend package detected.
\caption@addmargin@hsize=\dimen290
\caption@addmargin@linewidth=\dimen291
)
Package caption Info: New subtype `subfigure' on input line 238.
\c@subfigure=\count300
Package caption Info: New subtype `subtable' on input line 238.
\c@subtable=\count301
) (/usr/share/texlive/texmf-dist/tex/latex/booktabs/booktabs.sty
Package: booktabs 2020/01/12 v1.61803398 Publication quality tables
\heavyrulewidth=\dimen292
\lightrulewidth=\dimen293
\cmidrulewidth=\dimen294
\belowrulesep=\dimen295
\belowbottomsep=\dimen296
\aboverulesep=\dimen297
\abovetopsep=\dimen298
\cmidrulesep=\dimen299
\cmidrulekern=\dimen300
\defaultaddspace=\dimen301
\@cmidla=\count302
\@cmidlb=\count303
\@aboverulesep=\dimen302
\@belowrulesep=\dimen303
\@thisruleclass=\count304
\@lastruleclass=\count305
\@thisrulewidth=\dimen304
) (/usr/share/texlive/texmf-dist/tex/latex/tcolorbox/tcolorbox.sty
Package: tcolorbox 2024/01/10 version 6.2.0 text color boxes
 (/usr/share/texlive/texmf-dist/tex/latex/tools/verbatim.sty
Package: verbatim 2023-11-06 v1.5v LaTeX2e package for verbatim enhancements
\every@verbatim=\toks39
\verbatim@line=\toks40
\verbatim@in@stream=\read3
) (/usr/share/texlive/texmf-dist/tex/latex/environ/environ.sty
Package: environ 2014/05/04 v0.3 A new way to define environments
 (/usr/share/texlive/texmf-dist/tex/latex/trimspaces/trimspaces.sty
Package: trimspaces 2009/09/17 v1.1 Trim spaces around a token list
)
\@envbody=\toks41
)
\tcb@titlebox=\box67
\tcb@upperbox=\box68
\tcb@lowerbox=\box69
\tcb@phantombox=\box70
\c@tcbbreakpart=\count306
\c@tcblayer=\count307
\c@tcolorbox@number=\count308
\l__tcobox_tmpa_box=\box71
\l__tcobox_tmpa_dim=\dimen305
\tcb@temp=\box72
\tcb@temp=\box73
\tcb@temp=\box74
\tcb@temp=\box75
) (/usr/share/texlive/texmf-dist/tex/latex/koma-script/scrhack.sty
Package: scrhack 2023/07/07 v3.41 KOMA-Script package (hacking other packages)
 (/usr/share/texlive/texmf-dist/tex/latex/xpatch/xpatch.sty
Package: xpatch 2020/03/25 v0.3a Extending etoolbox patching commands
)) (/usr/share/texlive/texmf-dist/tex/generic/babel/babel.sty
Package: babel 2024/01/07 v24.1 The Babel package
\babel@savecnt=\count309
\U@D=\dimen306
\l@unhyphenated=\language33
 (/usr/share/texlive/texmf-dist/tex/generic/babel/txtbabel.def)
\bbl@readstream=\read4
\bbl@dirlevel=\count310
 (/usr/share/texlive/texmf-dist/tex/generic/babel-english/english.ldf
Language: english 2017/06/06 v3.3r English support from the babel system
Package babel Info: Hyphen rules for 'british' set to \l@english
(babel)             (\language0). Reported on input line 82.
Package babel Info: Hyphen rules for 'UKenglish' set to \l@english
(babel)             (\language0). Reported on input line 83.
Package babel Info: Hyphen rules for 'canadian' set to \l@english
(babel)             (\language0). Reported on input line 102.
Package babel Info: Hyphen rules for 'australian' set to \l@english
(babel)             (\language0). Reported on input line 105.
Package babel Info: Hyphen rules for 'newzealand' set to \l@english
(babel)             (\language0). Reported on input line 108.
)) (/usr/share/texlive/texmf-dist/tex/generic/babel/locale/en/babel-english.tex
Package babel Info: Importing font and identification data for english
(babel)             from babel-en.ini. Reported on input line 11.
) (/usr/share/texlive/texmf-dist/tex/latex/amsmath/amsmath.sty
Package: amsmath 2023/05/13 v2.17o AMS math features
\@mathmargin=\skip76

For additional information on amsmath, use the `?' option.
(/usr/share/texlive/texmf-dist/tex/latex/amsmath/amstext.sty
Package: amstext 2021/08/26 v2.01 AMS text
 (/usr/share/texlive/texmf-dist/tex/latex/amsmath/amsgen.sty
File: amsgen.sty 1999/11/30 v2.0 generic functions
\@emptytoks=\toks42
\ex@=\dimen307
)) (/usr/share/texlive/texmf-dist/tex/latex/amsmath/amsbsy.sty
Package: amsbsy 1999/11/29 v1.2d Bold Symbols
\pmbraise@=\dimen308
) (/usr/share/texlive/texmf-dist/tex/latex/amsmath/amsopn.sty
Package: amsopn 2022/04/08 v2.04 operator names
)
\inf@bad=\count311
LaTeX Info: Redefining \frac on input line 234.
\uproot@=\count312
\leftroot@=\count313
LaTeX Info: Redefining \overline on input line 399.
LaTeX Info: Redefining \colon on input line 410.
\classnum@=\count314
\DOTSCASE@=\count315
LaTeX Info: Redefining \ldots on input line 496.
LaTeX Info: Redefining \dots on input line 499.
LaTeX Info: Redefining \cdots on input line 620.
\Mathstrutbox@=\box76
\strutbox@=\box77
LaTeX Info: Redefining \big on input line 722.
LaTeX Info: Redefining \Big on input line 723.
LaTeX Info: Redefining \bigg on input line 724.
LaTeX Info: Redefining \Bigg on input line 725.
\big@size=\dimen309
LaTeX Font Info:    Redeclaring font encoding OML on input line 743.
LaTeX Font Info:    Redeclaring font encoding OMS on input line 744.
\macc@depth=\count316
LaTeX Info: Redefining \bmod on input line 905.
LaTeX Info: Redefining \pmod on input line 910.
LaTeX Info: Redefining \smash on input line 940.
LaTeX Info: Redefining \relbar on input line 970.
LaTeX Info: Redefining \Relbar on input line 971.
\c@MaxMatrixCols=\count317
\dotsspace@=\muskip16
\c@parentequation=\count318
\dspbrk@lvl=\count319
\tag@help=\toks43
\row@=\count320
\column@=\count321
\maxfields@=\count322
\andhelp@=\toks44
\eqnshift@=\dimen310
\alignsep@=\dimen311
\tagshift@=\dimen312
\tagwidth@=\dimen313
\totwidth@=\dimen314
\lineht@=\dimen315
\@envbody=\toks45
\multlinegap=\skip77
\multlinetaggap=\skip78
\mathdisplay@stack=\toks46
LaTeX Info: Redefining \[ on input line 2953.
LaTeX Info: Redefining \] on input line 2954.
)
Package scrhack Info: hyperref hack deactivated because of
(scrhack)             detection of KOMA-Script class, that doesn't
(scrhack)             need that hack, on input line 41.
 (/usr/share/texlive/texmf-dist/tex/latex/hyperref/hyperref.sty
Package: hyperref 2024-01-20 v7.01h Hypertext links for LaTeX
 (/usr/share/texlive/texmf-dist/tex/latex/kvsetkeys/kvsetkeys.sty
Package: kvsetkeys 2022-10-05 v1.19 Key value parser (HO)
) (/usr/share/texlive/texmf-dist/tex/generic/kvdefinekeys/kvdefinekeys.sty
Package: kvdefinekeys 2019-12-19 v1.6 Define keys (HO)
) (/usr/share/texlive/texmf-dist/tex/generic/pdfescape/pdfescape.sty
Package: pdfescape 2019/12/09 v1.15 Implements pdfTeX's escape features (HO)
 (/usr/share/texlive/texmf-dist/tex/generic/ltxcmds/ltxcmds.sty
Package: ltxcmds 2023-12-04 v1.26 LaTeX kernel commands for general use (HO)
) (/usr/share/texlive/texmf-dist/tex/generic/pdftexcmds/pdftexcmds.sty
Package: pdftexcmds 2020-06-27 v0.33 Utility functions of pdfTeX for LuaTeX (HO)
Package pdftexcmds Info: \pdf@primitive is available.
Package pdftexcmds Info: \pdf@ifprimitive is available.
Package pdftexcmds Info: \pdfdraftmode found.
)) (/usr/share/texlive/texmf-dist/tex/latex/hycolor/hycolor.sty
Package: hycolor 2020-01-27 v1.10 Color options for hyperref/bookmark (HO)
) (/usr/share/texlive/texmf-dist/tex/latex/auxhook/auxhook.sty
Package: auxhook 2019-12-17 v1.6 Hooks for auxiliary files (HO)
) (/usr/share/texlive/texmf-dist/tex/latex/hyperref/nameref.sty
Package: nameref 2023-11-26 v2.56 Cross-referencing by name of section
 (/usr/share/texlive/texmf-dist/tex/latex/refcount/refcount.sty
Package: refcount 2019/12/15 v3.6 Data extraction from label references (HO)
) (/usr/share/texlive/texmf-dist/tex/generic/gettitlestring/gettitlestring.sty
Package: gettitlestring 2019/12/15 v1.6 Cleanup title references (HO)
 (/usr/share/texlive/texmf-dist/tex/latex/kvoptions/kvoptions.sty
Package: kvoptions 2022-06-15 v3.15 Key value format for package options (HO)
))
\c@section@level=\count323
)
\@linkdim=\dimen316
\Hy@linkcounter=\count324
\Hy@pagecounter=\count325
 (/usr/share/texlive/texmf-dist/tex/latex/hyperref/pd1enc.def
File: pd1enc.def 2024-01-20 v7.01h Hyperref: PDFDocEncoding definition (HO)
Now handling font encoding PD1 ...
... no UTF-8 mapping file for font encoding PD1
) (/usr/share/texlive/texmf-dist/tex/generic/intcalc/intcalc.sty
Package: intcalc 2019/12/15 v1.3 Expandable calculations with integers (HO)
)
\Hy@SavedSpaceFactor=\count326
 (/usr/share/texlive/texmf-dist/tex/latex/hyperref/puenc.def
File: puenc.def 2024-01-20 v7.01h Hyperref: PDF Unicode definition (HO)
Now handling font encoding PU ...
... no UTF-8 mapping file for font encoding PU
)
Package hyperref Info: Option `hyperindex' set `true' on input line 4062.
Package hyperref Info: Hyper figures OFF on input line 4179.
Package hyperref Info: Link nesting OFF on input line 4184.
Package hyperref Info: Hyper index ON on input line 4187.
Package hyperref Info: Plain pages OFF on input line 4194.
Package hyperref Info: Backreferencing ON on input line 4197.
Package hyperref Info: Implicit mode ON; LaTeX internals redefined.
Package hyperref Info: Bookmarks ON on input line 4446.
 (/usr/share/texlive/texmf-dist/tex/latex/hyperref/backref.sty
Package: backref 2023-11-26 v1.44 Bibliographical back referencing
 (/usr/share/texlive/texmf-dist/tex/latex/rerunfilecheck/rerunfilecheck.sty
Package: rerunfilecheck 2022-07-10 v1.10 Rerun checks for auxiliary files (HO)
 (/usr/share/texlive/texmf-dist/tex/latex/base/atveryend-ltx.sty
Package: atveryend-ltx 2020/08/19 v1.0a Emulation of the original atveryend package
with kernel methods
) (/usr/share/texlive/texmf-dist/tex/generic/uniquecounter/uniquecounter.sty
Package: uniquecounter 2019/12/15 v1.4 Provide unlimited unique counter (HO)
 (/usr/share/texlive/texmf-dist/tex/generic/bigintcalc/bigintcalc.sty
Package: bigintcalc 2019/12/15 v1.5 Expandable calculations on big integers (HO)
))
Package uniquecounter Info: New unique counter `rerunfilecheck' on input line 285.
))
\c@Hy@tempcnt=\count327
 (/usr/share/texlive/texmf-dist/tex/latex/url/url.sty
\Urlmuskip=\muskip17
Package: url 2013/09/16  ver 3.4  Verb mode for urls, etc.
)
LaTeX Info: Redefining \url on input line 4784.
\XeTeXLinkMargin=\dimen317
 (/usr/share/texlive/texmf-dist/tex/generic/bitset/bitset.sty
Package: bitset 2019/12/09 v1.3 Handle bit-vector datatype (HO)
)
\Fld@menulength=\count328
\Field@Width=\dimen318
\Fld@charsize=\dimen319
Package hyperref Info: Hyper figures OFF on input line 6063.
Package hyperref Info: Link nesting OFF on input line 6068.
Package hyperref Info: Hyper index ON on input line 6071.
Package hyperref Info: backreferencing ON on input line 6076.
Package hyperref Info: Link coloring OFF on input line 6083.
Package hyperref Info: Link coloring with OCG OFF on input line 6088.
Package hyperref Info: PDF/A mode OFF on input line 6093.
 (/usr/share/texlive/texmf-dist/tex/latex/base/atbegshi-ltx.sty
Package: atbegshi-ltx 2021/01/10 v1.0c Emulation of the original atbegshi
package with kernel methods
)
\Hy@abspage=\count329
\c@Item=\count330
\c@Hfootnote=\count331
)
Package hyperref Info: Driver (autodetected): hpdftex.
 (/usr/share/texlive/texmf-dist/tex/latex/hyperref/hpdftex.def
File: hpdftex.def 2024-01-20 v7.01h Hyperref driver for pdfTeX
\Fld@listcount=\count332
\c@bookmark@seq@number=\count333
\Hy@SectionHShift=\skip79
) (/usr/share/texlive/texmf-dist/tex/latex/psnfss/mathptmx.sty
Package: mathptmx 2020/03/25 PSNFSS-v9.3 Times w/ Math, improved (SPQR, WaS) 
LaTeX Font Info:    Redeclaring symbol font `operators' on input line 28.
LaTeX Font Info:    Overwriting symbol font `operators' in version `normal'
(Font)                  OT1/cmr/m/n --> OT1/ztmcm/m/n on input line 28.
LaTeX Font Info:    Overwriting symbol font `operators' in version `bold'
(Font)                  OT1/cmr/bx/n --> OT1/ztmcm/m/n on input line 28.
LaTeX Font Info:    Redeclaring symbol font `letters' on input line 29.
LaTeX Font Info:    Overwriting symbol font `letters' in version `normal'
(Font)                  OML/cmm/m/it --> OML/ztmcm/m/it on input line 29.
LaTeX Font Info:    Overwriting symbol font `letters' in version `bold'
(Font)                  OML/cmm/b/it --> OML/ztmcm/m/it on input line 29.
LaTeX Font Info:    Redeclaring symbol font `symbols' on input line 30.
LaTeX Font Info:    Overwriting symbol font `symbols' in version `normal'
(Font)                  OMS/cmsy/m/n --> OMS/ztmcm/m/n on input line 30.
LaTeX Font Info:    Overwriting symbol font `symbols' in version `bold'
(Font)                  OMS/cmsy/b/n --> OMS/ztmcm/m/n on input line 30.
LaTeX Font Info:    Redeclaring symbol font `largesymbols' on input line 31.
LaTeX Font Info:    Overwriting symbol font `largesymbols' in version `normal'
(Font)                  OMX/cmex/m/n --> OMX/ztmcm/m/n on input line 31.
LaTeX Font Info:    Overwriting symbol font `largesymbols' in version `bold'
(Font)                  OMX/cmex/m/n --> OMX/ztmcm/m/n on input line 31.
\symbold=\mathgroup4
\symitalic=\mathgroup5
LaTeX Font Info:    Redeclaring math alphabet \mathbf on input line 34.
LaTeX Font Info:    Overwriting math alphabet `\mathbf' in version `normal'
(Font)                  OT1/cmr/bx/n --> OT1/ptm/bx/n on input line 34.
LaTeX Font Info:    Overwriting math alphabet `\mathbf' in version `bold'
(Font)                  OT1/cmr/bx/n --> OT1/ptm/bx/n on input line 34.
LaTeX Font Info:    Redeclaring math alphabet \mathit on input line 35.
LaTeX Font Info:    Overwriting math alphabet `\mathit' in version `normal'
(Font)                  OT1/cmr/m/it --> OT1/ptm/m/it on input line 35.
LaTeX Font Info:    Overwriting math alphabet `\mathit' in version `bold'
(Font)                  OT1/cmr/bx/it --> OT1/ptm/m/it on input line 35.
LaTeX Info: Redefining \hbar on input line 50.
)
LaTeX Font Info:    Redeclaring math alphabet \mathcal on input line 43.
 (/usr/share/texlive/texmf-dist/tex/latex/tools/multicol.sty
Package: multicol 2023/03/30 v1.9f multicolumn formatting (FMi)
\c@tracingmulticols=\count334
\mult@box=\box78
\multicol@leftmargin=\dimen320
\c@unbalance=\count335
\c@collectmore=\count336
\doublecol@number=\count337
\multicoltolerance=\count338
\multicolpretolerance=\count339
\full@width=\dimen321
\page@free=\dimen322
\premulticols=\dimen323
\postmulticols=\dimen324
\multicolsep=\skip80
\multicolbaselineskip=\skip81
\partial@page=\box79
\last@line=\box80
\mc@boxedresult=\box81
\maxbalancingoverflow=\dimen325
\mult@rightbox=\box82
\mult@grightbox=\box83
\mult@firstbox=\box84
\mult@gfirstbox=\box85
\@tempa=\box86
\@tempa=\box87
\@tempa=\box88
\@tempa=\box89
\@tempa=\box90
\@tempa=\box91
\@tempa=\box92
\@tempa=\box93
\@tempa=\box94
\@tempa=\box95
\@tempa=\box96
\@tempa=\box97
\@tempa=\box98
\@tempa=\box99
\@tempa=\box100
\@tempa=\box101
\@tempa=\box102
\@tempa=\box103
\@tempa=\box104
\@tempa=\box105
\@tempa=\box106
\@tempa=\box107
\@tempa=\box108
\@tempa=\box109
\@tempa=\box110
\@tempa=\box111
\@tempa=\box112
\@tempa=\box113
\@tempa=\box114
\@tempa=\box115
\@tempa=\box116
\@tempa=\box117
\@tempa=\box118
\@tempa=\box119
\@tempa=\box120
\@tempa=\box121
\c@minrows=\count340
\c@columnbadness=\count341
\c@finalcolumnbadness=\count342
\last@try=\dimen326
\multicolovershoot=\dimen327
\multicolundershoot=\dimen328
\mult@nat@firstbox=\box122
\colbreak@box=\box123
\mc@col@check@num=\count343
) (/usr/share/texlive/texmf-dist/tex/latex/float/float.sty
Package: float 2001/11/08 v1.3d Float enhancements (AL)
\c@float@type=\count344
\float@exts=\toks47
\float@box=\box124
\@float@everytoks=\toks48
\@floatcapt=\box125
)
Package scrhack Info: loading float hack on input line 55.
 (/usr/share/texlive/texmf-dist/tex/latex/koma-script/float.hak
File: float.hak 2023/07/07 v3.41 KOMA-Script scrhack part (hacking package float)
Package scrhack Info: redefining \newfloat on input line 163.
Package scrhack Info: redefining \listof on input line 163.
Package scrhack Info: undefining \float@addtolists on input line 163.
)
LaTeX Font Info:    Trying to load font information for OT1+ptm on input line 65.
 (/usr/share/texlive/texmf-dist/tex/latex/psnfss/ot1ptm.fd
File: ot1ptm.fd 2001/06/04 font definitions for OT1/ptm.
)

LaTeX Warning: Unused global option(s):
    [we].

(./Exam_Programming.aux

LaTeX Warning: Label `tab:wall_times_DHO' multiply defined.

)
\openout1 = `Exam_Programming.aux'.

LaTeX Font Info:    Checking defaults for OML/cmm/m/it on input line 65.
LaTeX Font Info:    ... okay on input line 65.
LaTeX Font Info:    Checking defaults for OMS/cmsy/m/n on input line 65.
LaTeX Font Info:    ... okay on input line 65.
LaTeX Font Info:    Checking defaults for OT1/cmr/m/n on input line 65.
LaTeX Font Info:    ... okay on input line 65.
LaTeX Font Info:    Checking defaults for T1/cmr/m/n on input line 65.
LaTeX Font Info:    ... okay on input line 65.
LaTeX Font Info:    Checking defaults for TS1/cmr/m/n on input line 65.
LaTeX Font Info:    ... okay on input line 65.
LaTeX Font Info:    Checking defaults for OMX/cmex/m/n on input line 65.
LaTeX Font Info:    ... okay on input line 65.
LaTeX Font Info:    Checking defaults for U/cmr/m/n on input line 65.
LaTeX Font Info:    ... okay on input line 65.
LaTeX Font Info:    Checking defaults for PD1/pdf/m/n on input line 65.
LaTeX Font Info:    ... okay on input line 65.
LaTeX Font Info:    Checking defaults for PU/pdf/m/n on input line 65.
LaTeX Font Info:    ... okay on input line 65.
\smallogo=\box126
<Logos/logo-uantwerpen-we-en-rgb-pos.pdf, id=4, 391.4625pt x 103.38625pt>
File: Logos/logo-uantwerpen-we-en-rgb-pos.pdf Graphic file (type pdf)
<use Logos/logo-uantwerpen-we-en-rgb-pos.pdf>
Package pdftex.def Info: Logos/logo-uantwerpen-we-en-rgb-pos.pdf  used on input line 65.
(pdftex.def)             Requested size: 71.13188pt x 18.7854pt.
Package hyperref Info: Option `breaklinks' set `true' on input line 65.
Package hyperref Info: Option `colorlinks' set `true' on input line 65.
Package hyperref Info: Option `pageanchor' set `true' on input line 65.
Package scrbase Info: activating english \partname on input line 65.
Package scrbase Info: activating english \chaptername on input line 65.
Package scrbase Info: activating english \appendixname on input line 65.
Package scrbase Info: activating english \figurename on input line 65.
Package scrbase Info: activating english \tablename on input line 65.
Package scrbase Info: activating english \contentsname on input line 65.
Package scrbase Info: activating english \listfigurename on input line 65.
Package scrbase Info: activating english \listtablename on input line 65.
Package scrbase Info: activating english \bibname on input line 65.
Package scrbase Info: activating english \indexname on input line 65.

*geometry* driver: auto-detecting
*geometry* detected driver: pdftex
*geometry* verbose mode - [ preamble ] result:
* driver: pdftex
* paper: a4paper
* layout: <same size as paper>
* layoutoffset:(h,v)=(0.0pt,0.0pt)
* modes: twoside 
* h-part:(L,W,R)=(99.58464pt, 452.39865pt, 45.52458pt)
* v-part:(T,H,B)=(73.97733pt, 699.93764pt, 71.13188pt)
* \paperwidth=597.50787pt
* \paperheight=845.04684pt
* \textwidth=452.39865pt
* \textheight=699.93764pt
* \oddsidemargin=27.31465pt
* \evensidemargin=-26.7454pt
* \topmargin=-35.69267pt
* \headheight=13.7pt
* \headsep=20.40001pt
* \topskip=11.0pt
* \footskip=47.6pt
* \marginparwidth=89.62619pt
* \marginparsep=12.8401pt
* \columnsep=10.0pt
* \skip\footins=10.0pt plus 4.0pt minus 2.0pt
* \hoffset=0.0pt
* \voffset=0.0pt
* \mag=1000
* \@twocolumnfalse
* \@twosidetrue
* \@mparswitchtrue
* \@reversemarginfalse
* (1in=72.27pt=25.4mm, 1cm=28.453pt)

(/usr/share/texlive/texmf-dist/tex/context/base/mkii/supp-pdf.mkii
[Loading MPS to PDF converter (version 2006.09.02).]
\scratchcounter=\count345
\scratchdimen=\dimen329
\scratchbox=\box127
\nofMPsegments=\count346
\nofMParguments=\count347
\everyMPshowfont=\toks49
\MPscratchCnt=\count348
\MPscratchDim=\dimen330
\MPnumerator=\count349
\makeMPintoPDFobject=\count350
\everyMPtoPDFconversion=\toks50
) (/usr/share/texlive/texmf-dist/tex/latex/epstopdf-pkg/epstopdf-base.sty
Package: epstopdf-base 2020-01-24 v2.11 Base part for package epstopdf
Package epstopdf-base Info: Redefining graphics rule for `.eps' on input line 485.
 (/usr/share/texlive/texmf-dist/tex/latex/latexconfig/epstopdf-sys.cfg
File: epstopdf-sys.cfg 2010/07/13 v1.3 Configuration of (r)epstopdf for TeX Live
))
Package caption Info: Begin \AtBeginDocument code.
Package caption Info: float package is loaded.
Package caption Info: hyperref package is loaded.
Package caption Info: End \AtBeginDocument code.
Package hyperref Info: Link coloring ON on input line 65.
 (./Exam_Programming.out) (./Exam_Programming.out)
\@outlinefile=\write4
\openout4 = `Exam_Programming.out'.

Class scrbook Info: loading recommended package `bookmark'.
(scrbook)           Using `bookmark' together with `hyperref' is recommended,
(scrbook)           because of handling of possible bookmark level gaps.
(scrbook)           You can avoid loading `bookmark' with KOMA-Script option
(scrbook)           `bookmarkpackage=false' before \begin{document} and
(scrbook)           you can avoid this message adding:
(scrbook)             \usepackage{bookmark}
(scrbook)           before \begin{document} on input line 65.
 (/usr/share/texlive/texmf-dist/tex/latex/bookmark/bookmark.sty
Package: bookmark 2023-12-10 v1.31 PDF bookmarks (HO)
 (/usr/share/texlive/texmf-dist/tex/latex/bookmark/bkm-pdftex.def
File: bkm-pdftex.def 2023-12-10 v1.31 bookmark driver for pdfTeX and luaTeX (HO)
\BKM@id=\count351
))
File: Logos/logo-uantwerpen-we-en-rgb-pos.pdf Graphic file (type pdf)
<use Logos/logo-uantwerpen-we-en-rgb-pos.pdf>
Package pdftex.def Info: Logos/logo-uantwerpen-we-en-rgb-pos.pdf  used on input line 68.
(pdftex.def)             Requested size: 176.407pt x 46.58963pt.
 [1{/var/lib/texmf/fonts/map/pdftex/updmap/pdftex.map}{/usr/share/texlive/texmf-dist/fonts/enc/dvips/base/8r.enc}



 <./Logos/logo-uantwerpen-we-en-rgb-pos.pdf>] [2



] (./Exam_Programming.toc
LaTeX Font Info:    Trying to load font information for OT1+ztmcm on input line 4.
 (/usr/share/texlive/texmf-dist/tex/latex/psnfss/ot1ztmcm.fd
File: ot1ztmcm.fd 2000/01/03 Fontinst v1.801 font definitions for OT1/ztmcm.
)
LaTeX Font Info:    Trying to load font information for OML+ztmcm on input line 4.
 (/usr/share/texlive/texmf-dist/tex/latex/psnfss/omlztmcm.fd
File: omlztmcm.fd 2000/01/03 Fontinst v1.801 font definitions for OML/ztmcm.
)
LaTeX Font Info:    Trying to load font information for OMS+ztmcm on input line 4.
 (/usr/share/texlive/texmf-dist/tex/latex/psnfss/omsztmcm.fd
File: omsztmcm.fd 2000/01/03 Fontinst v1.801 font definitions for OMS/ztmcm.
)
LaTeX Font Info:    Trying to load font information for OMX+ztmcm on input line 4.
 (/usr/share/texlive/texmf-dist/tex/latex/psnfss/omxztmcm.fd
File: omxztmcm.fd 2000/01/03 Fontinst v1.801 font definitions for OMX/ztmcm.
)
LaTeX Font Info:    Font shape `OT1/ptm/bx/n' in size <10.95> not available
(Font)              Font shape `OT1/ptm/b/n' tried instead on input line 4.
LaTeX Font Info:    Font shape `OT1/ptm/bx/n' in size <8> not available
(Font)              Font shape `OT1/ptm/b/n' tried instead on input line 4.
LaTeX Font Info:    Font shape `OT1/ptm/bx/n' in size <6> not available
(Font)              Font shape `OT1/ptm/b/n' tried instead on input line 4.
 [1


])
\tf@toc=\write5
\openout5 = `Exam_Programming.toc'.

 [2]
chapter 1.

Overfull \hbox (1.98834pt too wide) in paragraph at lines 83--84
[]\OT1/ptm/m/n/10.95 The code for all ex-per-i-ments is struc-tured in a mod-u-lar, reusable fash-ion across the [][]\OT1/cmtt/m/n/10.95 Damped_Oscillator
 []


pdfTeX warning (ext4): destination with the same identifier (name{page.1}) has been already used, duplicate ignored
<to be read again> 
                   \relax 
l.85 \chapter
             {Damped Harmonic Oscillator} [1




]
pdfTeX warning (ext4): destination with the same identifier (name{page.2}) has been already used, duplicate ignored
<to be read again> 
                   \relax 
l.85 \chapter
             {Damped Harmonic Oscillator} [2


]
chapter 2.

Underfull \hbox (badness 10000) in paragraph at lines 103--105

 []

[3]
<Images_DHO/analytic_solution_overdamped.png, id=161, 578.16pt x 361.35pt>
File: Images_DHO/analytic_solution_overdamped.png Graphic file (type png)
<use Images_DHO/analytic_solution_overdamped.png>
Package pdftex.def Info: Images_DHO/analytic_solution_overdamped.png  used on input line 144.
(pdftex.def)             Requested size: 316.67767pt x 197.92157pt.
<Images_DHO/analytic_solution_criticallydamped.png, id=163, 578.16pt x 361.35pt>
File: Images_DHO/analytic_solution_criticallydamped.png Graphic file (type png)
<use Images_DHO/analytic_solution_criticallydamped.png>
Package pdftex.def Info: Images_DHO/analytic_solution_criticallydamped.png  used on input line 151.
(pdftex.def)             Requested size: 316.67767pt x 197.92157pt.
<Images_DHO/analytic_solution_underdamped.png, id=164, 578.16pt x 361.35pt>
File: Images_DHO/analytic_solution_underdamped.png Graphic file (type png)
<use Images_DHO/analytic_solution_underdamped.png>
Package pdftex.def Info: Images_DHO/analytic_solution_underdamped.png  used on input line 158.
(pdftex.def)             Requested size: 316.67767pt x 197.92157pt.

Underfull \vbox (badness 4366) has occurred while \output is active []

 [4 <./Images_DHO/analytic_solution_overdamped.png> <./Images_DHO/analytic_solution_criticallydamped.png>]
Underfull \hbox (badness 10000) in paragraph at lines 180--182

 []


Underfull \hbox (badness 10000) in paragraph at lines 186--188

 []

[5 <./Images_DHO/analytic_solution_underdamped.png>]
Underfull \hbox (badness 10000) in paragraph at lines 192--194

 []

<Images_DHO/ic_effect.png, id=188, 1156.32pt x 578.16pt>
File: Images_DHO/ic_effect.png Graphic file (type png)
<use Images_DHO/ic_effect.png>
Package pdftex.def Info: Images_DHO/ic_effect.png  used on input line 206.
(pdftex.def)             Requested size: 339.29898pt x 169.64705pt.

Underfull \hbox (badness 10000) in paragraph at lines 217--218

 []


Underfull \hbox (badness 10000) in paragraph at lines 219--220

 []

[6 <./Images_DHO/ic_effect.png>]
Underfull \hbox (badness 10000) in paragraph at lines 239--240

 []


Underfull \hbox (badness 10000) in paragraph at lines 251--252

 []


Underfull \hbox (badness 10000) in paragraph at lines 253--254

 []

[7]
LaTeX Font Info:    Trying to load font information for TS1+ptm on input line 257.
 (/usr/share/texlive/texmf-dist/tex/latex/psnfss/ts1ptm.fd
File: ts1ptm.fd 2001/06/04 font definitions for TS1/ptm.
)
Underfull \hbox (badness 10000) in paragraph at lines 267--268

 []

[8]
Underfull \hbox (badness 10000) in paragraph at lines 315--316

 []

[9]
Underfull \hbox (badness 10000) in paragraph at lines 334--335

 []


Underfull \hbox (badness 10000) in paragraph at lines 346--347

 []


Underfull \vbox (badness 5302) has occurred while \output is active []

 [10]
Underfull \hbox (badness 10000) in paragraph at lines 367--368

 []


Underfull \vbox (badness 10000) has occurred while \output is active []

 [11]
Underfull \hbox (badness 10000) in paragraph at lines 393--394

 []


Overfull \hbox (33.75845pt too wide) in paragraph at lines 395--396
\OT1/ptm/m/n/10.95 and up-date the pa-ram-e-ters ac-cord-ingly (see eq. [][]2.23[][]). $\OML/ztmcm/m/it/10.95 m[]$ \OT1/ptm/m/n/10.95 and $\OML/ztmcm/m/it/10.95 v[]$ \OT1/ptm/m/n/10.95 are not ze-roed by the [][]\OT1/cmtt/m/n/10.95 optimiser.zero_grad()
 []


Underfull \hbox (badness 10000) in paragraph at lines 395--396

 []


Underfull \hbox (badness 10000) in paragraph at lines 397--398

 []


Underfull \hbox (badness 10000) in paragraph at lines 410--411

 []

[12]
Overfull \hbox (4.51942pt too wide) in paragraph at lines 427--428
\OT1/ptm/m/n/10.95 net-work need to be $\OT1/ztmcm/m/n/10.95 (\OML/ztmcm/m/it/10.95 n; \OT1/ztmcm/m/n/10.95 1)$ \OT1/ptm/m/n/10.95 shaped in or-der to do ma-trix mul-ti-pli-ca-tion. The first [][]\OT1/cmtt/m/n/10.95 nn.Linear(1, 32)
 []

LaTeX Font Info:    Font shape `OT1/ptm/bx/n' in size <9> not available
(Font)              Font shape `OT1/ptm/b/n' tried instead on input line 431.
LaTeX Font Info:    Font shape `OT1/ptm/bx/n' in size <7> not available
(Font)              Font shape `OT1/ptm/b/n' tried instead on input line 431.
LaTeX Font Info:    Font shape `OT1/ptm/bx/n' in size <5> not available
(Font)              Font shape `OT1/ptm/b/n' tried instead on input line 431.
<Images_DHO/unsqueeze.png, id=263, 758.835pt x 473.77pt>
File: Images_DHO/unsqueeze.png Graphic file (type png)
<use Images_DHO/unsqueeze.png>
Package pdftex.def Info: Images_DHO/unsqueeze.png  used on input line 437.
(pdftex.def)             Requested size: 339.29898pt x 211.84268pt.

Underfull \vbox (badness 4013) has occurred while \output is active []

 [13] [14 <./Images_DHO/unsqueeze.png>]
Underfull \hbox (badness 10000) in paragraph at lines 482--483

 []


Underfull \hbox (badness 10000) in paragraph at lines 495--496

 []

[15]
Underfull \hbox (badness 10000) in paragraph at lines 506--507

 []


Underfull \hbox (badness 10000) in paragraph at lines 524--525

 []

[16]
Underfull \hbox (badness 10000) in paragraph at lines 546--547

 []

[17]
Underfull \hbox (badness 10000) in paragraph at lines 548--549

 []


Underfull \vbox (badness 1122) has occurred while \output is active []

 [18]
<Images_DHO/pinn_overdamped/summary.png, id=325, 1156.32pt x 650.43pt>
File: Images_DHO/pinn_overdamped/summary.png Graphic file (type png)
<use Images_DHO/pinn_overdamped/summary.png>
Package pdftex.def Info: Images_DHO/pinn_overdamped/summary.png  used on input line 599.
(pdftex.def)             Requested size: 339.29898pt x 190.85294pt.

Underfull \hbox (badness 10000) in paragraph at lines 604--605

 []


Underfull \hbox (badness 10000) in paragraph at lines 606--607

 []

[19 <./Images_DHO/pinn_overdamped/summary.png>]
<Images_DHO/pinn_criticallydamped/summary.png, id=335, 1156.32pt x 650.43pt>
File: Images_DHO/pinn_criticallydamped/summary.png Graphic file (type png)
<use Images_DHO/pinn_criticallydamped/summary.png>
Package pdftex.def Info: Images_DHO/pinn_criticallydamped/summary.png  used on input line 628.
(pdftex.def)             Requested size: 339.29898pt x 190.85294pt.
<Images_DHO/pinn_underdamped/summary.png, id=338, 1156.32pt x 650.43pt>
File: Images_DHO/pinn_underdamped/summary.png Graphic file (type png)
<use Images_DHO/pinn_underdamped/summary.png>
Package pdftex.def Info: Images_DHO/pinn_underdamped/summary.png  used on input line 653.
(pdftex.def)             Requested size: 339.29898pt x 190.85294pt.

Underfull \vbox (badness 10000) has occurred while \output is active []

 [20 <./Images_DHO/pinn_criticallydamped/summary.png>]
Underfull \hbox (badness 10000) in paragraph at lines 658--659

 []


Underfull \hbox (badness 10000) in paragraph at lines 660--661

 []

<Images_DHO/pinn_underdamped/analytic_solution.png, id=350, 578.16pt x 361.35pt>
File: Images_DHO/pinn_underdamped/analytic_solution.png Graphic file (type png)
<use Images_DHO/pinn_underdamped/analytic_solution.png>
Package pdftex.def Info: Images_DHO/pinn_underdamped/analytic_solution.png  used on input line 666.
(pdftex.def)             Requested size: 271.44194pt x 169.64705pt.
<Images_DHO/pinn_underdamped/predicted_solution.png, id=351, 578.16pt x 361.35pt>
File: Images_DHO/pinn_underdamped/predicted_solution.png Graphic file (type png)
<use Images_DHO/pinn_underdamped/predicted_solution.png>
Package pdftex.def Info: Images_DHO/pinn_underdamped/predicted_solution.png  used on input line 673.
(pdftex.def)             Requested size: 271.44194pt x 169.64705pt.

Underfull \vbox (badness 10000) has occurred while \output is active []

 [21 <./Images_DHO/pinn_underdamped/summary.png> <./Images_DHO/pinn_underdamped/analytic_solution.png>]
<Images_DHO/pinn_underdamped/epoch_snapshots.png, id=361, 1011.78pt x 693.792pt>
File: Images_DHO/pinn_underdamped/epoch_snapshots.png Graphic file (type png)
<use Images_DHO/pinn_underdamped/epoch_snapshots.png>
Package pdftex.def Info: Images_DHO/pinn_underdamped/epoch_snapshots.png  used on input line 680.
(pdftex.def)             Requested size: 361.92029pt x 248.17696pt.
<Images_DHO/pinn_underdamped/losses.png, id=362, 722.7pt x 361.35pt>
File: Images_DHO/pinn_underdamped/losses.png Graphic file (type png)
<use Images_DHO/pinn_underdamped/losses.png>
Package pdftex.def Info: Images_DHO/pinn_underdamped/losses.png  used on input line 687.
(pdftex.def)             Requested size: 339.29898pt x 169.64705pt.

Underfull \vbox (badness 10000) has occurred while \output is active []

 [22 <./Images_DHO/pinn_underdamped/predicted_solution.png> <./Images_DHO/pinn_underdamped/epoch_snapshots.png>] [23 <./Images_DHO/pinn_underdamped/losses.png>]
<Images_DHO/pinn_profiling/mem_train.png, id=381, 867.24pt x 578.16pt>
File: Images_DHO/pinn_profiling/mem_train.png Graphic file (type png)
<use Images_DHO/pinn_profiling/mem_train.png>
Package pdftex.def Info: Images_DHO/pinn_profiling/mem_train.png  used on input line 745.
(pdftex.def)             Requested size: 217.14941pt x 144.7602pt.
<Images_DHO/pinn_profiling/mem_train_gpu.png, id=382, 867.24pt x 578.16pt>
File: Images_DHO/pinn_profiling/mem_train_gpu.png Graphic file (type png)
<use Images_DHO/pinn_profiling/mem_train_gpu.png>
Package pdftex.def Info: Images_DHO/pinn_profiling/mem_train_gpu.png  used on input line 752.
(pdftex.def)             Requested size: 217.14941pt x 144.7602pt.
<Images_DHO/pinn_profiling/mem_plots.png, id=383, 867.24pt x 578.16pt>
File: Images_DHO/pinn_profiling/mem_plots.png Graphic file (type png)
<use Images_DHO/pinn_profiling/mem_plots.png>
Package pdftex.def Info: Images_DHO/pinn_profiling/mem_plots.png  used on input line 765.
(pdftex.def)             Requested size: 217.14941pt x 144.7602pt.
<Images_DHO/pinn_profiling/mem_plots_gpu.png, id=384, 867.24pt x 578.16pt>
File: Images_DHO/pinn_profiling/mem_plots_gpu.png Graphic file (type png)
<use Images_DHO/pinn_profiling/mem_plots_gpu.png>
Package pdftex.def Info: Images_DHO/pinn_profiling/mem_plots_gpu.png  used on input line 772.
(pdftex.def)             Requested size: 217.14941pt x 144.7602pt.
<Images_DHO/pinn_blindextrap/summary.png, id=386, 1156.32pt x 650.43pt>
File: Images_DHO/pinn_blindextrap/summary.png Graphic file (type png)
<use Images_DHO/pinn_blindextrap/summary.png>
Package pdftex.def Info: Images_DHO/pinn_blindextrap/summary.png  used on input line 784.
(pdftex.def)             Requested size: 339.29898pt x 190.85294pt.
 [24 <./Images_DHO/pinn_profiling/mem_train.png> <./Images_DHO/pinn_profiling/mem_train_gpu.png> <./Images_DHO/pinn_profiling/mem_plots.png> <./Images_DHO/pinn_profiling/mem_plots_gpu.png>]
<Images_DHO/pinn_nophys/summary.png, id=400, 1156.32pt x 650.43pt>
File: Images_DHO/pinn_nophys/summary.png Graphic file (type png)
<use Images_DHO/pinn_nophys/summary.png>
Package pdftex.def Info: Images_DHO/pinn_nophys/summary.png  used on input line 794.
(pdftex.def)             Requested size: 339.29898pt x 190.85294pt.

Underfull \vbox (badness 10000) has occurred while \output is active []

 [25 <./Images_DHO/pinn_blindextrap/summary.png>]
Underfull \hbox (badness 10000) in paragraph at lines 798--799

 []


Underfull \hbox (badness 10000) in paragraph at lines 803--804

 []

File: Images_DHO/pinn_underdamped/predicted_solution.png Graphic file (type png)
<use Images_DHO/pinn_underdamped/predicted_solution.png>
Package pdftex.def Info: Images_DHO/pinn_underdamped/predicted_solution.png  used on input line 809.
(pdftex.def)             Requested size: 316.67767pt x 197.92157pt.

Underfull \vbox (badness 10000) has occurred while \output is active []

 [26 <./Images_DHO/pinn_nophys/summary.png>]
<Images_DHO/pinn_hyperparameters/low_complexity/predicted_solution.png, id=419, 578.16pt x 361.35pt>
File: Images_DHO/pinn_hyperparameters/low_complexity/predicted_solution.png Graphic file (type png)
<use Images_DHO/pinn_hyperparameters/low_complexity/predicted_solution.png>
Package pdftex.def Info: Images_DHO/pinn_hyperparameters/low_complexity/predicted_solution.png  used on input line 817.
(pdftex.def)             Requested size: 316.67767pt x 197.92157pt.
<Images_DHO/pinn_hyperparameters/high_lr/predicted_solution.png, id=420, 578.16pt x 361.35pt>
File: Images_DHO/pinn_hyperparameters/high_lr/predicted_solution.png Graphic file (type png)
<use Images_DHO/pinn_hyperparameters/high_lr/predicted_solution.png>
Package pdftex.def Info: Images_DHO/pinn_hyperparameters/high_lr/predicted_solution.png  used on input line 827.
(pdftex.def)             Requested size: 316.67767pt x 197.92157pt.
 [27 <./Images_DHO/pinn_hyperparameters/low_complexity/predicted_solution.png>]
Underfull \hbox (badness 10000) in paragraph at lines 832--833

 []

<Images_DHO/pinn_hyperparameters/low_lr/predicted_solution.png, id=431, 578.16pt x 361.35pt>
File: Images_DHO/pinn_hyperparameters/low_lr/predicted_solution.png Graphic file (type png)
<use Images_DHO/pinn_hyperparameters/low_lr/predicted_solution.png>
Package pdftex.def Info: Images_DHO/pinn_hyperparameters/low_lr/predicted_solution.png  used on input line 837.
(pdftex.def)             Requested size: 316.67767pt x 197.92157pt.
<Images_DHO/pinn_hyperparameters/large_phys/predicted_solution.png, id=432, 578.16pt x 361.35pt>
File: Images_DHO/pinn_hyperparameters/large_phys/predicted_solution.png Graphic file (type png)
<use Images_DHO/pinn_hyperparameters/large_phys/predicted_solution.png>
Package pdftex.def Info: Images_DHO/pinn_hyperparameters/large_phys/predicted_solution.png  used on input line 847.
(pdftex.def)             Requested size: 316.67767pt x 197.92157pt.

Underfull \vbox (badness 5374) has occurred while \output is active []

 [28 <./Images_DHO/pinn_hyperparameters/high_lr/predicted_solution.png> <./Images_DHO/pinn_hyperparameters/low_lr/predicted_solution.png>]
<Images_DHO/pinn_hyperparameters/large_phys_no_extrap/predicted_solution.png, id=442, 578.16pt x 361.35pt>
File: Images_DHO/pinn_hyperparameters/large_phys_no_extrap/predicted_solution.png Graphic file (type png)
<use Images_DHO/pinn_hyperparameters/large_phys_no_extrap/predicted_solution.png>
Package pdftex.def Info: Images_DHO/pinn_hyperparameters/large_phys_no_extrap/predicted_solution.png  used on input line 856.
(pdftex.def)             Requested size: 316.67767pt x 197.92157pt.

Underfull \hbox (badness 10000) in paragraph at lines 861--862

 []

<Images_DHO/pinn_hyperparameters/large_phys_no_data/predicted_solution.png, id=444, 578.16pt x 361.35pt>
File: Images_DHO/pinn_hyperparameters/large_phys_no_data/predicted_solution.png Graphic file (type png)
<use Images_DHO/pinn_hyperparameters/large_phys_no_data/predicted_solution.png>
Package pdftex.def Info: Images_DHO/pinn_hyperparameters/large_phys_no_data/predicted_solution.png  used on input line 866.
(pdftex.def)             Requested size: 316.67767pt x 197.92157pt.
[29 <./Images_DHO/pinn_hyperparameters/large_phys/predicted_solution.png> <./Images_DHO/pinn_hyperparameters/large_phys_no_extrap/predicted_solution.png>] [30 <./Images_DHO/pinn_hyperparameters/large_phys_no_data/predicted_solution.png>]
Overfull \hbox (30.34299pt too wide) in paragraph at lines 910--923
 [][] 
 []


Underfull \hbox (badness 10000) in paragraph at lines 926--927

 []

[31]
Underfull \hbox (badness 10000) in paragraph at lines 948--949

 []

<Images_DHO/inversepinn_overdamped/predicted_solution.png, id=471, 578.16pt x 361.35pt>
File: Images_DHO/inversepinn_overdamped/predicted_solution.png Graphic file (type png)
<use Images_DHO/inversepinn_overdamped/predicted_solution.png>
Package pdftex.def Info: Images_DHO/inversepinn_overdamped/predicted_solution.png  used on input line 970.
(pdftex.def)             Requested size: 339.29898pt x 212.05882pt.

Underfull \vbox (badness 10000) has occurred while \output is active []

 [32]
<Images_DHO/inversepinn_overdamped/parameter_convergence.png, id=481, 722.7pt x 361.35pt>
File: Images_DHO/inversepinn_overdamped/parameter_convergence.png Graphic file (type png)
<use Images_DHO/inversepinn_overdamped/parameter_convergence.png>
Package pdftex.def Info: Images_DHO/inversepinn_overdamped/parameter_convergence.png  used on input line 977.
(pdftex.def)             Requested size: 339.29898pt x 169.64705pt.
<Images_DHO/inversepinn_criticallydamped/predicted_solution.png, id=485, 578.16pt x 361.35pt>
File: Images_DHO/inversepinn_criticallydamped/predicted_solution.png Graphic file (type png)
<use Images_DHO/inversepinn_criticallydamped/predicted_solution.png>
Package pdftex.def Info: Images_DHO/inversepinn_criticallydamped/predicted_solution.png  used on input line 1001.
(pdftex.def)             Requested size: 339.29898pt x 212.05882pt.
 [33 <./Images_DHO/inversepinn_overdamped/predicted_solution.png> <./Images_DHO/inversepinn_overdamped/parameter_convergence.png>]
<Images_DHO/inversepinn_criticallydamped/parameter_convergence.png, id=494, 722.7pt x 361.35pt>
File: Images_DHO/inversepinn_criticallydamped/parameter_convergence.png Graphic file (type png)
<use Images_DHO/inversepinn_criticallydamped/parameter_convergence.png>
Package pdftex.def Info: Images_DHO/inversepinn_criticallydamped/parameter_convergence.png  used on input line 1008.
(pdftex.def)             Requested size: 339.29898pt x 169.64705pt.
<Images_DHO/inversepinn_underdamped/predicted_solution.png, id=497, 578.16pt x 361.35pt>
File: Images_DHO/inversepinn_underdamped/predicted_solution.png Graphic file (type png)
<use Images_DHO/inversepinn_underdamped/predicted_solution.png>
Package pdftex.def Info: Images_DHO/inversepinn_underdamped/predicted_solution.png  used on input line 1033.
(pdftex.def)             Requested size: 339.29898pt x 212.05882pt.
 [34 <./Images_DHO/inversepinn_criticallydamped/predicted_solution.png> <./Images_DHO/inversepinn_criticallydamped/parameter_convergence.png>]
<Images_DHO/inversepinn_underdamped/parameter_convergence.png, id=507, 722.7pt x 361.35pt>
File: Images_DHO/inversepinn_underdamped/parameter_convergence.png Graphic file (type png)
<use Images_DHO/inversepinn_underdamped/parameter_convergence.png>
Package pdftex.def Info: Images_DHO/inversepinn_underdamped/parameter_convergence.png  used on input line 1040.
(pdftex.def)             Requested size: 339.29898pt x 169.64705pt.

Underfull \hbox (badness 10000) in paragraph at lines 1047--1048

 []


Underfull \hbox (badness 10000) in paragraph at lines 1049--1050

 []

[35 <./Images_DHO/inversepinn_underdamped/predicted_solution.png> <./Images_DHO/inversepinn_underdamped/parameter_convergence.png>]
<Images_DHO/parameter_estimation/scatter_zeta_full.png, id=518, 578.16pt x 578.16pt>
File: Images_DHO/parameter_estimation/scatter_zeta_full.png Graphic file (type png)
<use Images_DHO/parameter_estimation/scatter_zeta_full.png>
Package pdftex.def Info: Images_DHO/parameter_estimation/scatter_zeta_full.png  used on input line 1057.
(pdftex.def)             Requested size: 217.14941pt x 217.1447pt.
LaTeX Font Info:    Font shape `OT1/ptm/bx/n' in size <10> not available
(Font)              Font shape `OT1/ptm/b/n' tried instead on input line 1058.
LaTeX Font Info:    Font shape `OT1/ptm/bx/n' in size <7.4> not available
(Font)              Font shape `OT1/ptm/b/n' tried instead on input line 1058.
<Images_DHO/parameter_estimation/scatter_omega_0_full.png, id=519, 578.16pt x 578.16pt>
File: Images_DHO/parameter_estimation/scatter_omega_0_full.png Graphic file (type png)
<use Images_DHO/parameter_estimation/scatter_omega_0_full.png>
Package pdftex.def Info: Images_DHO/parameter_estimation/scatter_omega_0_full.png  used on input line 1064.
(pdftex.def)             Requested size: 217.14941pt x 217.1447pt.
<Images_DHO/parameter_estimation/parameter_space_rmse_full.png, id=521, 578.16pt x 505.89pt>
File: Images_DHO/parameter_estimation/parameter_space_rmse_full.png Graphic file (type png)
<use Images_DHO/parameter_estimation/parameter_space_rmse_full.png>
Package pdftex.def Info: Images_DHO/parameter_estimation/parameter_space_rmse_full.png  used on input line 1093.
(pdftex.def)             Requested size: 294.05635pt x 257.29802pt.

Underfull \vbox (badness 4608) has occurred while \output is active []

 [36 <./Images_DHO/parameter_estimation/scatter_zeta_full.png> <./Images_DHO/parameter_estimation/scatter_omega_0_full.png>]
<Images_DHO/analytic_solutions_zeta_underdamped.png, id=531, 722.7pt x 433.62pt>
File: Images_DHO/analytic_solutions_zeta_underdamped.png Graphic file (type png)
<use Images_DHO/analytic_solutions_zeta_underdamped.png>
Package pdftex.def Info: Images_DHO/analytic_solutions_zeta_underdamped.png  used on input line 1104.
(pdftex.def)             Requested size: 217.14941pt x 130.28549pt.
<Images_DHO/analytic_solutions_zeta_overdamped.png, id=532, 722.7pt x 433.62pt>
File: Images_DHO/analytic_solutions_zeta_overdamped.png Graphic file (type png)
<use Images_DHO/analytic_solutions_zeta_overdamped.png>
Package pdftex.def Info: Images_DHO/analytic_solutions_zeta_overdamped.png  used on input line 1111.
(pdftex.def)             Requested size: 217.14941pt x 130.28549pt.
<Images_DHO/analytic_solutions_omega_underdamped.png, id=533, 722.7pt x 433.62pt>
File: Images_DHO/analytic_solutions_omega_underdamped.png Graphic file (type png)
<use Images_DHO/analytic_solutions_omega_underdamped.png>
Package pdftex.def Info: Images_DHO/analytic_solutions_omega_underdamped.png  used on input line 1120.
(pdftex.def)             Requested size: 217.14941pt x 130.28549pt.
<Images_DHO/analytic_solutions_omega_overdamped.png, id=534, 722.7pt x 433.62pt>
File: Images_DHO/analytic_solutions_omega_overdamped.png Graphic file (type png)
<use Images_DHO/analytic_solutions_omega_overdamped.png>
Package pdftex.def Info: Images_DHO/analytic_solutions_omega_overdamped.png  used on input line 1127.
(pdftex.def)             Requested size: 217.14941pt x 130.28549pt.

Underfull \hbox (badness 10000) in paragraph at lines 1136--1137

 []

[37 <./Images_DHO/parameter_estimation/parameter_space_rmse_full.png> <./Images_DHO/analytic_solutions_zeta_underdamped.png> <./Images_DHO/analytic_solutions_zeta_overdamped.png> <./Images_DHO/analytic_solutions_omega_underdamped.png> <./Images_DHO/analytic_solutions_omega_overdamped.png>] [38]
chapter 3.

Underfull \hbox (badness 10000) in paragraph at lines 1148--1150

 []


Underfull \hbox (badness 10000) in paragraph at lines 1151--1152

 []


Underfull \hbox (badness 10000) in paragraph at lines 1153--1154

 []

[39


]
<Images_DHO/gauss_characteristics.png, id=563, 722.7pt x 578.16pt>
File: Images_DHO/gauss_characteristics.png Graphic file (type png)
<use Images_DHO/gauss_characteristics.png>
Package pdftex.def Info: Images_DHO/gauss_characteristics.png  used on input line 1184.
(pdftex.def)             Requested size: 407.15602pt x 325.72588pt.
<Images_DHO/gauss_ic.png, id=564, 722.7pt x 433.62pt>
File: Images_DHO/gauss_ic.png Graphic file (type png)
<use Images_DHO/gauss_ic.png>
Package pdftex.def Info: Images_DHO/gauss_ic.png  used on input line 1194.
(pdftex.def)             Requested size: 217.14941pt x 130.28549pt.
<Images_DHO/gauss_t.png, id=565, 722.7pt x 433.62pt>
File: Images_DHO/gauss_t.png Graphic file (type png)
<use Images_DHO/gauss_t.png>
Package pdftex.def Info: Images_DHO/gauss_t.png  used on input line 1201.
(pdftex.def)             Requested size: 217.14941pt x 130.28549pt.

Underfull \vbox (badness 10000) has occurred while \output is active []

 [40 <./Images_DHO/gauss_characteristics.png>]
Underfull \hbox (badness 10000) in paragraph at lines 1239--1240

 []

[41 <./Images_DHO/gauss_ic.png> <./Images_DHO/gauss_t.png>]
Underfull \hbox (badness 10000) in paragraph at lines 1262--1264

 []


Underfull \hbox (badness 10000) in paragraph at lines 1265--1266

 []


Underfull \hbox (badness 10000) in paragraph at lines 1270--1272

 []


Underfull \hbox (badness 10000) in paragraph at lines 1275--1276

 []

[42]
Underfull \hbox (badness 10000) in paragraph at lines 1277--1278

 []


Underfull \hbox (badness 10000) in paragraph at lines 1279--1280

 []


Overfull \hbox (20.07759pt too wide) in paragraph at lines 1301--1302
[]\OT1/ptm/m/n/10.95 The only no-table dif-fer-ence com-pared to the damped har-monic os-cil-la-tor is the in-clu-sion of the [][]\OT1/cmtt/m/n/10.95 analytic.py
 []

[43] [44]
<Images_BE/Gauss_nu_0.1/method_of_characteristics.png, id=618, 722.7pt x 578.16pt>
File: Images_BE/Gauss_nu_0.1/method_of_characteristics.png Graphic file (type png)
<use Images_BE/Gauss_nu_0.1/method_of_characteristics.png>
Package pdftex.def Info: Images_BE/Gauss_nu_0.1/method_of_characteristics.png  used on input line 1369.
(pdftex.def)             Requested size: 294.05635pt x 235.24744pt.

Underfull \hbox (badness 10000) in paragraph at lines 1373--1374

 []

[45 <./Images_BE/Gauss_nu_0.1/method_of_characteristics.png>]
<Images_BE/Gauss_nu_0.05/gt_solution.png, id=629, 867.24pt x 578.16pt>
File: Images_BE/Gauss_nu_0.05/gt_solution.png Graphic file (type png)
<use Images_BE/Gauss_nu_0.05/gt_solution.png>
Package pdftex.def Info: Images_BE/Gauss_nu_0.05/gt_solution.png  used on input line 1381.
(pdftex.def)             Requested size: 262.39204pt x 174.93143pt.
<Images_BE/Gauss_nu_0.05/gt_2D.png, id=630, 578.16pt x 578.16pt>
File: Images_BE/Gauss_nu_0.05/gt_2D.png Graphic file (type png)
<use Images_BE/Gauss_nu_0.05/gt_2D.png>
Package pdftex.def Info: Images_BE/Gauss_nu_0.05/gt_2D.png  used on input line 1388.
(pdftex.def)             Requested size: 180.9567pt x 180.95685pt.

Underfull \hbox (badness 10000) in paragraph at lines 1395--1396

 []


Underfull \hbox (badness 10000) in paragraph at lines 1397--1398

 []

<Images_BE/Gauss_nu_0.05/3_times.png, id=634, 433.62pt x 722.7pt>
File: Images_BE/Gauss_nu_0.05/3_times.png Graphic file (type png)
<use Images_BE/Gauss_nu_0.05/3_times.png>
Package pdftex.def Info: Images_BE/Gauss_nu_0.05/3_times.png  used on input line 1403.
(pdftex.def)             Requested size: 361.92029pt x 603.22629pt.

Underfull \vbox (badness 10000) has occurred while \output is active []

 [46 <./Images_BE/Gauss_nu_0.05/gt_solution.png> <./Images_BE/Gauss_nu_0.05/gt_2D.png>]
File: Images_BE/Gauss_nu_0.05/gt_2D.png Graphic file (type png)
<use Images_BE/Gauss_nu_0.05/gt_2D.png>
Package pdftex.def Info: Images_BE/Gauss_nu_0.05/gt_2D.png  used on input line 1412.
(pdftex.def)             Requested size: 217.14941pt x 217.1447pt.
<Images_BE/Gauss_nu_0.05/pred_2D.png, id=645, 578.16pt x 578.16pt>
File: Images_BE/Gauss_nu_0.05/pred_2D.png Graphic file (type png)
<use Images_BE/Gauss_nu_0.05/pred_2D.png>
Package pdftex.def Info: Images_BE/Gauss_nu_0.05/pred_2D.png  used on input line 1419.
(pdftex.def)             Requested size: 217.14941pt x 217.1447pt.

Underfull \vbox (badness 10000) has occurred while \output is active []

 [47 <./Images_BE/Gauss_nu_0.05/3_times.png>]
<Images_BE/Gauss_nu_0.05/pred_solution.png, id=655, 867.24pt x 462.528pt>
File: Images_BE/Gauss_nu_0.05/pred_solution.png Graphic file (type png)
<use Images_BE/Gauss_nu_0.05/pred_solution.png>
Package pdftex.def Info: Images_BE/Gauss_nu_0.05/pred_solution.png  used on input line 1431.
(pdftex.def)             Requested size: 361.92029pt x 193.02534pt.
<Images_BE/Gauss_nu_0.05/pred_grid.png, id=656, 1011.78pt x 925.056pt>
File: Images_BE/Gauss_nu_0.05/pred_grid.png Graphic file (type png)
<use Images_BE/Gauss_nu_0.05/pred_grid.png>
Package pdftex.def Info: Images_BE/Gauss_nu_0.05/pred_grid.png  used on input line 1438.
(pdftex.def)             Requested size: 361.92029pt x 330.90262pt.

Underfull \vbox (badness 10000) has occurred while \output is active []

 [48 <./Images_BE/Gauss_nu_0.05/pred_2D.png> <./Images_BE/Gauss_nu_0.05/pred_solution.png>]
<Images_BE/Gauss_nu_0.05/losses.png, id=666, 722.7pt x 361.35pt>
File: Images_BE/Gauss_nu_0.05/losses.png Graphic file (type png)
<use Images_BE/Gauss_nu_0.05/losses.png>
Package pdftex.def Info: Images_BE/Gauss_nu_0.05/losses.png  used on input line 1447.
(pdftex.def)             Requested size: 294.05635pt x 147.02965pt.
 [49 <./Images_BE/Gauss_nu_0.05/pred_grid.png> <./Images_BE/Gauss_nu_0.05/losses.png>]
<Images_BE/Gauss_nu_0.05/summary.png, id=675, 1300.86pt x 794.97pt>
File: Images_BE/Gauss_nu_0.05/summary.png Graphic file (type png)
<use Images_BE/Gauss_nu_0.05/summary.png>
Package pdftex.def Info: Images_BE/Gauss_nu_0.05/summary.png  used on input line 1456.
(pdftex.def)             Requested size: 361.92029pt x 221.17084pt.

Underfull \hbox (badness 10000) in paragraph at lines 1461--1462

 []

[50 <./Images_BE/Gauss_nu_0.05/summary.png>]
<Images_BE/Gauss_nu_0.1/3_times.png, id=684, 433.62pt x 722.7pt>
File: Images_BE/Gauss_nu_0.1/3_times.png Graphic file (type png)
<use Images_BE/Gauss_nu_0.1/3_times.png>
Package pdftex.def Info: Images_BE/Gauss_nu_0.1/3_times.png  used on input line 1470.
(pdftex.def)             Requested size: 180.9567pt x 301.59108pt.
<Images_BE/Gauss_nu_0.1/summary.png, id=685, 1300.86pt x 794.97pt>
File: Images_BE/Gauss_nu_0.1/summary.png Graphic file (type png)
<use Images_BE/Gauss_nu_0.1/summary.png>
Package pdftex.def Info: Images_BE/Gauss_nu_0.1/summary.png  used on input line 1477.
(pdftex.def)             Requested size: 271.44194pt x 165.88116pt.
<Images_BE/Gauss_nu_0.01_bad/3_times.png, id=686, 433.62pt x 722.7pt>
File: Images_BE/Gauss_nu_0.01_bad/3_times.png Graphic file (type png)
<use Images_BE/Gauss_nu_0.01_bad/3_times.png>
Package pdftex.def Info: Images_BE/Gauss_nu_0.01_bad/3_times.png  used on input line 1486.
(pdftex.def)             Requested size: 203.578pt x 339.29411pt.
 [51

 <./Images_BE/Gauss_nu_0.1/3_times.png> <./Images_BE/Gauss_nu_0.1/summary.png>]
<Images_BE/Gauss_nu_0.01/summary.png, id=697, 1300.86pt x 794.97pt>
File: Images_BE/Gauss_nu_0.01/summary.png Graphic file (type png)
<use Images_BE/Gauss_nu_0.01/summary.png>
Package pdftex.def Info: Images_BE/Gauss_nu_0.01/summary.png  used on input line 1493.
(pdftex.def)             Requested size: 316.67767pt x 193.526pt.
 [52 <./Images_BE/Gauss_nu_0.01_bad/3_times.png> <./Images_BE/Gauss_nu_0.01/summary.png>]
<Images_BE/Gauss_nu_0.01/3_times.png, id=707, 433.62pt x 722.7pt>
File: Images_BE/Gauss_nu_0.01/3_times.png Graphic file (type png)
<use Images_BE/Gauss_nu_0.01/3_times.png>
Package pdftex.def Info: Images_BE/Gauss_nu_0.01/3_times.png  used on input line 1502.
(pdftex.def)             Requested size: 180.9567pt x 301.59108pt.
File: Images_BE/Gauss_nu_0.01/summary.png Graphic file (type png)
<use Images_BE/Gauss_nu_0.01/summary.png>
Package pdftex.def Info: Images_BE/Gauss_nu_0.01/summary.png  used on input line 1509.
(pdftex.def)             Requested size: 316.67767pt x 193.526pt.
 [53 <./Images_BE/Gauss_nu_0.01/3_times.png>]

LaTeX Warning: Reference `fig:N_wave_nu_0.05_bad/method_of_characteristics' on page 54 undefined on input line 1524.

<Images_BE/N_wave_nu_0.05_bad/method_of_characteristics.png, id=716, 722.7pt x 578.16pt>
File: Images_BE/N_wave_nu_0.05_bad/method_of_characteristics.png Graphic file (type png)
<use Images_BE/N_wave_nu_0.05_bad/method_of_characteristics.png>
Package pdftex.def Info: Images_BE/N_wave_nu_0.05_bad/method_of_characteristics.png  used on input line 1527.
(pdftex.def)             Requested size: 294.05635pt x 235.24744pt.
<Images_BE/N_wave_nu_0.05_bad/3_times.png, id=717, 433.62pt x 722.7pt>
File: Images_BE/N_wave_nu_0.05_bad/3_times.png Graphic file (type png)
<use Images_BE/N_wave_nu_0.05_bad/3_times.png>
Package pdftex.def Info: Images_BE/N_wave_nu_0.05_bad/3_times.png  used on input line 1536.
(pdftex.def)             Requested size: 226.19933pt x 376.99713pt.

Underfull \vbox (badness 10000) has occurred while \output is active []

 [54 <./Images_BE/N_wave_nu_0.05_bad/method_of_characteristics.png>]
<Images_BE/N_wave_nu_0.05_bad/summary.png, id=728, 1300.86pt x 794.97pt>
File: Images_BE/N_wave_nu_0.05_bad/summary.png Graphic file (type png)
<use Images_BE/N_wave_nu_0.05_bad/summary.png>
Package pdftex.def Info: Images_BE/N_wave_nu_0.05_bad/summary.png  used on input line 1543.
(pdftex.def)             Requested size: 361.92029pt x 221.17084pt.
 [55 <./Images_BE/N_wave_nu_0.05_bad/3_times.png> <./Images_BE/N_wave_nu_0.05_bad/summary.png>]
<Images_BE/N_wave_nu_0.05/3_times.png, id=737, 433.62pt x 722.7pt>
File: Images_BE/N_wave_nu_0.05/3_times.png Graphic file (type png)
<use Images_BE/N_wave_nu_0.05/3_times.png>
Package pdftex.def Info: Images_BE/N_wave_nu_0.05/3_times.png  used on input line 1552.
(pdftex.def)             Requested size: 180.9567pt x 301.59108pt.
<Images_BE/N_wave_nu_0.05/summary.png, id=738, 1300.86pt x 794.97pt>
File: Images_BE/N_wave_nu_0.05/summary.png Graphic file (type png)
<use Images_BE/N_wave_nu_0.05/summary.png>
Package pdftex.def Info: Images_BE/N_wave_nu_0.05/summary.png  used on input line 1559.
(pdftex.def)             Requested size: 316.67767pt x 193.526pt.
 [56 <./Images_BE/N_wave_nu_0.05/3_times.png> <./Images_BE/N_wave_nu_0.05/summary.png>]
<Images_BE/N_wave_nu_0.1/3_times.png, id=747, 433.62pt x 722.7pt>
File: Images_BE/N_wave_nu_0.1/3_times.png Graphic file (type png)
<use Images_BE/N_wave_nu_0.1/3_times.png>
Package pdftex.def Info: Images_BE/N_wave_nu_0.1/3_times.png  used on input line 1568.
(pdftex.def)             Requested size: 203.578pt x 339.29411pt.
<Images_BE/N_wave_nu_0.1/summary.png, id=748, 1300.86pt x 794.97pt>
File: Images_BE/N_wave_nu_0.1/summary.png Graphic file (type png)
<use Images_BE/N_wave_nu_0.1/summary.png>
Package pdftex.def Info: Images_BE/N_wave_nu_0.1/summary.png  used on input line 1575.
(pdftex.def)             Requested size: 316.67767pt x 193.526pt.
 [57

 <./Images_BE/N_wave_nu_0.1/3_times.png> <./Images_BE/N_wave_nu_0.1/summary.png>]
<Images_BE/N_wave_nu_0.01/3_times.png, id=759, 433.62pt x 722.7pt>
File: Images_BE/N_wave_nu_0.01/3_times.png Graphic file (type png)
<use Images_BE/N_wave_nu_0.01/3_times.png>
Package pdftex.def Info: Images_BE/N_wave_nu_0.01/3_times.png  used on input line 1584.
(pdftex.def)             Requested size: 180.9567pt x 301.59108pt.
<Images_BE/N_wave_nu_0.01/summary.png, id=760, 1300.86pt x 794.97pt>
File: Images_BE/N_wave_nu_0.01/summary.png Graphic file (type png)
<use Images_BE/N_wave_nu_0.01/summary.png>
Package pdftex.def Info: Images_BE/N_wave_nu_0.01/summary.png  used on input line 1591.
(pdftex.def)             Requested size: 316.67767pt x 193.526pt.
 [58

 <./Images_BE/N_wave_nu_0.01/3_times.png> <./Images_BE/N_wave_nu_0.01/summary.png>]
<Images_BE/Step_up_nu_0.1/method_of_characteristics.png, id=771, 722.7pt x 578.16pt>
File: Images_BE/Step_up_nu_0.1/method_of_characteristics.png Graphic file (type png)
<use Images_BE/Step_up_nu_0.1/method_of_characteristics.png>
Package pdftex.def Info: Images_BE/Step_up_nu_0.1/method_of_characteristics.png  used on input line 1610.
(pdftex.def)             Requested size: 294.05635pt x 235.24744pt.
<Images_BE/Step_up_nu_0.05/pred_solution.png, id=772, 867.24pt x 462.528pt>
File: Images_BE/Step_up_nu_0.05/pred_solution.png Graphic file (type png)
<use Images_BE/Step_up_nu_0.05/pred_solution.png>
Package pdftex.def Info: Images_BE/Step_up_nu_0.05/pred_solution.png  used on input line 1620.
(pdftex.def)             Requested size: 271.44194pt x 144.76547pt.
<Images_BE/Step_up_nu_0.05/summary.png, id=773, 1300.86pt x 794.97pt>
File: Images_BE/Step_up_nu_0.05/summary.png Graphic file (type png)
<use Images_BE/Step_up_nu_0.05/summary.png>
Package pdftex.def Info: Images_BE/Step_up_nu_0.05/summary.png  used on input line 1627.
(pdftex.def)             Requested size: 361.92029pt x 221.17084pt.
 [59 <./Images_BE/Step_up_nu_0.1/method_of_characteristics.png> <./Images_BE/Step_up_nu_0.05/pred_solution.png>] [60 <./Images_BE/Step_up_nu_0.05/summary.png>]
<Images_BE/Step_up_nu_0.1/pred_solution.png, id=790, 867.24pt x 462.528pt>
File: Images_BE/Step_up_nu_0.1/pred_solution.png Graphic file (type png)
<use Images_BE/Step_up_nu_0.1/pred_solution.png>
Package pdftex.def Info: Images_BE/Step_up_nu_0.1/pred_solution.png  used on input line 1637.
(pdftex.def)             Requested size: 316.67767pt x 168.89542pt.
<Images_BE/Step_up_nu_0.1/summary.png, id=791, 1300.86pt x 794.97pt>
File: Images_BE/Step_up_nu_0.1/summary.png Graphic file (type png)
<use Images_BE/Step_up_nu_0.1/summary.png>
Package pdftex.def Info: Images_BE/Step_up_nu_0.1/summary.png  used on input line 1644.
(pdftex.def)             Requested size: 361.92029pt x 221.17084pt.
<Images_BE/Step_up_nu_0.01/pred_solution.png, id=792, 867.24pt x 462.528pt>
File: Images_BE/Step_up_nu_0.01/pred_solution.png Graphic file (type png)
<use Images_BE/Step_up_nu_0.01/pred_solution.png>
Package pdftex.def Info: Images_BE/Step_up_nu_0.01/pred_solution.png  used on input line 1653.
(pdftex.def)             Requested size: 316.67767pt x 168.89542pt.

Underfull \vbox (badness 10000) has occurred while \output is active []

 [61

 <./Images_BE/Step_up_nu_0.1/pred_solution.png> <./Images_BE/Step_up_nu_0.1/summary.png>]
<Images_BE/Step_up_nu_0.01/summary.png, id=803, 1300.86pt x 794.97pt>
File: Images_BE/Step_up_nu_0.01/summary.png Graphic file (type png)
<use Images_BE/Step_up_nu_0.01/summary.png>
Package pdftex.def Info: Images_BE/Step_up_nu_0.01/summary.png  used on input line 1660.
(pdftex.def)             Requested size: 361.92029pt x 221.17084pt.
 [62 <./Images_BE/Step_up_nu_0.01/pred_solution.png> <./Images_BE/Step_up_nu_0.01/summary.png>]
<Images_BE/pinn_profiling/mem_data.png, id=812, 867.24pt x 578.16pt>
File: Images_BE/pinn_profiling/mem_data.png Graphic file (type png)
<use Images_BE/pinn_profiling/mem_data.png>
Package pdftex.def Info: Images_BE/pinn_profiling/mem_data.png  used on input line 1688.
(pdftex.def)             Requested size: 217.14941pt x 144.7602pt.
<Images_BE/pinn_profiling/mem_data_gpu.png, id=813, 867.24pt x 578.16pt>
File: Images_BE/pinn_profiling/mem_data_gpu.png Graphic file (type png)
<use Images_BE/pinn_profiling/mem_data_gpu.png>
Package pdftex.def Info: Images_BE/pinn_profiling/mem_data_gpu.png  used on input line 1695.
(pdftex.def)             Requested size: 217.14941pt x 144.7602pt.
<Images_BE/pinn_profiling/mem_train.png, id=814, 867.24pt x 578.16pt>
File: Images_BE/pinn_profiling/mem_train.png Graphic file (type png)
<use Images_BE/pinn_profiling/mem_train.png>
Package pdftex.def Info: Images_BE/pinn_profiling/mem_train.png  used on input line 1708.
(pdftex.def)             Requested size: 217.14941pt x 144.7602pt.
<Images_BE/pinn_profiling/mem_train_gpu.png, id=815, 867.24pt x 578.16pt>
File: Images_BE/pinn_profiling/mem_train_gpu.png Graphic file (type png)
<use Images_BE/pinn_profiling/mem_train_gpu.png>
Package pdftex.def Info: Images_BE/pinn_profiling/mem_train_gpu.png  used on input line 1715.
(pdftex.def)             Requested size: 217.14941pt x 144.7602pt.
<Images_BE/pinn_profiling/mem_plots.png, id=816, 867.24pt x 578.16pt>
File: Images_BE/pinn_profiling/mem_plots.png Graphic file (type png)
<use Images_BE/pinn_profiling/mem_plots.png>
Package pdftex.def Info: Images_BE/pinn_profiling/mem_plots.png  used on input line 1728.
(pdftex.def)             Requested size: 217.14941pt x 144.7602pt.
<Images_BE/pinn_profiling/mem_plots_gpu.png, id=817, 867.24pt x 578.16pt>
File: Images_BE/pinn_profiling/mem_plots_gpu.png Graphic file (type png)
<use Images_BE/pinn_profiling/mem_plots_gpu.png>
Package pdftex.def Info: Images_BE/pinn_profiling/mem_plots_gpu.png  used on input line 1735.
(pdftex.def)             Requested size: 217.14941pt x 144.7602pt.
 [63

 <./Images_BE/pinn_profiling/mem_data.png> <./Images_BE/pinn_profiling/mem_data_gpu.png> <./Images_BE/pinn_profiling/mem_train.png> <./Images_BE/pinn_profiling/mem_train_gpu.png>]
<Images_BE/Gauss_nu_0.05_data_included/summary.png, id=830, 1300.86pt x 794.97pt>
File: Images_BE/Gauss_nu_0.05_data_included/summary.png Graphic file (type png)
<use Images_BE/Gauss_nu_0.05_data_included/summary.png>
Package pdftex.def Info: Images_BE/Gauss_nu_0.05_data_included/summary.png  used on input line 1747.
(pdftex.def)             Requested size: 361.92029pt x 221.17084pt.
<Images_BE/Gauss_nu_0.05_ML/summary.png, id=831, 1300.86pt x 794.97pt>
File: Images_BE/Gauss_nu_0.05_ML/summary.png Graphic file (type png)
<use Images_BE/Gauss_nu_0.05_ML/summary.png>
Package pdftex.def Info: Images_BE/Gauss_nu_0.05_ML/summary.png  used on input line 1757.
(pdftex.def)             Requested size: 361.92029pt x 221.17084pt.
 [64 <./Images_BE/pinn_profiling/mem_plots.png> <./Images_BE/pinn_profiling/mem_plots_gpu.png> <./Images_BE/Gauss_nu_0.05_data_included/summary.png>]
<Images_BE/Gauss_nu_0.05_extrapblind/summary.png, id=841, 1300.86pt x 794.97pt>
File: Images_BE/Gauss_nu_0.05_extrapblind/summary.png Graphic file (type png)
<use Images_BE/Gauss_nu_0.05_extrapblind/summary.png>
Package pdftex.def Info: Images_BE/Gauss_nu_0.05_extrapblind/summary.png  used on input line 1767.
(pdftex.def)             Requested size: 361.92029pt x 221.17084pt.

Underfull \vbox (badness 10000) has occurred while \output is active []

 [65 <./Images_BE/Gauss_nu_0.05_ML/summary.png>]
<Images_BE/Gauss_nu_0.05_low_complexity/summary.png, id=849, 1300.86pt x 794.97pt>
File: Images_BE/Gauss_nu_0.05_low_complexity/summary.png Graphic file (type png)
<use Images_BE/Gauss_nu_0.05_low_complexity/summary.png>
Package pdftex.def Info: Images_BE/Gauss_nu_0.05_low_complexity/summary.png  used on input line 1786.
(pdftex.def)             Requested size: 361.92029pt x 221.17084pt.

Underfull \vbox (badness 10000) has occurred while \output is active []

 [66 <./Images_BE/Gauss_nu_0.05_extrapblind/summary.png>]
<Images_BE/Gauss_nu_0.05_high_lr/summary.png, id=856, 1300.86pt x 794.97pt>
File: Images_BE/Gauss_nu_0.05_high_lr/summary.png Graphic file (type png)
<use Images_BE/Gauss_nu_0.05_high_lr/summary.png>
Package pdftex.def Info: Images_BE/Gauss_nu_0.05_high_lr/summary.png  used on input line 1795.
(pdftex.def)             Requested size: 361.92029pt x 221.17084pt.
<Images_BE/Gauss_nu_0.05_low_lr/summary.png, id=857, 1300.86pt x 794.97pt>
File: Images_BE/Gauss_nu_0.05_low_lr/summary.png Graphic file (type png)
<use Images_BE/Gauss_nu_0.05_low_lr/summary.png>
Package pdftex.def Info: Images_BE/Gauss_nu_0.05_low_lr/summary.png  used on input line 1802.
(pdftex.def)             Requested size: 361.92029pt x 221.17084pt.
 [67 <./Images_BE/Gauss_nu_0.05_low_complexity/summary.png> <./Images_BE/Gauss_nu_0.05_high_lr/summary.png>]
<Images_BE/Gauss_nu_0.05_no_bc/summary.png, id=867, 1300.86pt x 794.97pt>
File: Images_BE/Gauss_nu_0.05_no_bc/summary.png Graphic file (type png)
<use Images_BE/Gauss_nu_0.05_no_bc/summary.png>
Package pdftex.def Info: Images_BE/Gauss_nu_0.05_no_bc/summary.png  used on input line 1812.
(pdftex.def)             Requested size: 361.92029pt x 221.17084pt.
 [68 <./Images_BE/Gauss_nu_0.05_low_lr/summary.png> <./Images_BE/Gauss_nu_0.05_no_bc/summary.png>]
Underfull \hbox (badness 10000) in paragraph at lines 1867--1868

 []

[69]
Underfull \hbox (badness 10000) in paragraph at lines 1888--1889

 []

<Images_BE/inversepinn_high/pred_solution.png, id=891, 867.24pt x 462.528pt>
File: Images_BE/inversepinn_high/pred_solution.png Graphic file (type png)
<use Images_BE/inversepinn_high/pred_solution.png>
Package pdftex.def Info: Images_BE/inversepinn_high/pred_solution.png  used on input line 1911.
(pdftex.def)             Requested size: 361.92029pt x 193.02534pt.

Underfull \vbox (badness 10000) has occurred while \output is active []

 [70]
<Images_BE/inversepinn_high/summary.png, id=901, 1300.86pt x 794.97pt>
File: Images_BE/inversepinn_high/summary.png Graphic file (type png)
<use Images_BE/inversepinn_high/summary.png>
Package pdftex.def Info: Images_BE/inversepinn_high/summary.png  used on input line 1918.
(pdftex.def)             Requested size: 361.92029pt x 221.17084pt.
<Images_BE/inversepinn_high/parameter_convergence.png, id=902, 722.7pt x 361.35pt>
File: Images_BE/inversepinn_high/parameter_convergence.png Graphic file (type png)
<use Images_BE/inversepinn_high/parameter_convergence.png>
Package pdftex.def Info: Images_BE/inversepinn_high/parameter_convergence.png  used on input line 1925.
(pdftex.def)             Requested size: 316.67767pt x 158.33835pt.
 [71 <./Images_BE/inversepinn_high/pred_solution.png> <./Images_BE/inversepinn_high/summary.png> <./Images_BE/inversepinn_high/parameter_convergence.png>]
<Images_BE/inversepinn_low/pred_solution.png, id=914, 867.24pt x 462.528pt>
File: Images_BE/inversepinn_low/pred_solution.png Graphic file (type png)
<use Images_BE/inversepinn_low/pred_solution.png>
Package pdftex.def Info: Images_BE/inversepinn_low/pred_solution.png  used on input line 1950.
(pdftex.def)             Requested size: 361.92029pt x 193.02534pt.
<Images_BE/inversepinn_low/summary.png, id=915, 1300.86pt x 794.97pt>
File: Images_BE/inversepinn_low/summary.png Graphic file (type png)
<use Images_BE/inversepinn_low/summary.png>
Package pdftex.def Info: Images_BE/inversepinn_low/summary.png  used on input line 1957.
(pdftex.def)             Requested size: 361.92029pt x 221.17084pt.

Underfull \vbox (badness 10000) has occurred while \output is active []

 [72 <./Images_BE/inversepinn_low/pred_solution.png>]
<Images_BE/inversepinn_low/parameter_convergence.png, id=924, 722.7pt x 361.35pt>
File: Images_BE/inversepinn_low/parameter_convergence.png Graphic file (type png)
<use Images_BE/inversepinn_low/parameter_convergence.png>
Package pdftex.def Info: Images_BE/inversepinn_low/parameter_convergence.png  used on input line 1964.
(pdftex.def)             Requested size: 316.67767pt x 158.33835pt.
<Images_BE/nu_estimation/scatter_Gauss_None.png, id=927, 578.16pt x 578.16pt>
File: Images_BE/nu_estimation/scatter_Gauss_None.png Graphic file (type png)
<use Images_BE/nu_estimation/scatter_Gauss_None.png>
Package pdftex.def Info: Images_BE/nu_estimation/scatter_Gauss_None.png  used on input line 1977.
(pdftex.def)             Requested size: 361.92029pt x 361.91371pt.

Underfull \vbox (badness 1360) has occurred while \output is active []

 [73 <./Images_BE/inversepinn_low/summary.png> <./Images_BE/inversepinn_low/parameter_convergence.png>]
<Images_BE/nu_estimation/scatter_Gauss_high.png, id=939, 578.16pt x 578.16pt>
File: Images_BE/nu_estimation/scatter_Gauss_high.png Graphic file (type png)
<use Images_BE/nu_estimation/scatter_Gauss_high.png>
Package pdftex.def Info: Images_BE/nu_estimation/scatter_Gauss_high.png  used on input line 1988.
(pdftex.def)             Requested size: 217.14941pt x 217.1447pt.
<Images_BE/nu_estimation/scatter_Gauss_low.png, id=940, 578.16pt x 578.16pt>
File: Images_BE/nu_estimation/scatter_Gauss_low.png Graphic file (type png)
<use Images_BE/nu_estimation/scatter_Gauss_low.png>
Package pdftex.def Info: Images_BE/nu_estimation/scatter_Gauss_low.png  used on input line 1995.
(pdftex.def)             Requested size: 217.14941pt x 217.1447pt.
 [74 <./Images_BE/nu_estimation/scatter_Gauss_None.png> <./Images_BE/nu_estimation/scatter_Gauss_high.png> <./Images_BE/nu_estimation/scatter_Gauss_low.png>]
Underfull \hbox (badness 10000) in paragraph at lines 2019--2020

 []


Underfull \hbox (badness 10000) in paragraph at lines 2021--2022

 []

<Images_BE/inversepinn_veryhigh/parameter_convergence.png, id=950, 722.7pt x 361.35pt>
File: Images_BE/inversepinn_veryhigh/parameter_convergence.png Graphic file (type png)
<use Images_BE/inversepinn_veryhigh/parameter_convergence.png>
Package pdftex.def Info: Images_BE/inversepinn_veryhigh/parameter_convergence.png  used on input line 2027.
(pdftex.def)             Requested size: 316.67767pt x 158.33835pt.
[75 <./Images_BE/inversepinn_veryhigh/parameter_convergence.png>] [76]
chapter 4.
(./Exam_Programming.bbl (./Exam_Programming.brf)
\tf@brf=\write6
\openout6 = `Exam_Programming.brf'.

 [77


] [78


]) [79] (./Exam_Programming.aux)
 ***********
LaTeX2e <2023-11-01> patch level 1
L3 programming layer <2020/03/25>
 ***********


LaTeX Warning: There were undefined references.


LaTeX Warning: There were multiply-defined labels.

Package rerunfilecheck Info: File `Exam_Programming.out' has not changed.
(rerunfilecheck)             Checksum: D41D8CD98F00B204E9800998ECF8427E;0.
Package rerunfilecheck Info: File `Exam_Programming.brf' has not changed.
(rerunfilecheck)             Checksum: E5B772CA7A4D209135B0A7BEFC7BD396;859.
 ) 
Here is how much of TeX's memory you used:
 32627 strings out of 475582
 661906 string characters out of 5778246
 1943975 words of memory out of 5000000
 53738 multiletter control sequences out of 15000+600000
 617957 words of font info for 155 fonts, out of 8000000 for 9000
 350 hyphenation exceptions out of 8191
 122i,18n,131p,10994b,1435s stack positions out of 10000i,1000n,20000p,200000b,200000s
</usr/share/texlive/texmf-dist/fonts/type1/public/amsfonts/cm/cmex10.pfb></usr/share/texlive/texmf-dist/fonts/type1/public/amsfonts/cm/cmmi10.pfb></usr/share/texlive/texmf-dist/fonts/type1/public/amsfonts/cm/cmr10.pfb></usr/share/texlive/texmf-dist/fonts/type1/public/amsfonts/cm/cmss17.pfb></usr/share/texlive/texmf-dist/fonts/type1/public/amsfonts/cm/cmssbx10.pfb></usr/share/texlive/texmf-dist/fonts/type1/public/amsfonts/cm/cmsy10.pfb></usr/share/texlive/texmf-dist/fonts/type1/public/amsfonts/cm/cmtt10.pfb></usr/share/texlive/texmf-dist/fonts/type1/urw/symbol/usyr.pfb></usr/share/texlive/texmf-dist/fonts/type1/urw/symbol/usyr.pfb></usr/share/texlive/texmf-dist/fonts/type1/urw/times/utmb8a.pfb></usr/share/texlive/texmf-dist/fonts/type1/urw/times/utmr8a.pfb></usr/share/texlive/texmf-dist/fonts/type1/urw/times/utmr8a.pfb></usr/share/texlive/texmf-dist/fonts/type1/urw/times/utmri8a.pfb>
Output written on Exam_Programming.pdf (83 pages, 36469700 bytes).
PDF statistics:
 1264 PDF objects out of 1440 (max. 8388607)
 953 compressed objects within 10 object streams
 355 named destinations out of 1000 (max. 500000)
 851 words of extra memory for PDF output out of 10000 (max. 10000000)

