\BOOKMARK [0][-]{chapter.1}{\376\377\000I\000n\000t\000r\000o\000d\000u\000c\000t\000i\000o\000n}{}% 1
\BOOKMARK [1][-]{section.1.1}{\376\377\000P\000h\000y\000s\000i\000c\000s\000-\000I\000n\000f\000o\000r\000m\000e\000d\000\040\000N\000e\000u\000r\000a\000l\000\040\000N\000e\000t\000w\000o\000r\000k\000s\000\040\000\050\000P\000I\000N\000N\000s\000\051}{chapter.1}% 2
\BOOKMARK [2][-]{subsection.1.1.1}{\376\377\000A\000d\000v\000a\000n\000t\000a\000g\000e\000s\000\040\000A\000n\000d\000\040\000D\000i\000s\000a\000d\000v\000a\000n\000t\000a\000g\000e\000s\000\040\000O\000f\000\040\000P\000I\000N\000N\000s}{section.1.1}% 3
\BOOKMARK [2][-]{subsection.1.1.2}{\376\377\000I\000m\000p\000l\000e\000m\000e\000n\000t\000a\000t\000i\000o\000n\000\040\000D\000e\000t\000a\000i\000l\000s}{section.1.1}% 4
\BOOKMARK [1][-]{section.1.2}{\376\377\000T\000h\000e\000\040\000D\000a\000m\000p\000e\000d\000\040\000H\000a\000r\000m\000o\000n\000i\000c\000\040\000O\000s\000c\000i\000l\000l\000a\000t\000o\000r}{chapter.1}% 5
\BOOKMARK [2][-]{subsection.1.2.1}{\376\377\000P\000r\000o\000b\000l\000e\000m\000\040\000D\000e\000s\000c\000r\000i\000p\000t\000i\000o\000n}{section.1.2}% 6
\BOOKMARK [2][-]{subsection.1.2.2}{\376\377\000P\000h\000y\000s\000i\000c\000a\000l\000\040\000C\000h\000a\000r\000a\000c\000t\000e\000r\000i\000z\000a\000t\000i\000o\000n}{section.1.2}% 7
\BOOKMARK [2][-]{subsection.1.2.3}{\376\377\000A\000n\000a\000l\000y\000t\000i\000c\000a\000l\000\040\000S\000o\000l\000u\000t\000i\000o\000n}{section.1.2}% 8
\BOOKMARK [1][-]{section.1.3}{\376\377\000B\000u\000r\000g\000e\000r\000s\000'\000\040\000E\000q\000u\000a\000t\000i\000o\000n}{chapter.1}% 9
\BOOKMARK [2][-]{subsection.1.3.1}{\376\377\000P\000r\000o\000b\000l\000e\000m\000\040\000D\000e\000s\000c\000r\000i\000p\000t\000i\000o\000n}{section.1.3}% 10
\BOOKMARK [2][-]{subsection.1.3.2}{\376\377\000P\000h\000y\000s\000i\000c\000a\000l\000\040\000I\000n\000t\000e\000r\000p\000r\000e\000t\000a\000t\000i\000o\000n}{section.1.3}% 11
\BOOKMARK [2][-]{subsection.1.3.3}{\376\377\000B\000e\000n\000c\000h\000m\000a\000r\000k\000\040\000I\000n\000i\000t\000i\000a\000l\000\040\000C\000o\000n\000d\000i\000t\000i\000o\000n\000s}{section.1.3}% 12
\BOOKMARK [0][-]{chapter.2}{\376\377\000U\000n\000d\000e\000r\000s\000t\000a\000n\000d\000i\000n\000g\000\040\000a\000\040\000G\000i\000v\000e\000n\000\040\000S\000o\000l\000u\000t\000i\000o\000n}{}% 13
\BOOKMARK [0][-]{chapter.3}{\376\377\000S\000t\000r\000u\000c\000t\000u\000r\000e\000\040\000a\000n\000d\000\040\000I\000m\000p\000l\000e\000m\000e\000n\000t\000a\000t\000i\000o\000n}{}% 14
\BOOKMARK [1][-]{section.3.1}{\376\377\000G\000e\000n\000e\000r\000a\000l\000\040\000S\000t\000r\000u\000c\000t\000u\000r\000e}{chapter.3}% 15
\BOOKMARK [2][-]{subsection.3.1.1}{\376\377\000C\000o\000n\000f\000i\000g\000u\000r\000a\000t\000i\000o\000n\000\040\000a\000n\000d\000\040\000I\000n\000f\000e\000r\000e\000n\000c\000e}{section.3.1}% 16
\BOOKMARK [2][-]{subsection.3.1.2}{\376\377\000D\000a\000t\000a\000\040\000G\000e\000n\000e\000r\000a\000t\000i\000o\000n\000\040\000a\000n\000d\000\040\000S\000a\000m\000p\000l\000i\000n\000g}{section.3.1}% 17
\BOOKMARK [2][-]{subsection.3.1.3}{\376\377\000T\000r\000a\000i\000n\000i\000n\000g\000\040\000a\000n\000d\000\040\000S\000a\000v\000i\000n\000g}{section.3.1}% 18
\BOOKMARK [2][-]{subsection.3.1.4}{\376\377\000E\000v\000a\000l\000u\000a\000t\000i\000o\000n\000\040\000a\000n\000d\000\040\000P\000l\000o\000t\000t\000i\000n\000g}{section.3.1}% 19
\BOOKMARK [1][-]{section.3.2}{\376\377\000D\000i\000f\000f\000e\000r\000e\000n\000c\000e\000s\000\040\000I\000n\000\040\000I\000m\000p\000l\000e\000m\000e\000n\000t\000a\000t\000i\000o\000n\000\040\000B\000e\000t\000w\000e\000e\000n\000\040\000T\000h\000e\000\040\000D\000a\000m\000p\000e\000d\000\040\000H\000a\000r\000m\000o\000n\000i\000c\000\040\000O\000s\000c\000i\000l\000l\000a\000t\000o\000r\000\040\000A\000n\000d\000\040\000T\000h\000e\000\040\000B\000u\000r\000g\000e\000r\000s\000'\000\040\000E\000q\000u\000a\000t\000i\000o\000n}{chapter.3}% 20
\BOOKMARK [1][-]{section.3.3}{\376\377\000H\000y\000p\000e\000r\000p\000a\000r\000a\000m\000e\000t\000e\000r\000\040\000O\000p\000t\000i\000m\000i\000z\000a\000t\000i\000o\000n}{chapter.3}% 21
\BOOKMARK [2][-]{subsection.3.3.1}{\376\377\000D\000a\000m\000p\000e\000d\000\040\000H\000a\000r\000m\000o\000n\000i\000c\000\040\000O\000s\000c\000i\000l\000l\000a\000t\000o\000r}{section.3.3}% 22
\BOOKMARK [2][-]{subsection.3.3.2}{\376\377\000B\000u\000r\000g\000e\000r\000s\000'\000\040\000E\000q\000u\000a\000t\000i\000o\000n}{section.3.3}% 23
\BOOKMARK [0][-]{chapter.4}{\376\377\000R\000e\000s\000u\000l\000t\000s}{}% 24
\BOOKMARK [1][-]{section.4.1}{\376\377\000D\000a\000m\000p\000e\000d\000\040\000H\000a\000r\000m\000o\000n\000i\000c\000\040\000O\000s\000c\000i\000l\000l\000a\000t\000o\000r}{chapter.4}% 25
\BOOKMARK [2][-]{subsection.4.1.1}{\376\377\000N\000o\000r\000m\000a\000l\000\040\000P\000r\000o\000b\000l\000e\000m}{section.4.1}% 26
\BOOKMARK [2][-]{subsection.4.1.2}{\376\377\000R\000e\000v\000e\000r\000s\000e\000\040\000P\000r\000o\000b\000l\000e\000m}{section.4.1}% 27
\BOOKMARK [1][-]{section.4.2}{\376\377\000B\000u\000r\000g\000e\000r\000s\000'\000\040\000E\000q\000u\000a\000t\000i\000o\000n}{chapter.4}% 28
\BOOKMARK [0][-]{chapter.5}{\376\377\000C\000o\000n\000c\000l\000u\000s\000i\000o\000n}{}% 29
