This is pdfTeX, Version 3.141592653-2.6-1.40.25 (MiKTeX 23.10.12) (preloaded format=pdflatex 2023.12.15)  23 MAY 2026 17:07
entering extended mode
 restricted \write18 enabled.
 file:line:error style messages enabled.
 %&-line parsing enabled.
**c:/Users/vasco/Desktop/ExProgrammeren/Report/Exam_VascoVerwimp_Report.tex
(c:/Users/vasco/Desktop/ExProgrammeren/Report/Exam_VascoVerwimp_Report.tex
LaTeX2e <2023-11-01>
L3 programming layer <2023-11-09>
(C:\Users\vasco\AppData\Local\Programs\MiKTeX\tex/latex/base\report.cls
Document Class: report 2023/05/17 v1.4n Standard LaTeX document class
(C:\Users\vasco\AppData\Local\Programs\MiKTeX\tex/latex/base\size12.clo
File: size12.clo 2023/05/17 v1.4n Standard LaTeX file (size option)
)
\c@part=\count186
\c@chapter=\count187
\c@section=\count188
\c@subsection=\count189
\c@subsubsection=\count190
\c@paragraph=\count191
\c@subparagraph=\count192
\c@figure=\count193
\c@table=\count194
\abovecaptionskip=\skip48
\belowcaptionskip=\skip49
\bibindent=\dimen140
) (C:\Users\vasco\AppData\Local\Programs\MiKTeX\tex/generic/babel\babel.sty
Package: babel 2023/11/11 v3.97 The Babel package
\babel@savecnt=\count195
\U@D=\dimen141
\l@unhyphenated=\language79
 (C:\Users\vasco\AppData\Local\Programs\MiKTeX\tex/generic/babel\txtbabel.def)
\bbl@readstream=\read2
\bbl@dirlevel=\count196

*************************************
* Local config file bblopts.cfg used
*
(C:\Users\vasco\AppData\Local\Programs\MiKTeX\tex/latex/arabi\bblopts.cfg
File: bblopts.cfg 2005/09/08 v0.1 add Arabic and Farsi to "declared" options of babel
) (C:\Users\vasco\AppData\Local\Programs\MiKTeX\tex/latex/babel-english\english.ldf
Language: english 2017/06/06 v3.3r English support from the babel system
Package babel Info: Hyphen rules for 'canadian' set to \l@english
(babel)             (\language0). Reported on input line 102.
Package babel Info: Hyphen rules for 'australian' set to \l@ukenglish
(babel)             (\language73). Reported on input line 105.
Package babel Info: Hyphen rules for 'newzealand' set to \l@ukenglish
(babel)             (\language73). Reported on input line 108.
)) (C:\Users\vasco\AppData\Local\Programs\MiKTeX\tex/generic/babel/locale/en\babel-english.tex
Package babel Info: Importing font and identification data for english
(babel)             from babel-en.ini. Reported on input line 11.
) (C:\Users\vasco\AppData\Local\Programs\MiKTeX\tex/latex/amsmath\amsmath.sty
Package: amsmath 2023/05/13 v2.17o AMS math features
\@mathmargin=\skip50

For additional information on amsmath, use the `?' option.
(C:\Users\vasco\AppData\Local\Programs\MiKTeX\tex/latex/amsmath\amstext.sty
Package: amstext 2021/08/26 v2.01 AMS text
 (C:\Users\vasco\AppData\Local\Programs\MiKTeX\tex/latex/amsmath\amsgen.sty
File: amsgen.sty 1999/11/30 v2.0 generic functions
\@emptytoks=\toks17
\ex@=\dimen142
)) (C:\Users\vasco\AppData\Local\Programs\MiKTeX\tex/latex/amsmath\amsbsy.sty
Package: amsbsy 1999/11/29 v1.2d Bold Symbols
\pmbraise@=\dimen143
) (C:\Users\vasco\AppData\Local\Programs\MiKTeX\tex/latex/amsmath\amsopn.sty
Package: amsopn 2022/04/08 v2.04 operator names
)
\inf@bad=\count197
LaTeX Info: Redefining \frac on input line 234.
\uproot@=\count198
\leftroot@=\count199
LaTeX Info: Redefining \overline on input line 399.
LaTeX Info: Redefining \colon on input line 410.
\classnum@=\count266
\DOTSCASE@=\count267
LaTeX Info: Redefining \ldots on input line 496.
LaTeX Info: Redefining \dots on input line 499.
LaTeX Info: Redefining \cdots on input line 620.
\Mathstrutbox@=\box51
\strutbox@=\box52
LaTeX Info: Redefining \big on input line 722.
LaTeX Info: Redefining \Big on input line 723.
LaTeX Info: Redefining \bigg on input line 724.
LaTeX Info: Redefining \Bigg on input line 725.
\big@size=\dimen144
LaTeX Font Info:    Redeclaring font encoding OML on input line 743.
LaTeX Font Info:    Redeclaring font encoding OMS on input line 744.
\macc@depth=\count268
LaTeX Info: Redefining \bmod on input line 905.
LaTeX Info: Redefining \pmod on input line 910.
LaTeX Info: Redefining \smash on input line 940.
LaTeX Info: Redefining \relbar on input line 970.
LaTeX Info: Redefining \Relbar on input line 971.
\c@MaxMatrixCols=\count269
\dotsspace@=\muskip16
\c@parentequation=\count270
\dspbrk@lvl=\count271
\tag@help=\toks18
\row@=\count272
\column@=\count273
\maxfields@=\count274
\andhelp@=\toks19
\eqnshift@=\dimen145
\alignsep@=\dimen146
\tagshift@=\dimen147
\tagwidth@=\dimen148
\totwidth@=\dimen149
\lineht@=\dimen150
\@envbody=\toks20
\multlinegap=\skip51
\multlinetaggap=\skip52
\mathdisplay@stack=\toks21
LaTeX Info: Redefining \[ on input line 2953.
LaTeX Info: Redefining \] on input line 2954.
) (C:\Users\vasco\AppData\Local\Programs\MiKTeX\tex/latex/amsfonts\amssymb.sty
Package: amssymb 2013/01/14 v3.01 AMS font symbols
 (C:\Users\vasco\AppData\Local\Programs\MiKTeX\tex/latex/amsfonts\amsfonts.sty
Package: amsfonts 2013/01/14 v3.01 Basic AMSFonts support
\symAMSa=\mathgroup4
\symAMSb=\mathgroup5
LaTeX Font Info:    Redeclaring math symbol \hbar on input line 98.
LaTeX Font Info:    Overwriting math alphabet `\mathfrak' in version `bold'
(Font)                  U/euf/m/n --> U/euf/b/n on input line 106.
)) (C:\Users\vasco\AppData\Local\Programs\MiKTeX\tex/latex/amscls\amsthm.sty
Package: amsthm 2020/05/29 v2.20.6
\thm@style=\toks22
\thm@bodyfont=\toks23
\thm@headfont=\toks24
\thm@notefont=\toks25
\thm@headpunct=\toks26
\thm@preskip=\skip53
\thm@postskip=\skip54
\thm@headsep=\skip55
\dth@everypar=\toks27
) (C:\Users\vasco\AppData\Local\Programs\MiKTeX\tex/latex/graphics\graphicx.sty
Package: graphicx 2021/09/16 v1.2d Enhanced LaTeX Graphics (DPC,SPQR)
 (C:\Users\vasco\AppData\Local\Programs\MiKTeX\tex/latex/graphics\keyval.sty
Package: keyval 2022/05/29 v1.15 key=value parser (DPC)
\KV@toks@=\toks28
) (C:\Users\vasco\AppData\Local\Programs\MiKTeX\tex/latex/graphics\graphics.sty
Package: graphics 2022/03/10 v1.4e Standard LaTeX Graphics (DPC,SPQR)
 (C:\Users\vasco\AppData\Local\Programs\MiKTeX\tex/latex/graphics\trig.sty
Package: trig 2021/08/11 v1.11 sin cos tan (DPC)
) (C:\Users\vasco\AppData\Local\Programs\MiKTeX\tex/latex/graphics-cfg\graphics.cfg
File: graphics.cfg 2016/06/04 v1.11 sample graphics configuration
)
Package graphics Info: Driver file: pdftex.def on input line 107.
 (C:\Users\vasco\AppData\Local\Programs\MiKTeX\tex/latex/graphics-def\pdftex.def
File: pdftex.def 2022/09/22 v1.2b Graphics/color driver for pdftex
))
\Gin@req@height=\dimen151
\Gin@req@width=\dimen152
) (C:\Users\vasco\AppData\Local\Programs\MiKTeX\tex/latex/hyperref\hyperref.sty
Package: hyperref 2023-11-26 v7.01g Hypertext links for LaTeX
 (C:\Users\vasco\AppData\Local\Programs\MiKTeX\tex/generic/iftex\iftex.sty
Package: iftex 2022/02/03 v1.0f TeX engine tests
) (C:\Users\vasco\AppData\Local\Programs\MiKTeX\tex/generic/infwarerr\infwarerr.sty
Package: infwarerr 2019/12/03 v1.5 Providing info/warning/error messages (HO)
) (C:\Users\vasco\AppData\Local\Programs\MiKTeX\tex/latex/kvsetkeys\kvsetkeys.sty
Package: kvsetkeys 2022-10-05 v1.19 Key value parser (HO)
) (C:\Users\vasco\AppData\Local\Programs\MiKTeX\tex/generic/kvdefinekeys\kvdefinekeys.sty
Package: kvdefinekeys 2019-12-19 v1.6 Define keys (HO)
) (C:\Users\vasco\AppData\Local\Programs\MiKTeX\tex/generic/pdfescape\pdfescape.sty
Package: pdfescape 2019/12/09 v1.15 Implements pdfTeX's escape features (HO)
 (C:\Users\vasco\AppData\Local\Programs\MiKTeX\tex/generic/ltxcmds\ltxcmds.sty
Package: ltxcmds 2023-12-04 v1.26 LaTeX kernel commands for general use (HO)
) (C:\Users\vasco\AppData\Local\Programs\MiKTeX\tex/generic/pdftexcmds\pdftexcmds.sty
Package: pdftexcmds 2020-06-27 v0.33 Utility functions of pdfTeX for LuaTeX (HO)
Package pdftexcmds Info: \pdf@primitive is available.
Package pdftexcmds Info: \pdf@ifprimitive is available.
Package pdftexcmds Info: \pdfdraftmode found.
)) (C:\Users\vasco\AppData\Local\Programs\MiKTeX\tex/latex/hycolor\hycolor.sty
Package: hycolor 2020-01-27 v1.10 Color options for hyperref/bookmark (HO)
) (C:\Users\vasco\AppData\Local\Programs\MiKTeX\tex/latex/letltxmacro\letltxmacro.sty
Package: letltxmacro 2019/12/03 v1.6 Let assignment for LaTeX macros (HO)
) (C:\Users\vasco\AppData\Local\Programs\MiKTeX\tex/latex/auxhook\auxhook.sty
Package: auxhook 2019-12-17 v1.6 Hooks for auxiliary files (HO)
) (C:\Users\vasco\AppData\Local\Programs\MiKTeX\tex/latex/hyperref\nameref.sty
Package: nameref 2023-11-26 v2.56 Cross-referencing by name of section
 (C:\Users\vasco\AppData\Local\Programs\MiKTeX\tex/latex/refcount\refcount.sty
Package: refcount 2019/12/15 v3.6 Data extraction from label references (HO)
) (C:\Users\vasco\AppData\Local\Programs\MiKTeX\tex/generic/gettitlestring\gettitlestring.sty
Package: gettitlestring 2019/12/15 v1.6 Cleanup title references (HO)
 (C:\Users\vasco\AppData\Local\Programs\MiKTeX\tex/latex/kvoptions\kvoptions.sty
Package: kvoptions 2022-06-15 v3.15 Key value format for package options (HO)
))
\c@section@level=\count275
) (C:\Users\vasco\AppData\Local\Programs\MiKTeX\tex/latex/etoolbox\etoolbox.sty
Package: etoolbox 2020/10/05 v2.5k e-TeX tools for LaTeX (JAW)
\etb@tempcnta=\count276
)
\@linkdim=\dimen153
\Hy@linkcounter=\count277
\Hy@pagecounter=\count278
 (C:\Users\vasco\AppData\Local\Programs\MiKTeX\tex/latex/hyperref\pd1enc.def
File: pd1enc.def 2023-11-26 v7.01g Hyperref: PDFDocEncoding definition (HO)
Now handling font encoding PD1 ...
... no UTF-8 mapping file for font encoding PD1
) (C:\Users\vasco\AppData\Local\Programs\MiKTeX\tex/generic/intcalc\intcalc.sty
Package: intcalc 2019/12/15 v1.3 Expandable calculations with integers (HO)
)
\Hy@SavedSpaceFactor=\count279
 (C:\Users\vasco\AppData\Local\Programs\MiKTeX\tex/latex/hyperref\puenc.def
File: puenc.def 2023-11-26 v7.01g Hyperref: PDF Unicode definition (HO)
Now handling font encoding PU ...
... no UTF-8 mapping file for font encoding PU
)
Package hyperref Info: Hyper figures OFF on input line 4181.
Package hyperref Info: Link nesting OFF on input line 4186.
Package hyperref Info: Hyper index ON on input line 4189.
Package hyperref Info: Plain pages OFF on input line 4196.
Package hyperref Info: Backreferencing OFF on input line 4201.
Package hyperref Info: Implicit mode ON; LaTeX internals redefined.
Package hyperref Info: Bookmarks ON on input line 4448.
\c@Hy@tempcnt=\count280
 (C:\Users\vasco\AppData\Local\Programs\MiKTeX\tex/latex/url\url.sty
\Urlmuskip=\muskip17
Package: url 2013/09/16  ver 3.4  Verb mode for urls, etc.
)
LaTeX Info: Redefining \url on input line 4786.
\XeTeXLinkMargin=\dimen154
 (C:\Users\vasco\AppData\Local\Programs\MiKTeX\tex/generic/bitset\bitset.sty
Package: bitset 2019/12/09 v1.3 Handle bit-vector datatype (HO)
 (C:\Users\vasco\AppData\Local\Programs\MiKTeX\tex/generic/bigintcalc\bigintcalc.sty
Package: bigintcalc 2019/12/15 v1.5 Expandable calculations on big integers (HO)
))
\Fld@menulength=\count281
\Field@Width=\dimen155
\Fld@charsize=\dimen156
Package hyperref Info: Hyper figures OFF on input line 6065.
Package hyperref Info: Link nesting OFF on input line 6070.
Package hyperref Info: Hyper index ON on input line 6073.
Package hyperref Info: backreferencing OFF on input line 6080.
Package hyperref Info: Link coloring OFF on input line 6085.
Package hyperref Info: Link coloring with OCG OFF on input line 6090.
Package hyperref Info: PDF/A mode OFF on input line 6095.
 (C:\Users\vasco\AppData\Local\Programs\MiKTeX\tex/latex/base\atbegshi-ltx.sty
Package: atbegshi-ltx 2021/01/10 v1.0c Emulation of the original atbegshi
package with kernel methods
)
\Hy@abspage=\count282
\c@Item=\count283
\c@Hfootnote=\count284
)
Package hyperref Info: Driver (autodetected): hpdftex.
 (C:\Users\vasco\AppData\Local\Programs\MiKTeX\tex/latex/hyperref\hpdftex.def
File: hpdftex.def 2023-11-26 v7.01g Hyperref driver for pdfTeX
 (C:\Users\vasco\AppData\Local\Programs\MiKTeX\tex/latex/base\atveryend-ltx.sty
Package: atveryend-ltx 2020/08/19 v1.0a Emulation of the original atveryend package
with kernel methods
)
\Fld@listcount=\count285
\c@bookmark@seq@number=\count286
 (C:\Users\vasco\AppData\Local\Programs\MiKTeX\tex/latex/rerunfilecheck\rerunfilecheck.sty
Package: rerunfilecheck 2022-07-10 v1.10 Rerun checks for auxiliary files (HO)
 (C:\Users\vasco\AppData\Local\Programs\MiKTeX\tex/generic/uniquecounter\uniquecounter.sty
Package: uniquecounter 2019/12/15 v1.4 Provide unlimited unique counter (HO)
)
Package uniquecounter Info: New unique counter `rerunfilecheck' on input line 285.
)
\Hy@SectionHShift=\skip56
) (C:\Users\vasco\AppData\Local\Programs\MiKTeX\tex/latex/xcolor\xcolor.sty
Package: xcolor 2023/11/15 v3.01 LaTeX color extensions (UK)
 (C:\Users\vasco\AppData\Local\Programs\MiKTeX\tex/latex/graphics-cfg\color.cfg
File: color.cfg 2016/01/02 v1.6 sample color configuration
)
Package xcolor Info: Driver file: pdftex.def on input line 274.
 (C:\Users\vasco\AppData\Local\Programs\MiKTeX\tex/latex/graphics\mathcolor.ltx)
Package xcolor Info: Model `cmy' substituted by `cmy0' on input line 1350.
Package xcolor Info: Model `hsb' substituted by `rgb' on input line 1354.
Package xcolor Info: Model `RGB' extended on input line 1366.
Package xcolor Info: Model `HTML' substituted by `rgb' on input line 1368.
Package xcolor Info: Model `Hsb' substituted by `hsb' on input line 1369.
Package xcolor Info: Model `tHsb' substituted by `hsb' on input line 1370.
Package xcolor Info: Model `HSB' substituted by `hsb' on input line 1371.
Package xcolor Info: Model `Gray' substituted by `gray' on input line 1372.
Package xcolor Info: Model `wave' substituted by `hsb' on input line 1373.
) (C:\Users\vasco\AppData\Local\Programs\MiKTeX\tex/latex/fancyhdr\fancyhdr.sty
Package: fancyhdr 2025/02/07 v5.2 Extensive control of page headers and footers
\f@nch@headwidth=\skip57
\f@nch@offset@elh=\skip58
\f@nch@offset@erh=\skip59
\f@nch@offset@olh=\skip60
\f@nch@offset@orh=\skip61
\f@nch@offset@elf=\skip62
\f@nch@offset@erf=\skip63
\f@nch@offset@olf=\skip64
\f@nch@offset@orf=\skip65
\f@nch@height=\skip66
\f@nch@footalignment=\skip67
\f@nch@widthL=\skip68
\f@nch@widthC=\skip69
\f@nch@widthR=\skip70
\@temptokenb=\toks29
) (C:\Users\vasco\AppData\Local\Programs\MiKTeX\tex/latex/geometry\geometry.sty
Package: geometry 2020/01/02 v5.9 Page Geometry
 (C:\Users\vasco\AppData\Local\Programs\MiKTeX\tex/generic/iftex\ifvtex.sty
Package: ifvtex 2019/10/25 v1.7 ifvtex legacy package. Use iftex instead.
)
\Gm@cnth=\count287
\Gm@cntv=\count288
\c@Gm@tempcnt=\count289
\Gm@bindingoffset=\dimen157
\Gm@wd@mp=\dimen158
\Gm@odd@mp=\dimen159
\Gm@even@mp=\dimen160
\Gm@layoutwidth=\dimen161
\Gm@layoutheight=\dimen162
\Gm@layouthoffset=\dimen163
\Gm@layoutvoffset=\dimen164
\Gm@dimlist=\toks30
 (C:\Users\vasco\AppData\Local\Programs\MiKTeX\tex/latex/geometry\geometry.cfg)) (C:\Users\vasco\AppData\Local\Programs\MiKTeX\tex/latex/caption\caption.sty
Package: caption 2023/08/05 v3.6o Customizing captions (AR)
 (C:\Users\vasco\AppData\Local\Programs\MiKTeX\tex/latex/caption\caption3.sty
Package: caption3 2023/07/31 v2.4d caption3 kernel (AR)
\caption@tempdima=\dimen165
\captionmargin=\dimen166
\caption@leftmargin=\dimen167
\caption@rightmargin=\dimen168
\caption@width=\dimen169
\caption@indent=\dimen170
\caption@parindent=\dimen171
\caption@hangindent=\dimen172
Package caption Info: Standard document class detected.
)
\c@caption@flags=\count290
\c@continuedfloat=\count291
Package caption Info: hyperref package is loaded.
) (C:\Users\vasco\AppData\Local\Programs\MiKTeX\tex/latex/caption\subcaption.sty
Package: subcaption 2023/07/28 v1.6b Sub-captions (AR)
Package caption Info: New subtype `subfigure' on input line 238.
\c@subfigure=\count292
Package caption Info: New subtype `subtable' on input line 238.
\c@subtable=\count293
) (C:\Users\vasco\AppData\Local\Programs\MiKTeX\tex/latex/biblatex\biblatex.sty
Package: biblatex 2023/03/05 v3.19 programmable bibliographies (PK/MW)
 (C:\Users\vasco\AppData\Local\Programs\MiKTeX\tex/latex/logreq\logreq.sty
Package: logreq 2010/08/04 v1.0 xml request logger
\lrq@indent=\count294
 (C:\Users\vasco\AppData\Local\Programs\MiKTeX\tex/latex/logreq\logreq.def
File: logreq.def 2010/08/04 v1.0 logreq spec v1.0
)) (C:\Users\vasco\AppData\Local\Programs\MiKTeX\tex/latex/base\ifthen.sty
Package: ifthen 2022/04/13 v1.1d Standard LaTeX ifthen package (DPC)
)
\c@tabx@nest=\count295
\c@listtotal=\count296
\c@listcount=\count297
\c@liststart=\count298
\c@liststop=\count299
\c@citecount=\count300
\c@citetotal=\count301
\c@multicitecount=\count302
\c@multicitetotal=\count303
\c@instcount=\count304
\c@maxnames=\count305
\c@minnames=\count306
\c@maxitems=\count307
\c@minitems=\count308
\c@citecounter=\count309
\c@maxcitecounter=\count310
\c@savedcitecounter=\count311
\c@uniquelist=\count312
\c@uniquename=\count313
\c@refsection=\count314
\c@refsegment=\count315
\c@maxextratitle=\count316
\c@maxextratitleyear=\count317
\c@maxextraname=\count318
\c@maxextradate=\count319
\c@maxextraalpha=\count320
\c@abbrvpenalty=\count321
\c@highnamepenalty=\count322
\c@lownamepenalty=\count323
\c@maxparens=\count324
\c@parenlevel=\count325
\blx@tempcnta=\count326
\blx@tempcntb=\count327
\blx@tempcntc=\count328
\c@blx@maxsection=\count329
\blx@maxsegment@0=\count330
\blx@notetype=\count331
\blx@parenlevel@text=\count332
\blx@parenlevel@foot=\count333
\blx@sectionciteorder@0=\count334
\blx@sectionciteorderinternal@0=\count335
\blx@entrysetcounter=\count336
\blx@biblioinstance=\count337
\labelnumberwidth=\skip71
\labelalphawidth=\skip72
\biblabelsep=\skip73
\bibitemsep=\skip74
\bibnamesep=\skip75
\bibinitsep=\skip76
\bibparsep=\skip77
\bibhang=\skip78
\blx@bcfin=\read3
\blx@bcfout=\write3
\blx@langwohyphens=\language80
\c@mincomprange=\count338
\c@maxcomprange=\count339
\c@mincompwidth=\count340
Package biblatex Info: Trying to load biblatex default data model...
Package biblatex Info: ... file 'blx-dm.def' found.
 (C:\Users\vasco\AppData\Local\Programs\MiKTeX\tex/latex/biblatex\blx-dm.def
File: blx-dm.def 2023/03/05 v3.19 biblatex localization (PK/MW)
)
Package biblatex Info: Trying to load biblatex custom data model...
Package biblatex Info: ... file 'biblatex-dm.cfg' not found.
\c@afterword=\count341
\c@savedafterword=\count342
\c@annotator=\count343
\c@savedannotator=\count344
\c@author=\count345
\c@savedauthor=\count346
\c@bookauthor=\count347
\c@savedbookauthor=\count348
\c@commentator=\count349
\c@savedcommentator=\count350
\c@editor=\count351
\c@savededitor=\count352
\c@editora=\count353
\c@savededitora=\count354
\c@editorb=\count355
\c@savededitorb=\count356
\c@editorc=\count357
\c@savededitorc=\count358
\c@foreword=\count359
\c@savedforeword=\count360
\c@holder=\count361
\c@savedholder=\count362
\c@introduction=\count363
\c@savedintroduction=\count364
\c@namea=\count365
\c@savednamea=\count366
\c@nameb=\count367
\c@savednameb=\count368
\c@namec=\count369
\c@savednamec=\count370
\c@translator=\count371
\c@savedtranslator=\count372
\c@shortauthor=\count373
\c@savedshortauthor=\count374
\c@shorteditor=\count375
\c@savedshorteditor=\count376
\c@labelname=\count377
\c@savedlabelname=\count378
\c@institution=\count379
\c@savedinstitution=\count380
\c@lista=\count381
\c@savedlista=\count382
\c@listb=\count383
\c@savedlistb=\count384
\c@listc=\count385
\c@savedlistc=\count386
\c@listd=\count387
\c@savedlistd=\count388
\c@liste=\count389
\c@savedliste=\count390
\c@listf=\count391
\c@savedlistf=\count392
\c@location=\count393
\c@savedlocation=\count394
\c@organization=\count395
\c@savedorganization=\count396
\c@origlocation=\count397
\c@savedoriglocation=\count398
\c@origpublisher=\count399
\c@savedorigpublisher=\count400
\c@publisher=\count401
\c@savedpublisher=\count402
\c@language=\count403
\c@savedlanguage=\count404
\c@origlanguage=\count405
\c@savedoriglanguage=\count406
\c@pageref=\count407
\c@savedpageref=\count408
\shorthandwidth=\skip79
\shortjournalwidth=\skip80
\shortserieswidth=\skip81
\shorttitlewidth=\skip82
\shortauthorwidth=\skip83
\shorteditorwidth=\skip84
\locallabelnumberwidth=\skip85
\locallabelalphawidth=\skip86
\localshorthandwidth=\skip87
\localshortjournalwidth=\skip88
\localshortserieswidth=\skip89
\localshorttitlewidth=\skip90
\localshortauthorwidth=\skip91
\localshorteditorwidth=\skip92
Package biblatex Info: Trying to load compatibility code...
Package biblatex Info: ... file 'blx-compat.def' found.
 (C:\Users\vasco\AppData\Local\Programs\MiKTeX\tex/latex/biblatex\blx-compat.def
File: blx-compat.def 2023/03/05 v3.19 biblatex compatibility (PK/MW)
)
Package biblatex Info: Trying to load generic definitions...
Package biblatex Info: ... file 'biblatex.def' found.
 (C:\Users\vasco\AppData\Local\Programs\MiKTeX\tex/latex/biblatex\biblatex.def
File: biblatex.def 2023/03/05 v3.19 biblatex compatibility (PK/MW)
\c@textcitecount=\count409
\c@textcitetotal=\count410
\c@textcitemaxnames=\count411
\c@biburlbigbreakpenalty=\count412
\c@biburlbreakpenalty=\count413
\c@biburlnumpenalty=\count414
\c@biburlucpenalty=\count415
\c@biburllcpenalty=\count416
\biburlbigskip=\muskip18
\biburlnumskip=\muskip19
\biburlucskip=\muskip20
\biburllcskip=\muskip21
\c@smartand=\count417
)
Package biblatex Info: Trying to load bibliography style 'numeric'...
Package biblatex Info: ... file 'numeric.bbx' found.
 (C:\Users\vasco\AppData\Local\Programs\MiKTeX\tex/latex/biblatex/bbx\numeric.bbx
File: numeric.bbx 2023/03/05 v3.19 biblatex bibliography style (PK/MW)
Package biblatex Info: Trying to load bibliography style 'standard'...
Package biblatex Info: ... file 'standard.bbx' found.
 (C:\Users\vasco\AppData\Local\Programs\MiKTeX\tex/latex/biblatex/bbx\standard.bbx
File: standard.bbx 2023/03/05 v3.19 biblatex bibliography style (PK/MW)
\c@bbx:relatedcount=\count418
\c@bbx:relatedtotal=\count419
))
Package biblatex Info: Trying to load citation style 'numeric'...
Package biblatex Info: ... file 'numeric.cbx' found.
 (C:\Users\vasco\AppData\Local\Programs\MiKTeX\tex/latex/biblatex/cbx\numeric.cbx
File: numeric.cbx 2023/03/05 v3.19 biblatex citation style (PK/MW)
Package biblatex Info: Redefining '\cite'.
Package biblatex Info: Redefining '\parencite'.
Package biblatex Info: Redefining '\footcite'.
Package biblatex Info: Redefining '\footcitetext'.
Package biblatex Info: Redefining '\smartcite'.
Package biblatex Info: Redefining '\supercite'.
Package biblatex Info: Redefining '\textcite'.
Package biblatex Info: Redefining '\textcites'.
Package biblatex Info: Redefining '\cites'.
Package biblatex Info: Redefining '\parencites'.
Package biblatex Info: Redefining '\smartcites'.
)
Package biblatex Info: Trying to load configuration file...
Package biblatex Info: ... file 'biblatex.cfg' found.
 (C:\Users\vasco\AppData\Local\Programs\MiKTeX\tex/latex/biblatex\biblatex.cfg
File: biblatex.cfg 
)
Package biblatex Info: Input encoding 'utf8' detected.
Package biblatex Info: Document encoding is UTF8 ....
 (C:\Users\vasco\AppData\Local\Programs\MiKTeX\tex/latex/l3kernel\expl3.sty
Package: expl3 2023-11-09 L3 programming layer (loader) 
 (C:\Users\vasco\AppData\Local\Programs\MiKTeX\tex/latex/l3backend\l3backend-pdftex.def
File: l3backend-pdftex.def 2023-11-09 L3 backend support: PDF output (pdfTeX)
\l__color_backend_stack_int=\count420
\l__pdf_internal_box=\box53
))
Package biblatex Info: ... and expl3
(biblatex)             2023-11-09 L3 programming layer (loader) 
(biblatex)             is new enough (at least 2020/04/06),
(biblatex)             setting 'casechanger=expl3'.
 (C:\Users\vasco\AppData\Local\Programs\MiKTeX\tex/latex/biblatex\blx-case-expl3.sty (C:\Users\vasco\AppData\Local\Programs\MiKTeX\tex/latex/l3packages/xparse\xparse.sty
Package: xparse 2023-10-10 L3 Experimental document command parser
)
Package: blx-case-expl3 2023/03/05 v3.19 expl3 case changing code for biblatex
)) (C:\Users\vasco\AppData\Local\Programs\MiKTeX\tex/latex/enumitem\enumitem.sty
Package: enumitem 2025/02/06 v3.11 Customized lists
\labelindent=\skip93
\enit@outerparindent=\dimen173
\enit@toks=\toks31
\enit@inbox=\box54
\enit@count@id=\count421
\enitdp@description=\count422
) (C:\Users\vasco\AppData\Local\Programs\MiKTeX\tex/latex/csquotes\csquotes.sty
Package: csquotes 2024-04-04 v5.2o context-sensitive quotations (JAW)
\csq@reset=\count423
\csq@gtype=\count424
\csq@glevel=\count425
\csq@qlevel=\count426
\csq@maxlvl=\count427
\csq@tshold=\count428
\csq@ltx@everypar=\toks32
 (C:\Users\vasco\AppData\Local\Programs\MiKTeX\tex/latex/csquotes\csquotes.def
File: csquotes.def 2024-04-04 v5.2o csquotes generic definitions (JAW)
)
Package csquotes Info: Trying to load configuration file 'csquotes.cfg'...
Package csquotes Info: ... configuration file loaded successfully.
 (C:\Users\vasco\AppData\Local\Programs\MiKTeX\tex/latex/csquotes\csquotes.cfg
File: csquotes.cfg 
)) (C:\Users\vasco\AppData\Local\Programs\MiKTeX\tex/latex/tcolorbox\tcolorbox.sty
Package: tcolorbox 2023/09/26 version 6.1.0 text color boxes
 (C:\Users\vasco\AppData\Local\Programs\MiKTeX\tex/latex/pgf/basiclayer\pgf.sty (C:\Users\vasco\AppData\Local\Programs\MiKTeX\tex/latex/pgf/utilities\pgfrcs.sty (C:\Users\vasco\AppData\Local\Programs\MiKTeX\tex/generic/pgf/utilities\pgfutil-common.tex
\pgfutil@everybye=\toks33
\pgfutil@tempdima=\dimen174
\pgfutil@tempdimb=\dimen175
) (C:\Users\vasco\AppData\Local\Programs\MiKTeX\tex/generic/pgf/utilities\pgfutil-latex.def
\pgfutil@abb=\box55
) (C:\Users\vasco\AppData\Local\Programs\MiKTeX\tex/generic/pgf/utilities\pgfrcs.code.tex (C:\Users\vasco\AppData\Local\Programs\MiKTeX\tex/generic/pgf\pgf.revision.tex)
Package: pgfrcs 2023-01-15 v3.1.10 (3.1.10)
))
Package: pgf 2023-01-15 v3.1.10 (3.1.10)
 (C:\Users\vasco\AppData\Local\Programs\MiKTeX\tex/latex/pgf/basiclayer\pgfcore.sty (C:\Users\vasco\AppData\Local\Programs\MiKTeX\tex/latex/pgf/systemlayer\pgfsys.sty (C:\Users\vasco\AppData\Local\Programs\MiKTeX\tex/generic/pgf/systemlayer\pgfsys.code.tex
Package: pgfsys 2023-01-15 v3.1.10 (3.1.10)
 (C:\Users\vasco\AppData\Local\Programs\MiKTeX\tex/generic/pgf/utilities\pgfkeys.code.tex
\pgfkeys@pathtoks=\toks34
\pgfkeys@temptoks=\toks35
 (C:\Users\vasco\AppData\Local\Programs\MiKTeX\tex/generic/pgf/utilities\pgfkeyslibraryfiltered.code.tex
\pgfkeys@tmptoks=\toks36
))
\pgf@x=\dimen176
\pgf@y=\dimen177
\pgf@xa=\dimen178
\pgf@ya=\dimen179
\pgf@xb=\dimen180
\pgf@yb=\dimen181
\pgf@xc=\dimen182
\pgf@yc=\dimen183
\pgf@xd=\dimen184
\pgf@yd=\dimen185
\w@pgf@writea=\write4
\r@pgf@reada=\read4
\c@pgf@counta=\count429
\c@pgf@countb=\count430
\c@pgf@countc=\count431
\c@pgf@countd=\count432
\t@pgf@toka=\toks37
\t@pgf@tokb=\toks38
\t@pgf@tokc=\toks39
\pgf@sys@id@count=\count433
 (C:\Users\vasco\AppData\Local\Programs\MiKTeX\tex/generic/pgf/systemlayer\pgf.cfg
File: pgf.cfg 2023-01-15 v3.1.10 (3.1.10)
)
Driver file for pgf: pgfsys-pdftex.def
 (C:\Users\vasco\AppData\Local\Programs\MiKTeX\tex/generic/pgf/systemlayer\pgfsys-pdftex.def
File: pgfsys-pdftex.def 2023-01-15 v3.1.10 (3.1.10)
 (C:\Users\vasco\AppData\Local\Programs\MiKTeX\tex/generic/pgf/systemlayer\pgfsys-common-pdf.def
File: pgfsys-common-pdf.def 2023-01-15 v3.1.10 (3.1.10)
))) (C:\Users\vasco\AppData\Local\Programs\MiKTeX\tex/generic/pgf/systemlayer\pgfsyssoftpath.code.tex
File: pgfsyssoftpath.code.tex 2023-01-15 v3.1.10 (3.1.10)
\pgfsyssoftpath@smallbuffer@items=\count434
\pgfsyssoftpath@bigbuffer@items=\count435
) (C:\Users\vasco\AppData\Local\Programs\MiKTeX\tex/generic/pgf/systemlayer\pgfsysprotocol.code.tex
File: pgfsysprotocol.code.tex 2023-01-15 v3.1.10 (3.1.10)
)) (C:\Users\vasco\AppData\Local\Programs\MiKTeX\tex/generic/pgf/basiclayer\pgfcore.code.tex
Package: pgfcore 2023-01-15 v3.1.10 (3.1.10)
 (C:\Users\vasco\AppData\Local\Programs\MiKTeX\tex/generic/pgf/math\pgfmath.code.tex (C:\Users\vasco\AppData\Local\Programs\MiKTeX\tex/generic/pgf/math\pgfmathutil.code.tex) (C:\Users\vasco\AppData\Local\Programs\MiKTeX\tex/generic/pgf/math\pgfmathparser.code.tex
\pgfmath@dimen=\dimen186
\pgfmath@count=\count436
\pgfmath@box=\box56
\pgfmath@toks=\toks40
\pgfmath@stack@operand=\toks41
\pgfmath@stack@operation=\toks42
) (C:\Users\vasco\AppData\Local\Programs\MiKTeX\tex/generic/pgf/math\pgfmathfunctions.code.tex) (C:\Users\vasco\AppData\Local\Programs\MiKTeX\tex/generic/pgf/math\pgfmathfunctions.basic.code.tex) (C:\Users\vasco\AppData\Local\Programs\MiKTeX\tex/generic/pgf/math\pgfmathfunctions.trigonometric.code.tex) (C:\Users\vasco\AppData\Local\Programs\MiKTeX\tex/generic/pgf/math\pgfmathfunctions.random.code.tex) (C:\Users\vasco\AppData\Local\Programs\MiKTeX\tex/generic/pgf/math\pgfmathfunctions.comparison.code.tex) (C:\Users\vasco\AppData\Local\Programs\MiKTeX\tex/generic/pgf/math\pgfmathfunctions.base.code.tex) (C:\Users\vasco\AppData\Local\Programs\MiKTeX\tex/generic/pgf/math\pgfmathfunctions.round.code.tex) (C:\Users\vasco\AppData\Local\Programs\MiKTeX\tex/generic/pgf/math\pgfmathfunctions.misc.code.tex) (C:\Users\vasco\AppData\Local\Programs\MiKTeX\tex/generic/pgf/math\pgfmathfunctions.integerarithmetics.code.tex) (C:\Users\vasco\AppData\Local\Programs\MiKTeX\tex/generic/pgf/math\pgfmathcalc.code.tex) (C:\Users\vasco\AppData\Local\Programs\MiKTeX\tex/generic/pgf/math\pgfmathfloat.code.tex
\c@pgfmathroundto@lastzeros=\count437
)) (C:\Users\vasco\AppData\Local\Programs\MiKTeX\tex/generic/pgf/math\pgfint.code.tex) (C:\Users\vasco\AppData\Local\Programs\MiKTeX\tex/generic/pgf/basiclayer\pgfcorepoints.code.tex
File: pgfcorepoints.code.tex 2023-01-15 v3.1.10 (3.1.10)
\pgf@picminx=\dimen187
\pgf@picmaxx=\dimen188
\pgf@picminy=\dimen189
\pgf@picmaxy=\dimen190
\pgf@pathminx=\dimen191
\pgf@pathmaxx=\dimen192
\pgf@pathminy=\dimen193
\pgf@pathmaxy=\dimen194
\pgf@xx=\dimen195
\pgf@xy=\dimen196
\pgf@yx=\dimen197
\pgf@yy=\dimen198
\pgf@zx=\dimen199
\pgf@zy=\dimen256
) (C:\Users\vasco\AppData\Local\Programs\MiKTeX\tex/generic/pgf/basiclayer\pgfcorepathconstruct.code.tex
File: pgfcorepathconstruct.code.tex 2023-01-15 v3.1.10 (3.1.10)
\pgf@path@lastx=\dimen257
\pgf@path@lasty=\dimen258
) (C:\Users\vasco\AppData\Local\Programs\MiKTeX\tex/generic/pgf/basiclayer\pgfcorepathusage.code.tex
File: pgfcorepathusage.code.tex 2023-01-15 v3.1.10 (3.1.10)
\pgf@shorten@end@additional=\dimen259
\pgf@shorten@start@additional=\dimen260
) (C:\Users\vasco\AppData\Local\Programs\MiKTeX\tex/generic/pgf/basiclayer\pgfcorescopes.code.tex
File: pgfcorescopes.code.tex 2023-01-15 v3.1.10 (3.1.10)
\pgfpic=\box57
\pgf@hbox=\box58
\pgf@layerbox@main=\box59
\pgf@picture@serial@count=\count438
) (C:\Users\vasco\AppData\Local\Programs\MiKTeX\tex/generic/pgf/basiclayer\pgfcoregraphicstate.code.tex
File: pgfcoregraphicstate.code.tex 2023-01-15 v3.1.10 (3.1.10)
\pgflinewidth=\dimen261
) (C:\Users\vasco\AppData\Local\Programs\MiKTeX\tex/generic/pgf/basiclayer\pgfcoretransformations.code.tex
File: pgfcoretransformations.code.tex 2023-01-15 v3.1.10 (3.1.10)
\pgf@pt@x=\dimen262
\pgf@pt@y=\dimen263
\pgf@pt@temp=\dimen264
) (C:\Users\vasco\AppData\Local\Programs\MiKTeX\tex/generic/pgf/basiclayer\pgfcorequick.code.tex
File: pgfcorequick.code.tex 2023-01-15 v3.1.10 (3.1.10)
) (C:\Users\vasco\AppData\Local\Programs\MiKTeX\tex/generic/pgf/basiclayer\pgfcoreobjects.code.tex
File: pgfcoreobjects.code.tex 2023-01-15 v3.1.10 (3.1.10)
) (C:\Users\vasco\AppData\Local\Programs\MiKTeX\tex/generic/pgf/basiclayer\pgfcorepathprocessing.code.tex
File: pgfcorepathprocessing.code.tex 2023-01-15 v3.1.10 (3.1.10)
) (C:\Users\vasco\AppData\Local\Programs\MiKTeX\tex/generic/pgf/basiclayer\pgfcorearrows.code.tex
File: pgfcorearrows.code.tex 2023-01-15 v3.1.10 (3.1.10)
\pgfarrowsep=\dimen265
) (C:\Users\vasco\AppData\Local\Programs\MiKTeX\tex/generic/pgf/basiclayer\pgfcoreshade.code.tex
File: pgfcoreshade.code.tex 2023-01-15 v3.1.10 (3.1.10)
\pgf@max=\dimen266
\pgf@sys@shading@range@num=\count439
\pgf@shadingcount=\count440
) (C:\Users\vasco\AppData\Local\Programs\MiKTeX\tex/generic/pgf/basiclayer\pgfcoreimage.code.tex
File: pgfcoreimage.code.tex 2023-01-15 v3.1.10 (3.1.10)
) (C:\Users\vasco\AppData\Local\Programs\MiKTeX\tex/generic/pgf/basiclayer\pgfcoreexternal.code.tex
File: pgfcoreexternal.code.tex 2023-01-15 v3.1.10 (3.1.10)
\pgfexternal@startupbox=\box60
) (C:\Users\vasco\AppData\Local\Programs\MiKTeX\tex/generic/pgf/basiclayer\pgfcorelayers.code.tex
File: pgfcorelayers.code.tex 2023-01-15 v3.1.10 (3.1.10)
)
(C:\Users\vasco\AppData\Local\Programs\MiKTeX\tex/generic/pgf/basiclayer\pgfcoretransparency.code.tex
File: pgfcoretransparency.code.tex 2023-01-15 v3.1.10 (3.1.10)
) (C:\Users\vasco\AppData\Local\Programs\MiKTeX\tex/generic/pgf/basiclayer\pgfcorepatterns.code.tex
File: pgfcorepatterns.code.tex 2023-01-15 v3.1.10 (3.1.10)
) (C:\Users\vasco\AppData\Local\Programs\MiKTeX\tex/generic/pgf/basiclayer\pgfcorerdf.code.tex
File: pgfcorerdf.code.tex 2023-01-15 v3.1.10 (3.1.10)
))) (C:\Users\vasco\AppData\Local\Programs\MiKTeX\tex/generic/pgf/modules\pgfmoduleshapes.code.tex
File: pgfmoduleshapes.code.tex 2023-01-15 v3.1.10 (3.1.10)
\pgfnodeparttextbox=\box61
) (C:\Users\vasco\AppData\Local\Programs\MiKTeX\tex/generic/pgf/modules\pgfmoduleplot.code.tex
File: pgfmoduleplot.code.tex 2023-01-15 v3.1.10 (3.1.10)
) (C:\Users\vasco\AppData\Local\Programs\MiKTeX\tex/latex/pgf/compatibility\pgfcomp-version-0-65.sty
Package: pgfcomp-version-0-65 2023-01-15 v3.1.10 (3.1.10)
\pgf@nodesepstart=\dimen267
\pgf@nodesepend=\dimen268
) (C:\Users\vasco\AppData\Local\Programs\MiKTeX\tex/latex/pgf/compatibility\pgfcomp-version-1-18.sty
Package: pgfcomp-version-1-18 2023-01-15 v3.1.10 (3.1.10)
)) (C:\Users\vasco\AppData\Local\Programs\MiKTeX\tex/latex/tools\verbatim.sty
Package: verbatim 2023-11-06 v1.5v LaTeX2e package for verbatim enhancements
\every@verbatim=\toks43
\verbatim@line=\toks44
\verbatim@in@stream=\read5
) (C:\Users\vasco\AppData\Local\Programs\MiKTeX\tex/latex/environ\environ.sty
Package: environ 2014/05/04 v0.3 A new way to define environments
 (C:\Users\vasco\AppData\Local\Programs\MiKTeX\tex/latex/trimspaces\trimspaces.sty
Package: trimspaces 2009/09/17 v1.1 Trim spaces around a token list
))
\tcb@titlebox=\box62
\tcb@upperbox=\box63
\tcb@lowerbox=\box64
\tcb@phantombox=\box65
\c@tcbbreakpart=\count441
\c@tcblayer=\count442
\c@tcolorbox@number=\count443
\tcb@temp=\box66
\tcb@temp=\box67
\tcb@temp=\box68
\tcb@temp=\box69
) (C:\Users\vasco\AppData\Local\Programs\MiKTeX\tex/latex/float\float.sty
Package: float 2001/11/08 v1.3d Float enhancements (AL)
\c@float@type=\count444
\float@exts=\toks45
\float@box=\box70
\@float@everytoks=\toks46
\@floatcapt=\box71
) (C:\Users\vasco\AppData\Local\Programs\MiKTeX\tex/latex/tools\array.sty
Package: array 2023/10/16 v2.5g Tabular extension package (FMi)
\col@sep=\dimen269
\ar@mcellbox=\box72
\extrarowheight=\dimen270
\NC@list=\toks47
\extratabsurround=\skip94
\backup@length=\skip95
\ar@cellbox=\box73
)
Package csquotes Info: Checking for multilingual support...
Package csquotes Info: ... found 'babel' package.
Package csquotes Info: Adjusting default style.
Package csquotes Info: Redefining alias 'default' -> 'english'.
 (Exam_VascoVerwimp_Report.aux)
\openout1 = `Exam_VascoVerwimp_Report.aux'.

LaTeX Font Info:    Checking defaults for OML/cmm/m/it on input line 44.
LaTeX Font Info:    ... okay on input line 44.
LaTeX Font Info:    Checking defaults for OMS/cmsy/m/n on input line 44.
LaTeX Font Info:    ... okay on input line 44.
LaTeX Font Info:    Checking defaults for OT1/cmr/m/n on input line 44.
LaTeX Font Info:    ... okay on input line 44.
LaTeX Font Info:    Checking defaults for T1/cmr/m/n on input line 44.
LaTeX Font Info:    ... okay on input line 44.
LaTeX Font Info:    Checking defaults for TS1/cmr/m/n on input line 44.
LaTeX Font Info:    ... okay on input line 44.
LaTeX Font Info:    Checking defaults for OMX/cmex/m/n on input line 44.
LaTeX Font Info:    ... okay on input line 44.
LaTeX Font Info:    Checking defaults for U/cmr/m/n on input line 44.
LaTeX Font Info:    ... okay on input line 44.
LaTeX Font Info:    Checking defaults for PD1/pdf/m/n on input line 44.
LaTeX Font Info:    ... okay on input line 44.
LaTeX Font Info:    Checking defaults for PU/pdf/m/n on input line 44.
LaTeX Font Info:    ... okay on input line 44.
 (C:\Users\vasco\AppData\Local\Programs\MiKTeX\tex/context/base/mkii\supp-pdf.mkii
[Loading MPS to PDF converter (version 2006.09.02).]
\scratchcounter=\count445
\scratchdimen=\dimen271
\scratchbox=\box74
\nofMPsegments=\count446
\nofMParguments=\count447
\everyMPshowfont=\toks48
\MPscratchCnt=\count448
\MPscratchDim=\dimen272
\MPnumerator=\count449
\makeMPintoPDFobject=\count450
\everyMPtoPDFconversion=\toks49
) (C:\Users\vasco\AppData\Local\Programs\MiKTeX\tex/latex/epstopdf-pkg\epstopdf-base.sty
Package: epstopdf-base 2020-01-24 v2.11 Base part for package epstopdf
Package epstopdf-base Info: Redefining graphics rule for `.eps' on input line 485.
 (C:\Users\vasco\AppData\Local\Programs\MiKTeX\tex/latex/00miktex\epstopdf-sys.cfg
File: epstopdf-sys.cfg 2021/03/18 v2.0 Configuration of epstopdf for MiKTeX
))
Package hyperref Info: Link coloring OFF on input line 44.
 (Exam_VascoVerwimp_Report.out) (Exam_VascoVerwimp_Report.out)
\@outlinefile=\write5
\openout5 = `Exam_VascoVerwimp_Report.out'.


*geometry* driver: auto-detecting
*geometry* detected driver: pdftex
*geometry* verbose mode - [ preamble ] result:
* driver: pdftex
* paper: a4paper
* layout: <same size as paper>
* layoutoffset:(h,v)=(0.0pt,0.0pt)
* modes: 
* h-part:(L,W,R)=(72.26999pt, 452.9679pt, 72.26999pt)
* v-part:(T,H,B)=(72.26999pt, 700.50687pt, 72.26999pt)
* \paperwidth=597.50787pt
* \paperheight=845.04684pt
* \textwidth=452.9679pt
* \textheight=700.50687pt
* \oddsidemargin=0.0pt
* \evensidemargin=0.0pt
* \topmargin=-37.0pt
* \headheight=12.0pt
* \headsep=25.0pt
* \topskip=12.0pt
* \footskip=30.0pt
* \marginparwidth=35.0pt
* \marginparsep=10.0pt
* \columnsep=10.0pt
* \skip\footins=10.8pt plus 4.0pt minus 2.0pt
* \hoffset=0.0pt
* \voffset=0.0pt
* \mag=1000
* \@twocolumnfalse
* \@twosidefalse
* \@mparswitchfalse
* \@reversemarginfalse
* (1in=72.27pt=25.4mm, 1cm=28.453pt)

Package caption Info: Begin \AtBeginDocument code.
Package caption Info: float package is loaded.
Package caption Info: End \AtBeginDocument code.
Package biblatex Info: Trying to load language 'english'...
Package biblatex Info: ... file 'english.lbx' found.
(C:\Users\vasco\AppData\Local\Programs\MiKTeX\tex/latex/biblatex/lbx\english.lbx
File: english.lbx 2023/03/05 v3.19 biblatex localization (PK/MW)
)
Package biblatex Info: Input encoding 'utf8' detected.
Package biblatex Info: Automatic encoding selection.
(biblatex)             Assuming data encoding 'utf8'.
\openout3 = `Exam_VascoVerwimp_Report.bcf'.

Package biblatex Info: Trying to load bibliographic data...
Package biblatex Info: ... file 'Exam_VascoVerwimp_Report.bbl' found.
 (Exam_VascoVerwimp_Report.bbl)
Package biblatex Info: Reference section=0 on input line 44.
Package biblatex Info: Reference segment=0 on input line 44.
LaTeX Font Info:    Trying to load font information for U+msa on input line 47.
 (C:\Users\vasco\AppData\Local\Programs\MiKTeX\tex/latex/amsfonts\umsa.fd
File: umsa.fd 2013/01/14 v3.01 AMS symbols A
)
LaTeX Font Info:    Trying to load font information for U+msb on input line 47.
 (C:\Users\vasco\AppData\Local\Programs\MiKTeX\tex/latex/amsfonts\umsb.fd
File: umsb.fd 2013/01/14 v3.01 AMS symbols B
) [1

{C:/Users/vasco/AppData/Local/MiKTeX/fonts/map/pdftex/pdftex.map}] (Exam_VascoVerwimp_Report.toc)
\tf@toc=\write6
\openout6 = `Exam_VascoVerwimp_Report.toc'.


pdfTeX warning (ext4): destination with the same identifier (name{page.1}) has been already used, duplicate ignored
<to be read again> 
                   \relax 
l.49 \newpage
              [1

]
Chapter 1.
[2

]
Overfull \hbox (6.75177pt too wide) in paragraph at lines 104--105
[]\OT1/cmr/m/n/12 where $\OMS/cmsy/m/n/12 F$ \OT1/cmr/m/n/12 rep-re-sents the dif-fer-en-tial equa-tion op-er-a-tor: the so-lu-tion $\OML/cmm/m/it/12 u$ \OT1/cmr/m/n/12 has $\OMS/cmsy/m/n/12 F\OT1/cmr/m/n/12 (\OML/cmm/m/it/12 u\OT1/cmr/m/n/12 (\OML/cmm/m/it/12 x; t\OT1/cmr/m/n/12 ))$=0
 []


Package fancyhdr Warning: \headheight is too small (12.0pt): 
(fancyhdr)                Make it at least 14.49998pt, for example:
(fancyhdr)                \setlength{\headheight}{14.49998pt}.
(fancyhdr)                You might also make \topmargin smaller:
(fancyhdr)                \addtolength{\topmargin}{-2.49998pt}.

[3]
Underfull \hbox (badness 10000) in paragraph at lines 170--171

 []


Package fancyhdr Warning: \headheight is too small (12.0pt): 
(fancyhdr)                Make it at least 14.49998pt, for example:
(fancyhdr)                \setlength{\headheight}{14.49998pt}.
(fancyhdr)                You might also make \topmargin smaller:
(fancyhdr)                \addtolength{\topmargin}{-2.49998pt}.

[4]

Package fancyhdr Warning: \headheight is too small (12.0pt): 
(fancyhdr)                Make it at least 14.49998pt, for example:
(fancyhdr)                \setlength{\headheight}{14.49998pt}.
(fancyhdr)                You might also make \topmargin smaller:
(fancyhdr)                \addtolength{\topmargin}{-2.49998pt}.

[5]

Package fancyhdr Warning: \headheight is too small (12.0pt): 
(fancyhdr)                Make it at least 14.49998pt, for example:
(fancyhdr)                \setlength{\headheight}{14.49998pt}.
(fancyhdr)                You might also make \topmargin smaller:
(fancyhdr)                \addtolength{\topmargin}{-2.49998pt}.

[6]
Chapter 2.

Underfull \hbox (badness 10000) in paragraph at lines 273--274

 []

[7

]
Overfull \hbox (10.15733pt too wide) in paragraph at lines 304--304
[]    \OT1/cmtt/m/n/12 Both derivatives are obtained via automatic differentiation through the[] 
 []


Overfull \hbox (22.50734pt too wide) in paragraph at lines 305--305
[]    \OT1/cmtt/m/n/12 network.  create_graph=True on the first call keeps the computation graph[] 
 []


Underfull \hbox (badness 10000) in paragraph at lines 348--352

 []


Package fancyhdr Warning: \headheight is too small (12.0pt): 
(fancyhdr)                Make it at least 14.49998pt, for example:
(fancyhdr)                \setlength{\headheight}{14.49998pt}.
(fancyhdr)                You might also make \topmargin smaller:
(fancyhdr)                \addtolength{\topmargin}{-2.49998pt}.

[8]
Underfull \hbox (badness 10000) in paragraph at lines 353--356

 []


Underfull \hbox (badness 10000) in paragraph at lines 357--360

 []


Package fancyhdr Warning: \headheight is too small (12.0pt): 
(fancyhdr)                Make it at least 14.49998pt, for example:
(fancyhdr)                \setlength{\headheight}{14.49998pt}.
(fancyhdr)                You might also make \topmargin smaller:
(fancyhdr)                \addtolength{\topmargin}{-2.49998pt}.

[9]
Underfull \hbox (badness 10000) in paragraph at lines 369--372

 []


Underfull \hbox (badness 10000) in paragraph at lines 376--379

 []


Package fancyhdr Warning: \headheight is too small (12.0pt): 
(fancyhdr)                Make it at least 14.49998pt, for example:
(fancyhdr)                \setlength{\headheight}{14.49998pt}.
(fancyhdr)                You might also make \topmargin smaller:
(fancyhdr)                \addtolength{\topmargin}{-2.49998pt}.

[10]
Underfull \hbox (badness 10000) in paragraph at lines 380--382

 []


Underfull \hbox (badness 10000) in paragraph at lines 386--388

 []


Package fancyhdr Warning: \headheight is too small (12.0pt): 
(fancyhdr)                Make it at least 14.49998pt, for example:
(fancyhdr)                \setlength{\headheight}{14.49998pt}.
(fancyhdr)                You might also make \topmargin smaller:
(fancyhdr)                \addtolength{\topmargin}{-2.49998pt}.

[11]
Underfull \hbox (badness 10000) in paragraph at lines 392--393

 []


Underfull \hbox (badness 10000) in paragraph at lines 408--409

 []


Package fancyhdr Warning: \headheight is too small (12.0pt): 
(fancyhdr)                Make it at least 14.49998pt, for example:
(fancyhdr)                \setlength{\headheight}{14.49998pt}.
(fancyhdr)                You might also make \topmargin smaller:
(fancyhdr)                \addtolength{\topmargin}{-2.49998pt}.

[12]
Underfull \hbox (badness 10000) in paragraph at lines 416--417

 []


Underfull \hbox (badness 10000) in paragraph at lines 425--427

 []


Underfull \hbox (badness 10000) in paragraph at lines 435--436

 []


Package fancyhdr Warning: \headheight is too small (12.0pt): 
(fancyhdr)                Make it at least 14.49998pt, for example:
(fancyhdr)                \setlength{\headheight}{14.49998pt}.
(fancyhdr)                You might also make \topmargin smaller:
(fancyhdr)                \addtolength{\topmargin}{-2.49998pt}.

[13]
Underfull \hbox (badness 10000) in paragraph at lines 443--444

 []


Underfull \hbox (badness 10000) in paragraph at lines 453--455

 []


Underfull \hbox (badness 10000) in paragraph at lines 465--466

 []


Package fancyhdr Warning: \headheight is too small (12.0pt): 
(fancyhdr)                Make it at least 14.49998pt, for example:
(fancyhdr)                \setlength{\headheight}{14.49998pt}.
(fancyhdr)                You might also make \topmargin smaller:
(fancyhdr)                \addtolength{\topmargin}{-2.49998pt}.

[14]
Underfull \hbox (badness 10000) in paragraph at lines 476--477

 []


Package fancyhdr Warning: \headheight is too small (12.0pt): 
(fancyhdr)                Make it at least 14.49998pt, for example:
(fancyhdr)                \setlength{\headheight}{14.49998pt}.
(fancyhdr)                You might also make \topmargin smaller:
(fancyhdr)                \addtolength{\topmargin}{-2.49998pt}.

[15]

Package fancyhdr Warning: \headheight is too small (12.0pt): 
(fancyhdr)                Make it at least 14.49998pt, for example:
(fancyhdr)                \setlength{\headheight}{14.49998pt}.
(fancyhdr)                You might also make \topmargin smaller:
(fancyhdr)                \addtolength{\topmargin}{-2.49998pt}.

[16]
Chapter 3.
[17

]

Package fancyhdr Warning: \headheight is too small (12.0pt): 
(fancyhdr)                Make it at least 14.49998pt, for example:
(fancyhdr)                \setlength{\headheight}{14.49998pt}.
(fancyhdr)                You might also make \topmargin smaller:
(fancyhdr)                \addtolength{\topmargin}{-2.49998pt}.

[18]

Package fancyhdr Warning: \headheight is too small (12.0pt): 
(fancyhdr)                Make it at least 14.49998pt, for example:
(fancyhdr)                \setlength{\headheight}{14.49998pt}.
(fancyhdr)                You might also make \topmargin smaller:
(fancyhdr)                \addtolength{\topmargin}{-2.49998pt}.

[19]
Overfull \hbox (5.03151pt too wide) in paragraph at lines 546--547
\OT1/cmr/m/n/12 by epoch num-ber. The CPU copy is taken by it-er-at-ing over [][]\OT1/cmtt/m/n/12 model.state_dict().items()
 []


Overfull \hbox (15.08891pt too wide) in paragraph at lines 553--554
[]\OT1/cmr/m/n/12 The plot-ting script be-gins by load-ing the [][]\OT1/cmtt/m/n/12 training_results.pt []\OT1/cmr/m/n/12 bun-dle with [][]\OT1/cmtt/m/n/12 torch.load
 []


Package fancyhdr Warning: \headheight is too small (12.0pt): 
(fancyhdr)                Make it at least 14.49998pt, for example:
(fancyhdr)                \setlength{\headheight}{14.49998pt}.
(fancyhdr)                You might also make \topmargin smaller:
(fancyhdr)                \addtolength{\topmargin}{-2.49998pt}.

[20]
Overfull \hbox (35.07986pt too wide) in paragraph at lines 563--563
[]\OT1/cmr/bx/n/17.28 Differences In Im-ple-men-ta-tion Be-tween The Damped
 []


Package fancyhdr Warning: \headheight is too small (12.0pt): 
(fancyhdr)                Make it at least 14.49998pt, for example:
(fancyhdr)                \setlength{\headheight}{14.49998pt}.
(fancyhdr)                You might also make \topmargin smaller:
(fancyhdr)                \addtolength{\topmargin}{-2.49998pt}.

[21]
<figures/Lr_rough.png, id=294, 578.16pt x 361.35pt>
File: figures/Lr_rough.png Graphic file (type png)
<use figures/Lr_rough.png>
Package pdftex.def Info: figures/Lr_rough.png  used on input line 588.
(pdftex.def)             Requested size: 217.42265pt x 135.88637pt.
<figures/Lr_smooth.png, id=296, 578.16pt x 361.35pt>
File: figures/Lr_smooth.png Graphic file (type png)
<use figures/Lr_smooth.png>
Package pdftex.def Info: figures/Lr_smooth.png  used on input line 594.
(pdftex.def)             Requested size: 217.42265pt x 135.88637pt.


Package fancyhdr Warning: \headheight is too small (12.0pt): 
(fancyhdr)                Make it at least 14.49998pt, for example:
(fancyhdr)                \setlength{\headheight}{14.49998pt}.
(fancyhdr)                You might also make \topmargin smaller:
(fancyhdr)                \addtolength{\topmargin}{-2.49998pt}.

[22]
<figures/weights_rough.png, id=301, 578.16pt x 361.35pt>
File: figures/weights_rough.png Graphic file (type png)
<use figures/weights_rough.png>
Package pdftex.def Info: figures/weights_rough.png  used on input line 605.
(pdftex.def)             Requested size: 217.42265pt x 135.88637pt.
<figures/weights_smooth.png, id=302, 578.16pt x 361.35pt>
File: figures/weights_smooth.png Graphic file (type png)
<use figures/weights_smooth.png>
Package pdftex.def Info: figures/weights_smooth.png  used on input line 611.
(pdftex.def)             Requested size: 217.42265pt x 135.88637pt.
<figures/collocation_smooth.png, id=303, 578.16pt x 361.35pt>
File: figures/collocation_smooth.png Graphic file (type png)
<use figures/collocation_smooth.png>
Package pdftex.def Info: figures/collocation_smooth.png  used on input line 620.
(pdftex.def)             Requested size: 271.7835pt x 169.86209pt.


Package fancyhdr Warning: \headheight is too small (12.0pt): 
(fancyhdr)                Make it at least 14.49998pt, for example:
(fancyhdr)                \setlength{\headheight}{14.49998pt}.
(fancyhdr)                You might also make \topmargin smaller:
(fancyhdr)                \addtolength{\topmargin}{-2.49998pt}.

[23 <./figures/Lr_rough.png> <./figures/Lr_smooth.png> <./figures/weights_rough.png> <./figures/weights_smooth.png>]
<figures/damped_lrparam_vs_rmse_rough.png, id=316, 578.16pt x 361.35pt>
File: figures/damped_lrparam_vs_rmse_rough.png Graphic file (type png)
<use figures/damped_lrparam_vs_rmse_rough.png>
Package pdftex.def Info: figures/damped_lrparam_vs_rmse_rough.png  used on input line 630.
(pdftex.def)             Requested size: 140.41893pt x 87.75684pt.

Underfull \hbox (badness 10000) in paragraph at lines 631--631
[]\OT1/cmr/m/n/10.95 (a) |Coarse search over
 []

<figures/damped_lrparam_vs_w0_diff_rough.png, id=317, 578.16pt x 361.35pt>
File: figures/damped_lrparam_vs_w0_diff_rough.png Graphic file (type png)
<use figures/damped_lrparam_vs_w0_diff_rough.png>
Package pdftex.def Info: figures/damped_lrparam_vs_w0_diff_rough.png  used on input line 636.
(pdftex.def)             Requested size: 140.41893pt x 87.75684pt.

Underfull \hbox (badness 10000) in paragraph at lines 637--637
[]\OT1/cmr/m/n/10.95 (b) |Coarse search over
 []

<figures/damped_lrparam_vs_zeta_diff_rough.png, id=318, 578.16pt x 361.35pt>
File: figures/damped_lrparam_vs_zeta_diff_rough.png Graphic file (type png)
<use figures/damped_lrparam_vs_zeta_diff_rough.png>
Package pdftex.def Info: figures/damped_lrparam_vs_zeta_diff_rough.png  used on input line 642.
(pdftex.def)             Requested size: 140.41893pt x 87.75684pt.

Underfull \hbox (badness 10000) in paragraph at lines 643--643
[]\OT1/cmr/m/n/10.95 (c) |Coarse search over
 []

<figures/damped_lrparam_vs_rmse_zoomed.png, id=319, 578.16pt x 361.35pt>
File: figures/damped_lrparam_vs_rmse_zoomed.png Graphic file (type png)
<use figures/damped_lrparam_vs_rmse_zoomed.png>
Package pdftex.def Info: figures/damped_lrparam_vs_rmse_zoomed.png  used on input line 648.
(pdftex.def)             Requested size: 140.41893pt x 87.75684pt.

Underfull \hbox (badness 10000) in paragraph at lines 649--649
[]\OT1/cmr/m/n/10.95 (d) |Zoomed search over
 []

<figures/damped_lrparam_vs_w0_diff_zoomed.png, id=320, 578.16pt x 361.35pt>
File: figures/damped_lrparam_vs_w0_diff_zoomed.png Graphic file (type png)
<use figures/damped_lrparam_vs_w0_diff_zoomed.png>
Package pdftex.def Info: figures/damped_lrparam_vs_w0_diff_zoomed.png  used on input line 654.
(pdftex.def)             Requested size: 140.41893pt x 87.75684pt.

Underfull \hbox (badness 10000) in paragraph at lines 655--655
[]\OT1/cmr/m/n/10.95 (e) |Zoomed search over
 []

<figures/damped_lrparam_vs_zeta_diff_zoomed.png, id=321, 578.16pt x 361.35pt>
File: figures/damped_lrparam_vs_zeta_diff_zoomed.png Graphic file (type png)
<use figures/damped_lrparam_vs_zeta_diff_zoomed.png>
Package pdftex.def Info: figures/damped_lrparam_vs_zeta_diff_zoomed.png  used on input line 660.
(pdftex.def)             Requested size: 140.41893pt x 87.75684pt.

Underfull \hbox (badness 10000) in paragraph at lines 661--661
[]\OT1/cmr/m/n/10.95 (f) |Zoomed search over
 []

<figures/burger_learning_rate_search_rough.png, id=322, 578.16pt x 361.35pt>
File: figures/burger_learning_rate_search_rough.png Graphic file (type png)
<use figures/burger_learning_rate_search_rough.png>
Package pdftex.def Info: figures/burger_learning_rate_search_rough.png  used on input line 675.
(pdftex.def)             Requested size: 217.42265pt x 135.88637pt.
<figures/burger_learning_rate_search_zoomed.png, id=323, 578.16pt x 361.35pt>
File: figures/burger_learning_rate_search_zoomed.png Graphic file (type png)
<use figures/burger_learning_rate_search_zoomed.png>
Package pdftex.def Info: figures/burger_learning_rate_search_zoomed.png  used on input line 681.
(pdftex.def)             Requested size: 217.42265pt x 135.88637pt.

Package fancyhdr Warning: \headheight is too small (12.0pt): 
(fancyhdr)                Make it at least 14.49998pt, for example:
(fancyhdr)                \setlength{\headheight}{14.49998pt}.
(fancyhdr)                You might also make \topmargin smaller:
(fancyhdr)                \addtolength{\topmargin}{-2.49998pt}.

[24 <./figures/collocation_smooth.png> <./figures/damped_lrparam_vs_rmse_rough.png> <./figures/damped_lrparam_vs_w0_diff_rough.png> <./figures/damped_lrparam_vs_zeta_diff_rough.png> <./figures/damped_lrparam_vs_rmse_zoomed.png> <./figures/damped_lrparam_vs_w0_diff_zoomed.png> <./figures/damped_lrparam_vs_zeta_diff_zoomed.png>]
<figures/burger_weight_search_rough.png, id=338, 578.16pt x 361.35pt>
File: figures/burger_weight_search_rough.png Graphic file (type png)
<use figures/burger_weight_search_rough.png>
Package pdftex.def Info: figures/burger_weight_search_rough.png  used on input line 692.
(pdftex.def)             Requested size: 217.42265pt x 135.88637pt.
<figures/burger_weight_search_zoomed.png, id=339, 578.16pt x 361.35pt>
File: figures/burger_weight_search_zoomed.png Graphic file (type png)
<use figures/burger_weight_search_zoomed.png>
Package pdftex.def Info: figures/burger_weight_search_zoomed.png  used on input line 698.
(pdftex.def)             Requested size: 217.42265pt x 135.88637pt.
<figures/burger_num_collocations_search_rough.png, id=340, 578.16pt x 361.35pt>
File: figures/burger_num_collocations_search_rough.png Graphic file (type png)
<use figures/burger_num_collocations_search_rough.png>
Package pdftex.def Info: figures/burger_num_collocations_search_rough.png  used on input line 709.
(pdftex.def)             Requested size: 217.42265pt x 135.88637pt.
<figures/burger_num_collocations_search.png, id=341, 578.16pt x 361.35pt>
File: figures/burger_num_collocations_search.png Graphic file (type png)
<use figures/burger_num_collocations_search.png>
Package pdftex.def Info: figures/burger_num_collocations_search.png  used on input line 715.
(pdftex.def)             Requested size: 217.42265pt x 135.88637pt.


Package fancyhdr Warning: \headheight is too small (12.0pt): 
(fancyhdr)                Make it at least 14.49998pt, for example:
(fancyhdr)                \setlength{\headheight}{14.49998pt}.
(fancyhdr)                You might also make \topmargin smaller:
(fancyhdr)                \addtolength{\topmargin}{-2.49998pt}.

[25 <./figures/burger_learning_rate_search_rough.png> <./figures/burger_learning_rate_search_zoomed.png> <./figures/burger_weight_search_rough.png> <./figures/burger_weight_search_zoomed.png>]
<figures/burgers_lrparam_vs_rmse_rough.png, id=352, 578.16pt x 361.35pt>
File: figures/burgers_lrparam_vs_rmse_rough.png Graphic file (type png)
<use figures/burgers_lrparam_vs_rmse_rough.png>
Package pdftex.def Info: figures/burgers_lrparam_vs_rmse_rough.png  used on input line 726.
(pdftex.def)             Requested size: 217.42265pt x 135.88637pt.
<figures/burgers_lrparam_vs_v_diff_rough.png, id=353, 578.16pt x 361.35pt>
File: figures/burgers_lrparam_vs_v_diff_rough.png Graphic file (type png)
<use figures/burgers_lrparam_vs_v_diff_rough.png>
Package pdftex.def Info: figures/burgers_lrparam_vs_v_diff_rough.png  used on input line 732.
(pdftex.def)             Requested size: 217.42265pt x 135.88637pt.
<figures/burgers_lrparam_vs_rmse_zoomed.png, id=354, 578.16pt x 361.35pt>
File: figures/burgers_lrparam_vs_rmse_zoomed.png Graphic file (type png)
<use figures/burgers_lrparam_vs_rmse_zoomed.png>
Package pdftex.def Info: figures/burgers_lrparam_vs_rmse_zoomed.png  used on input line 738.
(pdftex.def)             Requested size: 217.42265pt x 135.88637pt.
<figures/burgers_lrparam_vs_v_diff_zoomed.png, id=355, 578.16pt x 361.35pt>
File: figures/burgers_lrparam_vs_v_diff_zoomed.png Graphic file (type png)
<use figures/burgers_lrparam_vs_v_diff_zoomed.png>
Package pdftex.def Info: figures/burgers_lrparam_vs_v_diff_zoomed.png  used on input line 744.
(pdftex.def)             Requested size: 217.42265pt x 135.88637pt.


Package fancyhdr Warning: \headheight is too small (12.0pt): 
(fancyhdr)                Make it at least 14.49998pt, for example:
(fancyhdr)                \setlength{\headheight}{14.49998pt}.
(fancyhdr)                You might also make \topmargin smaller:
(fancyhdr)                \addtolength{\topmargin}{-2.49998pt}.

[26 <./figures/burger_num_collocations_search_rough.png> <./figures/burger_num_collocations_search.png> <./figures/burgers_lrparam_vs_rmse_rough.png> <./figures/burgers_lrparam_vs_v_diff_rough.png> <./figures/burgers_lrparam_vs_rmse_zoomed.png> <./figures/burgers_lrparam_vs_v_diff_zoomed.png>]

Package fancyhdr Warning: \headheight is too small (12.0pt): 
(fancyhdr)                Make it at least 14.49998pt, for example:
(fancyhdr)                \setlength{\headheight}{14.49998pt}.
(fancyhdr)                You might also make \topmargin smaller:
(fancyhdr)                \addtolength{\topmargin}{-2.49998pt}.

[27]
Chapter 4.
<figures/dampedLoss_ex.png, id=380, 786.7794pt x 370.986pt>
File: figures/dampedLoss_ex.png Graphic file (type png)
<use figures/dampedLoss_ex.png>
Package pdftex.def Info: figures/dampedLoss_ex.png  used on input line 774.
(pdftex.def)             Requested size: 407.66833pt x 192.22887pt.
[28

]
<figures/w04.0e+00_zeta1.2e-01_fig2_summary.png, id=392, 1112.4762pt x 755.4624pt>
File: figures/w04.0e+00_zeta1.2e-01_fig2_summary.png Graphic file (type png)
<use figures/w04.0e+00_zeta1.2e-01_fig2_summary.png>
Package pdftex.def Info: figures/w04.0e+00_zeta1.2e-01_fig2_summary.png  used on input line 783.
(pdftex.def)             Requested size: 407.66833pt x 276.83083pt.


Package fancyhdr Warning: \headheight is too small (12.0pt): 
(fancyhdr)                Make it at least 14.49998pt, for example:
(fancyhdr)                \setlength{\headheight}{14.49998pt}.
(fancyhdr)                You might also make \topmargin smaller:
(fancyhdr)                \addtolength{\topmargin}{-2.49998pt}.

[29 <./figures/dampedLoss_ex.png>]
<figures/w02.0e+00_zeta1.2e-01_fig2_summary.png, id=398, 1112.4762pt x 755.4624pt>
File: figures/w02.0e+00_zeta1.2e-01_fig2_summary.png Graphic file (type png)
<use figures/w02.0e+00_zeta1.2e-01_fig2_summary.png>
Package pdftex.def Info: figures/w02.0e+00_zeta1.2e-01_fig2_summary.png  used on input line 790.
(pdftex.def)             Requested size: 407.66833pt x 276.83083pt.
<figures/w04.0e+00_zeta1.0e+00_fig2_summary.png, id=399, 1097.5404pt x 755.4624pt>
File: figures/w04.0e+00_zeta1.0e+00_fig2_summary.png Graphic file (type png)
<use figures/w04.0e+00_zeta1.0e+00_fig2_summary.png>
Package pdftex.def Info: figures/w04.0e+00_zeta1.0e+00_fig2_summary.png  used on input line 797.
(pdftex.def)             Requested size: 407.66833pt x 280.60028pt.


Package fancyhdr Warning: \headheight is too small (12.0pt): 
(fancyhdr)                Make it at least 14.49998pt, for example:
(fancyhdr)                \setlength{\headheight}{14.49998pt}.
(fancyhdr)                You might also make \topmargin smaller:
(fancyhdr)                \addtolength{\topmargin}{-2.49998pt}.

[30 <./figures/w04.0e+00_zeta1.2e-01_fig2_summary.png> <./figures/w02.0e+00_zeta1.2e-01_fig2_summary.png>]
<figures/w02.0e+00_zeta1.0e+00_fig2_summary.png, id=407, 1097.5404pt x 755.4624pt>
File: figures/w02.0e+00_zeta1.0e+00_fig2_summary.png Graphic file (type png)
<use figures/w02.0e+00_zeta1.0e+00_fig2_summary.png>
Package pdftex.def Info: figures/w02.0e+00_zeta1.0e+00_fig2_summary.png  used on input line 804.
(pdftex.def)             Requested size: 407.66833pt x 280.60028pt.
<figures/w04.0e+00_zeta1.5e+00_fig2_summary.png, id=408, 1097.5404pt x 755.4624pt>
File: figures/w04.0e+00_zeta1.5e+00_fig2_summary.png Graphic file (type png)
<use figures/w04.0e+00_zeta1.5e+00_fig2_summary.png>
Package pdftex.def Info: figures/w04.0e+00_zeta1.5e+00_fig2_summary.png  used on input line 811.
(pdftex.def)             Requested size: 407.66833pt x 280.60028pt.


Package fancyhdr Warning: \headheight is too small (12.0pt): 
(fancyhdr)                Make it at least 14.49998pt, for example:
(fancyhdr)                \setlength{\headheight}{14.49998pt}.
(fancyhdr)                You might also make \topmargin smaller:
(fancyhdr)                \addtolength{\topmargin}{-2.49998pt}.

[31 <./figures/w04.0e+00_zeta1.0e+00_fig2_summary.png> <./figures/w02.0e+00_zeta1.0e+00_fig2_summary.png>]
<figures/w02.0e+00_zeta1.5e+00_fig2_summary.png, id=415, 1097.5404pt x 755.4624pt>
File: figures/w02.0e+00_zeta1.5e+00_fig2_summary.png Graphic file (type png)
<use figures/w02.0e+00_zeta1.5e+00_fig2_summary.png>
Package pdftex.def Info: figures/w02.0e+00_zeta1.5e+00_fig2_summary.png  used on input line 818.
(pdftex.def)             Requested size: 407.66833pt x 280.60028pt.
<figures/REVw02.0e+00_zeta1.2e-01_fig2_summary.png, id=419, 1112.4762pt x 755.4624pt>
File: figures/REVw02.0e+00_zeta1.2e-01_fig2_summary.png Graphic file (type png)
<use figures/REVw02.0e+00_zeta1.2e-01_fig2_summary.png>
Package pdftex.def Info: figures/REVw02.0e+00_zeta1.2e-01_fig2_summary.png  used on input line 827.
(pdftex.def)             Requested size: 407.66833pt x 276.83083pt.


Package fancyhdr Warning: \headheight is too small (12.0pt): 
(fancyhdr)                Make it at least 14.49998pt, for example:
(fancyhdr)                \setlength{\headheight}{14.49998pt}.
(fancyhdr)                You might also make \topmargin smaller:
(fancyhdr)                \addtolength{\topmargin}{-2.49998pt}.

[32 <./figures/w04.0e+00_zeta1.5e+00_fig2_summary.png> <./figures/w02.0e+00_zeta1.5e+00_fig2_summary.png>]
<figures/w02.0e+00_zeta1.2e-01_fig3_param_conv.png, id=426, 931.3194pt x 651.3936pt>
File: figures/w02.0e+00_zeta1.2e-01_fig3_param_conv.png Graphic file (type png)
<use figures/w02.0e+00_zeta1.2e-01_fig3_param_conv.png>
Package pdftex.def Info: figures/w02.0e+00_zeta1.2e-01_fig3_param_conv.png  used on input line 834.
(pdftex.def)             Requested size: 407.66833pt x 285.13309pt.


Package fancyhdr Warning: \headheight is too small (12.0pt): 
(fancyhdr)                Make it at least 14.49998pt, for example:
(fancyhdr)                \setlength{\headheight}{14.49998pt}.
(fancyhdr)                You might also make \topmargin smaller:
(fancyhdr)                \addtolength{\topmargin}{-2.49998pt}.

[33 <./figures/REVw02.0e+00_zeta1.2e-01_fig2_summary.png>]
<figures/zeta_predictions.png, id=436, 578.16pt x 361.35pt>
File: figures/zeta_predictions.png Graphic file (type png)
<use figures/zeta_predictions.png>
Package pdftex.def Info: figures/zeta_predictions.png  used on input line 844.
(pdftex.def)             Requested size: 294.42636pt x 184.01588pt.
<figures/zeta_2d.png, id=437, 1156.32pt x 289.08pt>
File: figures/zeta_2d.png Graphic file (type png)
<use figures/zeta_2d.png>
Package pdftex.def Info: figures/zeta_2d.png  used on input line 849.
(pdftex.def)             Requested size: 448.4407pt x 112.10997pt.
<figures/omega0_predictions.png, id=438, 578.16pt x 361.35pt>
File: figures/omega0_predictions.png Graphic file (type png)
<use figures/omega0_predictions.png>
Package pdftex.def Info: figures/omega0_predictions.png  used on input line 860.
(pdftex.def)             Requested size: 294.42636pt x 184.01588pt.
<figures/omega0_2d.png, id=439, 1156.32pt x 289.08pt>
File: figures/omega0_2d.png Graphic file (type png)
<use figures/omega0_2d.png>
Package pdftex.def Info: figures/omega0_2d.png  used on input line 865.
(pdftex.def)             Requested size: 448.4407pt x 112.10997pt.


Package fancyhdr Warning: \headheight is too small (12.0pt): 
(fancyhdr)                Make it at least 14.49998pt, for example:
(fancyhdr)                \setlength{\headheight}{14.49998pt}.
(fancyhdr)                You might also make \topmargin smaller:
(fancyhdr)                \addtolength{\topmargin}{-2.49998pt}.

[34 <./figures/w02.0e+00_zeta1.2e-01_fig3_param_conv.png>]

Package fancyhdr Warning: \headheight is too small (12.0pt): 
(fancyhdr)                Make it at least 14.49998pt, for example:
(fancyhdr)                \setlength{\headheight}{14.49998pt}.
(fancyhdr)                You might also make \topmargin smaller:
(fancyhdr)                \addtolength{\topmargin}{-2.49998pt}.

[35 <./figures/zeta_predictions.png> <./figures/zeta_2d.png>]
<figures/burger_N-wave_1.0e-01_fig1_loss.png, id=464, 786.7794pt x 370.986pt>
File: figures/burger_N-wave_1.0e-01_fig1_loss.png Graphic file (type png)
<use figures/burger_N-wave_1.0e-01_fig1_loss.png>
Package pdftex.def Info: figures/burger_N-wave_1.0e-01_fig1_loss.png  used on input line 895.
(pdftex.def)             Requested size: 407.66833pt x 192.22887pt.


Package fancyhdr Warning: \headheight is too small (12.0pt): 
(fancyhdr)                Make it at least 14.49998pt, for example:
(fancyhdr)                \setlength{\headheight}{14.49998pt}.
(fancyhdr)                You might also make \topmargin smaller:
(fancyhdr)                \addtolength{\topmargin}{-2.49998pt}.

[36 <./figures/omega0_predictions.png> <./figures/omega0_2d.png>]
<figures/burger_Step_1.0e-02_fig2_slices.png, id=472, 1078.2684pt x 661.5114pt>
File: figures/burger_Step_1.0e-02_fig2_slices.png Graphic file (type png)
<use figures/burger_Step_1.0e-02_fig2_slices.png>
Package pdftex.def Info: figures/burger_Step_1.0e-02_fig2_slices.png  used on input line 906.
(pdftex.def)             Requested size: 448.4407pt x 275.11765pt.
<figures/burger_Step_1.0e-02_fig3_heatmaps.png, id=473, 1416.492pt x 697.6464pt>
File: figures/burger_Step_1.0e-02_fig3_heatmaps.png Graphic file (type png)
<use figures/burger_Step_1.0e-02_fig3_heatmaps.png>
Package pdftex.def Info: figures/burger_Step_1.0e-02_fig3_heatmaps.png  used on input line 911.
(pdftex.def)             Requested size: 448.4407pt x 220.86687pt.


Package fancyhdr Warning: \headheight is too small (12.0pt): 
(fancyhdr)                Make it at least 14.49998pt, for example:
(fancyhdr)                \setlength{\headheight}{14.49998pt}.
(fancyhdr)                You might also make \topmargin smaller:
(fancyhdr)                \addtolength{\topmargin}{-2.49998pt}.

[37 <./figures/burger_N-wave_1.0e-01_fig1_loss.png>]
<figures/burger_Step_5.0e-02_fig2_slices.png, id=489, 1078.2684pt x 661.5114pt>
File: figures/burger_Step_5.0e-02_fig2_slices.png Graphic file (type png)
<use figures/burger_Step_5.0e-02_fig2_slices.png>
Package pdftex.def Info: figures/burger_Step_5.0e-02_fig2_slices.png  used on input line 921.
(pdftex.def)             Requested size: 448.4407pt x 275.11765pt.
<figures/burger_Step_5.0e-02_fig3_heatmaps.png, id=490, 1416.492pt x 697.6464pt>
File: figures/burger_Step_5.0e-02_fig3_heatmaps.png Graphic file (type png)
<use figures/burger_Step_5.0e-02_fig3_heatmaps.png>
Package pdftex.def Info: figures/burger_Step_5.0e-02_fig3_heatmaps.png  used on input line 926.
(pdftex.def)             Requested size: 448.4407pt x 220.86687pt.


Package fancyhdr Warning: \headheight is too small (12.0pt): 
(fancyhdr)                Make it at least 14.49998pt, for example:
(fancyhdr)                \setlength{\headheight}{14.49998pt}.
(fancyhdr)                You might also make \topmargin smaller:
(fancyhdr)                \addtolength{\topmargin}{-2.49998pt}.

[38]

Package fancyhdr Warning: \headheight is too small (12.0pt): 
(fancyhdr)                Make it at least 14.49998pt, for example:
(fancyhdr)                \setlength{\headheight}{14.49998pt}.
(fancyhdr)                You might also make \topmargin smaller:
(fancyhdr)                \addtolength{\topmargin}{-2.49998pt}.

[39 <./figures/burger_Step_1.0e-02_fig2_slices.png> <./figures/burger_Step_1.0e-02_fig3_heatmaps.png>]
<figures/burger_Step_1.0e-01_fig2_slices.png, id=501, 1078.2684pt x 661.5114pt>
File: figures/burger_Step_1.0e-01_fig2_slices.png Graphic file (type png)
<use figures/burger_Step_1.0e-01_fig2_slices.png>
Package pdftex.def Info: figures/burger_Step_1.0e-01_fig2_slices.png  used on input line 937.
(pdftex.def)             Requested size: 448.4407pt x 275.11765pt.
<figures/burger_Step_1.0e-01_fig3_heatmaps.png, id=502, 1416.492pt x 697.6464pt>
File: figures/burger_Step_1.0e-01_fig3_heatmaps.png Graphic file (type png)
<use figures/burger_Step_1.0e-01_fig3_heatmaps.png>
Package pdftex.def Info: figures/burger_Step_1.0e-01_fig3_heatmaps.png  used on input line 942.
(pdftex.def)             Requested size: 448.4407pt x 220.86687pt.


Package fancyhdr Warning: \headheight is too small (12.0pt): 
(fancyhdr)                Make it at least 14.49998pt, for example:
(fancyhdr)                \setlength{\headheight}{14.49998pt}.
(fancyhdr)                You might also make \topmargin smaller:
(fancyhdr)                \addtolength{\topmargin}{-2.49998pt}.

[40 <./figures/burger_Step_5.0e-02_fig2_slices.png> <./figures/burger_Step_5.0e-02_fig3_heatmaps.png>]
<figures/burger_Gaussian_1.0e-02_fig2_slices.png, id=509, 1078.2684pt x 661.5114pt>
File: figures/burger_Gaussian_1.0e-02_fig2_slices.png Graphic file (type png)
<use figures/burger_Gaussian_1.0e-02_fig2_slices.png>
Package pdftex.def Info: figures/burger_Gaussian_1.0e-02_fig2_slices.png  used on input line 953.
(pdftex.def)             Requested size: 448.4407pt x 275.11765pt.
<figures/burger_Gaussian_1.0e-02_fig3_heatmaps.png, id=510, 1416.492pt x 697.6464pt>
File: figures/burger_Gaussian_1.0e-02_fig3_heatmaps.png Graphic file (type png)
<use figures/burger_Gaussian_1.0e-02_fig3_heatmaps.png>
Package pdftex.def Info: figures/burger_Gaussian_1.0e-02_fig3_heatmaps.png  used on input line 958.
(pdftex.def)             Requested size: 448.4407pt x 220.86687pt.


Package fancyhdr Warning: \headheight is too small (12.0pt): 
(fancyhdr)                Make it at least 14.49998pt, for example:
(fancyhdr)                \setlength{\headheight}{14.49998pt}.
(fancyhdr)                You might also make \topmargin smaller:
(fancyhdr)                \addtolength{\topmargin}{-2.49998pt}.

[41 <./figures/burger_Step_1.0e-01_fig2_slices.png> <./figures/burger_Step_1.0e-01_fig3_heatmaps.png>]
<figures/burger_Gaussian_5.0e-02_fig2_slices.png, id=517, 1078.2684pt x 661.5114pt>
File: figures/burger_Gaussian_5.0e-02_fig2_slices.png Graphic file (type png)
<use figures/burger_Gaussian_5.0e-02_fig2_slices.png>
Package pdftex.def Info: figures/burger_Gaussian_5.0e-02_fig2_slices.png  used on input line 969.
(pdftex.def)             Requested size: 448.4407pt x 275.11765pt.
<figures/burger_Gaussian_5.0e-02_fig3_heatmaps.png, id=518, 1416.492pt x 697.6464pt>
File: figures/burger_Gaussian_5.0e-02_fig3_heatmaps.png Graphic file (type png)
<use figures/burger_Gaussian_5.0e-02_fig3_heatmaps.png>
Package pdftex.def Info: figures/burger_Gaussian_5.0e-02_fig3_heatmaps.png  used on input line 974.
(pdftex.def)             Requested size: 448.4407pt x 220.86687pt.


Package fancyhdr Warning: \headheight is too small (12.0pt): 
(fancyhdr)                Make it at least 14.49998pt, for example:
(fancyhdr)                \setlength{\headheight}{14.49998pt}.
(fancyhdr)                You might also make \topmargin smaller:
(fancyhdr)                \addtolength{\topmargin}{-2.49998pt}.

[42 <./figures/burger_Gaussian_1.0e-02_fig2_slices.png> <./figures/burger_Gaussian_1.0e-02_fig3_heatmaps.png>]
<figures/burger_Gaussian_1.0e-01_fig2_slices.png, id=526, 1078.2684pt x 661.5114pt>
File: figures/burger_Gaussian_1.0e-01_fig2_slices.png Graphic file (type png)
<use figures/burger_Gaussian_1.0e-01_fig2_slices.png>
Package pdftex.def Info: figures/burger_Gaussian_1.0e-01_fig2_slices.png  used on input line 985.
(pdftex.def)             Requested size: 448.4407pt x 275.11765pt.
<figures/burger_Gaussian_1.0e-01_fig3_heatmaps.png, id=527, 1416.492pt x 697.6464pt>
File: figures/burger_Gaussian_1.0e-01_fig3_heatmaps.png Graphic file (type png)
<use figures/burger_Gaussian_1.0e-01_fig3_heatmaps.png>
Package pdftex.def Info: figures/burger_Gaussian_1.0e-01_fig3_heatmaps.png  used on input line 990.
(pdftex.def)             Requested size: 448.4407pt x 220.86687pt.


Package fancyhdr Warning: \headheight is too small (12.0pt): 
(fancyhdr)                Make it at least 14.49998pt, for example:
(fancyhdr)                \setlength{\headheight}{14.49998pt}.
(fancyhdr)                You might also make \topmargin smaller:
(fancyhdr)                \addtolength{\topmargin}{-2.49998pt}.

[43 <./figures/burger_Gaussian_5.0e-02_fig2_slices.png> <./figures/burger_Gaussian_5.0e-02_fig3_heatmaps.png>]
<figures/burger_N-wave_1.0e-02_fig2_slices.png, id=534, 1078.2684pt x 661.5114pt>
File: figures/burger_N-wave_1.0e-02_fig2_slices.png Graphic file (type png)
<use figures/burger_N-wave_1.0e-02_fig2_slices.png>
Package pdftex.def Info: figures/burger_N-wave_1.0e-02_fig2_slices.png  used on input line 1001.
(pdftex.def)             Requested size: 448.4407pt x 275.11765pt.
<figures/burger_N-wave_1.0e-02_fig3_heatmaps.png, id=535, 1416.492pt x 697.6464pt>
File: figures/burger_N-wave_1.0e-02_fig3_heatmaps.png Graphic file (type png)
<use figures/burger_N-wave_1.0e-02_fig3_heatmaps.png>
Package pdftex.def Info: figures/burger_N-wave_1.0e-02_fig3_heatmaps.png  used on input line 1006.
(pdftex.def)             Requested size: 448.4407pt x 220.86687pt.


Package fancyhdr Warning: \headheight is too small (12.0pt): 
(fancyhdr)                Make it at least 14.49998pt, for example:
(fancyhdr)                \setlength{\headheight}{14.49998pt}.
(fancyhdr)                You might also make \topmargin smaller:
(fancyhdr)                \addtolength{\topmargin}{-2.49998pt}.

[44 <./figures/burger_Gaussian_1.0e-01_fig2_slices.png> <./figures/burger_Gaussian_1.0e-01_fig3_heatmaps.png>]
<figures/burger_N-wave_5.0e-02_fig2_slices.png, id=542, 1078.2684pt x 661.0296pt>
File: figures/burger_N-wave_5.0e-02_fig2_slices.png Graphic file (type png)
<use figures/burger_N-wave_5.0e-02_fig2_slices.png>
Package pdftex.def Info: figures/burger_N-wave_5.0e-02_fig2_slices.png  used on input line 1017.
(pdftex.def)             Requested size: 448.4407pt x 274.91727pt.
<figures/burger_N-wave_5.0e-02_fig3_heatmaps.png, id=543, 1416.492pt x 697.6464pt>
File: figures/burger_N-wave_5.0e-02_fig3_heatmaps.png Graphic file (type png)
<use figures/burger_N-wave_5.0e-02_fig3_heatmaps.png>
Package pdftex.def Info: figures/burger_N-wave_5.0e-02_fig3_heatmaps.png  used on input line 1022.
(pdftex.def)             Requested size: 448.4407pt x 220.86687pt.


Package fancyhdr Warning: \headheight is too small (12.0pt): 
(fancyhdr)                Make it at least 14.49998pt, for example:
(fancyhdr)                \setlength{\headheight}{14.49998pt}.
(fancyhdr)                You might also make \topmargin smaller:
(fancyhdr)                \addtolength{\topmargin}{-2.49998pt}.

[45 <./figures/burger_N-wave_1.0e-02_fig2_slices.png> <./figures/burger_N-wave_1.0e-02_fig3_heatmaps.png>]
<figures/burger_N-wave_1.0e-01_fig2_slices.png, id=550, 1078.2684pt x 661.5114pt>
File: figures/burger_N-wave_1.0e-01_fig2_slices.png Graphic file (type png)
<use figures/burger_N-wave_1.0e-01_fig2_slices.png>
Package pdftex.def Info: figures/burger_N-wave_1.0e-01_fig2_slices.png  used on input line 1033.
(pdftex.def)             Requested size: 448.4407pt x 275.11765pt.
<figures/burger_N-wave_1.0e-01_fig3_heatmaps.png, id=551, 1416.492pt x 697.6464pt>
File: figures/burger_N-wave_1.0e-01_fig3_heatmaps.png Graphic file (type png)
<use figures/burger_N-wave_1.0e-01_fig3_heatmaps.png>
Package pdftex.def Info: figures/burger_N-wave_1.0e-01_fig3_heatmaps.png  used on input line 1038.
(pdftex.def)             Requested size: 448.4407pt x 220.86687pt.


Package fancyhdr Warning: \headheight is too small (12.0pt): 
(fancyhdr)                Make it at least 14.49998pt, for example:
(fancyhdr)                \setlength{\headheight}{14.49998pt}.
(fancyhdr)                You might also make \topmargin smaller:
(fancyhdr)                \addtolength{\topmargin}{-2.49998pt}.

[46 <./figures/burger_N-wave_5.0e-02_fig2_slices.png> <./figures/burger_N-wave_5.0e-02_fig3_heatmaps.png>]
<figures/burger_N-wave_1.0e-01_fig2_slices_extra.png, id=559, 1084.5318pt x 661.5114pt>
File: figures/burger_N-wave_1.0e-01_fig2_slices_extra.png Graphic file (type png)
<use figures/burger_N-wave_1.0e-01_fig2_slices_extra.png>
Package pdftex.def Info: figures/burger_N-wave_1.0e-01_fig2_slices_extra.png  used on input line 1049.
(pdftex.def)             Requested size: 448.4407pt x 273.53291pt.
<figures/burger_N-wave_1.0e-01_fig3_heatmaps_extra.png, id=560, 1416.492pt x 697.6464pt>
File: figures/burger_N-wave_1.0e-01_fig3_heatmaps_extra.png Graphic file (type png)
<use figures/burger_N-wave_1.0e-01_fig3_heatmaps_extra.png>
Package pdftex.def Info: figures/burger_N-wave_1.0e-01_fig3_heatmaps_extra.png  used on input line 1054.
(pdftex.def)             Requested size: 448.4407pt x 220.86687pt.


Package fancyhdr Warning: \headheight is too small (12.0pt): 
(fancyhdr)                Make it at least 14.49998pt, for example:
(fancyhdr)                \setlength{\headheight}{14.49998pt}.
(fancyhdr)                You might also make \topmargin smaller:
(fancyhdr)                \addtolength{\topmargin}{-2.49998pt}.

[47 <./figures/burger_N-wave_1.0e-01_fig2_slices.png> <./figures/burger_N-wave_1.0e-01_fig3_heatmaps.png>]

Package fancyhdr Warning: \headheight is too small (12.0pt): 
(fancyhdr)                Make it at least 14.49998pt, for example:
(fancyhdr)                \setlength{\headheight}{14.49998pt}.
(fancyhdr)                You might also make \topmargin smaller:
(fancyhdr)                \addtolength{\topmargin}{-2.49998pt}.

[48]
<figures/REVburger_N-wave_1.0e-01_fig2_slices.png, id=576, 928.4286pt x 617.6676pt>
File: figures/REVburger_N-wave_1.0e-01_fig2_slices.png Graphic file (type png)
<use figures/REVburger_N-wave_1.0e-01_fig2_slices.png>
Package pdftex.def Info: figures/REVburger_N-wave_1.0e-01_fig2_slices.png  used on input line 1067.
(pdftex.def)             Requested size: 448.4407pt x 298.3432pt.
<figures/REVburger_N-wave_1.0e-01_fig3_heatmaps.png, id=577, 1141.866pt x 563.706pt>
File: figures/REVburger_N-wave_1.0e-01_fig3_heatmaps.png Graphic file (type png)
<use figures/REVburger_N-wave_1.0e-01_fig3_heatmaps.png>
Package pdftex.def Info: figures/REVburger_N-wave_1.0e-01_fig3_heatmaps.png  used on input line 1072.
(pdftex.def)             Requested size: 448.4407pt x 221.38411pt.


Package fancyhdr Warning: \headheight is too small (12.0pt): 
(fancyhdr)                Make it at least 14.49998pt, for example:
(fancyhdr)                \setlength{\headheight}{14.49998pt}.
(fancyhdr)                You might also make \topmargin smaller:
(fancyhdr)                \addtolength{\topmargin}{-2.49998pt}.

[49 <./figures/burger_N-wave_1.0e-01_fig2_slices_extra.png> <./figures/burger_N-wave_1.0e-01_fig3_heatmaps_extra.png>]

Package fancyhdr Warning: \headheight is too small (12.0pt): 
(fancyhdr)                Make it at least 14.49998pt, for example:
(fancyhdr)                \setlength{\headheight}{14.49998pt}.
(fancyhdr)                You might also make \topmargin smaller:
(fancyhdr)                \addtolength{\topmargin}{-2.49998pt}.

[50]
<figures/burger_N-wave_1.0e-01_fig2_nu_evolution.png, id=590, 405.1938pt x 375.804pt>
File: figures/burger_N-wave_1.0e-01_fig2_nu_evolution.png Graphic file (type png)
<use figures/burger_N-wave_1.0e-01_fig2_nu_evolution.png>
Package pdftex.def Info: figures/burger_N-wave_1.0e-01_fig2_nu_evolution.png  used on input line 1081.
(pdftex.def)             Requested size: 407.66833pt x 378.10254pt.


Package fancyhdr Warning: \headheight is too small (12.0pt): 
(fancyhdr)                Make it at least 14.49998pt, for example:
(fancyhdr)                \setlength{\headheight}{14.49998pt}.
(fancyhdr)                You might also make \topmargin smaller:
(fancyhdr)                \addtolength{\topmargin}{-2.49998pt}.

[51 <./figures/REVburger_N-wave_1.0e-01_fig2_slices.png> <./figures/REVburger_N-wave_1.0e-01_fig3_heatmaps.png>]
<figures/viscosity_predictions_Step.png, id=600, 578.16pt x 361.35pt>
File: figures/viscosity_predictions_Step.png Graphic file (type png)
<use figures/viscosity_predictions_Step.png>
Package pdftex.def Info: figures/viscosity_predictions_Step.png  used on input line 1089.
(pdftex.def)             Requested size: 448.4407pt x 280.27493pt.


Package fancyhdr Warning: \headheight is too small (12.0pt): 
(fancyhdr)                Make it at least 14.49998pt, for example:
(fancyhdr)                \setlength{\headheight}{14.49998pt}.
(fancyhdr)                You might also make \topmargin smaller:
(fancyhdr)                \addtolength{\topmargin}{-2.49998pt}.

[52 <./figures/burger_N-wave_1.0e-01_fig2_nu_evolution.png>]
<figures/viscosity_predictions_Gaussian.png, id=609, 578.16pt x 361.35pt>
File: figures/viscosity_predictions_Gaussian.png Graphic file (type png)
<use figures/viscosity_predictions_Gaussian.png>
Package pdftex.def Info: figures/viscosity_predictions_Gaussian.png  used on input line 1097.
(pdftex.def)             Requested size: 448.4407pt x 280.27493pt.
<figures/viscosity_predictions_N-wave.png, id=610, 578.16pt x 361.35pt>
File: figures/viscosity_predictions_N-wave.png Graphic file (type png)
<use figures/viscosity_predictions_N-wave.png>
Package pdftex.def Info: figures/viscosity_predictions_N-wave.png  used on input line 1105.
(pdftex.def)             Requested size: 448.4407pt x 280.27493pt.


Package fancyhdr Warning: \headheight is too small (12.0pt): 
(fancyhdr)                Make it at least 14.49998pt, for example:
(fancyhdr)                \setlength{\headheight}{14.49998pt}.
(fancyhdr)                You might also make \topmargin smaller:
(fancyhdr)                \addtolength{\topmargin}{-2.49998pt}.

[53 <./figures/viscosity_predictions_Step.png> <./figures/viscosity_predictions_Gaussian.png>]

Package fancyhdr Warning: \headheight is too small (12.0pt): 
(fancyhdr)                Make it at least 14.49998pt, for example:
(fancyhdr)                \setlength{\headheight}{14.49998pt}.
(fancyhdr)                You might also make \topmargin smaller:
(fancyhdr)                \addtolength{\topmargin}{-2.49998pt}.

[54 <./figures/viscosity_predictions_N-wave.png>]
Chapter 5.
[55

] (Exam_VascoVerwimp_Report.aux)
 ***********
LaTeX2e <2023-11-01>
L3 programming layer <2023-11-09>
 ***********
Package rerunfilecheck Info: File `Exam_VascoVerwimp_Report.out' has not changed.
(rerunfilecheck)             Checksum: AA13503E2F5EB7869AC304797263ECD0;5666.
Package logreq Info: Writing requests to 'Exam_VascoVerwimp_Report.run.xml'.
\openout1 = `Exam_VascoVerwimp_Report.run.xml'.

 ) 
Here is how much of TeX's memory you used:
 31666 strings out of 474587
 614891 string characters out of 5745701
 1938558 words of memory out of 5000000
 53281 multiletter control sequences out of 15000+600000
 569799 words of font info for 81 fonts, out of 8000000 for 9000
 1141 hyphenation exceptions out of 8191
 83i,12n,87p,1438b,1828s stack positions out of 10000i,1000n,20000p,200000b,200000s
 <C:\Users\vasco\AppData\Local\MiKTeX\fonts/pk/ljfour/jknappen/ec/dpi600\tcrm1200.pk><C:/Users/vasco/AppData/Local/Programs/MiKTeX/fonts/type1/public/amsfonts/cm/cmbx12.pfb><C:/Users/vasco/AppData/Local/Programs/MiKTeX/fonts/type1/public/amsfonts/cm/cmex10.pfb><C:/Users/vasco/AppData/Local/Programs/MiKTeX/fonts/type1/public/amsfonts/cm/cmmi10.pfb><C:/Users/vasco/AppData/Local/Programs/MiKTeX/fonts/type1/public/amsfonts/cm/cmmi12.pfb><C:/Users/vasco/AppData/Local/Programs/MiKTeX/fonts/type1/public/amsfonts/cm/cmmi6.pfb><C:/Users/vasco/AppData/Local/Programs/MiKTeX/fonts/type1/public/amsfonts/cm/cmmi8.pfb><C:/Users/vasco/AppData/Local/Programs/MiKTeX/fonts/type1/public/amsfonts/cm/cmr10.pfb><C:/Users/vasco/AppData/Local/Programs/MiKTeX/fonts/type1/public/amsfonts/cm/cmr12.pfb><C:/Users/vasco/AppData/Local/Programs/MiKTeX/fonts/type1/public/amsfonts/cm/cmr6.pfb><C:/Users/vasco/AppData/Local/Programs/MiKTeX/fonts/type1/public/amsfonts/cm/cmr8.pfb><C:/Users/vasco/AppData/Local/Programs/MiKTeX/fonts/type1/public/amsfonts/cm/cmsy10.pfb><C:/Users/vasco/AppData/Local/Programs/MiKTeX/fonts/type1/public/amsfonts/cm/cmsy8.pfb><C:/Users/vasco/AppData/Local/Programs/MiKTeX/fonts/type1/public/amsfonts/cm/cmtt12.pfb>
Output written on Exam_VascoVerwimp_Report.pdf (56 pages, 8375551 bytes).
PDF statistics:
 721 PDF objects out of 1000 (max. 8388607)
 151 named destinations out of 1000 (max. 500000)
 566 words of extra memory for PDF output out of 10000 (max. 10000000)

